Component: ARM Compiler 5.06 update 5 (build 528) Tool: armlink [4d35e2]

==============================================================================

Image Symbol Table

    Local Symbols

    Symbol Name                              Value     Ov Type        Size  Object(Section)

    RESET                                    0x00000000   Section      192  startup_cw32f003.o(RESET)
    ../clib/microlib/division.c              0x00000000   Number         0  uidiv.o ABSOLUTE
    ../clib/microlib/division.c              0x00000000   Number         0  uldiv.o ABSOLUTE
    ../clib/microlib/init/entry.s            0x00000000   Number         0  entry.o ABSOLUTE
    ../clib/microlib/init/entry.s            0x00000000   Number         0  entry8b.o ABSOLUTE
    ../clib/microlib/init/entry.s            0x00000000   Number         0  entry9a.o ABSOLUTE
    ../clib/microlib/init/entry.s            0x00000000   Number         0  entry11a.o ABSOLUTE
    ../clib/microlib/init/entry.s            0x00000000   Number         0  entry10b.o ABSOLUTE
    ../clib/microlib/init/entry.s            0x00000000   Number         0  entry10a.o ABSOLUTE
    ../clib/microlib/init/entry.s            0x00000000   Number         0  entry9b.o ABSOLUTE
    ../clib/microlib/init/entry.s            0x00000000   Number         0  entry11b.o ABSOLUTE
    ../clib/microlib/init/entry.s            0x00000000   Number         0  entry2.o ABSOLUTE
    ../clib/microlib/init/entry.s            0x00000000   Number         0  entry5.o ABSOLUTE
    ../clib/microlib/init/entry.s            0x00000000   Number         0  entry7a.o ABSOLUTE
    ../clib/microlib/init/entry.s            0x00000000   Number         0  entry7b.o ABSOLUTE
    ../clib/microlib/init/entry.s            0x00000000   Number         0  entry8a.o ABSOLUTE
    ../clib/microlib/longlong.c              0x00000000   Number         0  llsshr.o ABSOLUTE
    ../clib/microlib/longlong.c              0x00000000   Number         0  llushr.o ABSOLUTE
    ../clib/microlib/longlong.c              0x00000000   Number         0  llshl.o ABSOLUTE
    ../clib/microlib/printf/printf.c         0x00000000   Number         0  printf3.o ABSOLUTE
    ../clib/microlib/printf/printf.c         0x00000000   Number         0  printf2.o ABSOLUTE
    ../clib/microlib/printf/printf.c         0x00000000   Number         0  printf4.o ABSOLUTE
    ../clib/microlib/printf/printf.c         0x00000000   Number         0  printf5.o ABSOLUTE
    ../clib/microlib/printf/printf.c         0x00000000   Number         0  printf7.o ABSOLUTE
    ../clib/microlib/printf/printf.c         0x00000000   Number         0  printfb.o ABSOLUTE
    ../clib/microlib/printf/printf.c         0x00000000   Number         0  printf8.o ABSOLUTE
    ../clib/microlib/printf/printf.c         0x00000000   Number         0  printfa.o ABSOLUTE
    ../clib/microlib/printf/printf.c         0x00000000   Number         0  printf6.o ABSOLUTE
    ../clib/microlib/printf/printf.c         0x00000000   Number         0  printf1.o ABSOLUTE
    ../clib/microlib/printf/printf.c         0x00000000   Number         0  printf0.o ABSOLUTE
    ../clib/microlib/printf/stubs.s          0x00000000   Number         0  stubs.o ABSOLUTE
    ../clib/microlib/stdio/streams.c         0x00000000   Number         0  stdout.o ABSOLUTE
    ../clib/microlib/string/memcpy.c         0x00000000   Number         0  memcpyb.o ABSOLUTE
    ../clib/microlib/string/memcpy.c         0x00000000   Number         0  memcpya.o ABSOLUTE
    ../clib/microlib/string/strcat.c         0x00000000   Number         0  strcat.o ABSOLUTE
    ../clib/microlib/stubs.s                 0x00000000   Number         0  iusefp.o ABSOLUTE
    ../fplib/microlib/f2d.c                  0x00000000   Number         0  f2d.o ABSOLUTE
    ../fplib/microlib/fpadd.c                0x00000000   Number         0  dadd.o ABSOLUTE
    ../fplib/microlib/fpadd.c                0x00000000   Number         0  fadd.o ABSOLUTE
    ../fplib/microlib/fpdiv.c                0x00000000   Number         0  fdiv.o ABSOLUTE
    ../fplib/microlib/fpdiv.c                0x00000000   Number         0  ddiv.o ABSOLUTE
    ../fplib/microlib/fpepilogue.c           0x00000000   Number         0  fepilogue.o ABSOLUTE
    ../fplib/microlib/fpepilogue.c           0x00000000   Number         0  depilogue.o ABSOLUTE
    ../fplib/microlib/fpfix.c                0x00000000   Number         0  ffixui.o ABSOLUTE
    ../fplib/microlib/fpfix.c                0x00000000   Number         0  dfixul.o ABSOLUTE
    ../fplib/microlib/fpfix.c                0x00000000   Number         0  dfixui.o ABSOLUTE
    ../fplib/microlib/fpflt.c                0x00000000   Number         0  ffltui.o ABSOLUTE
    ../fplib/microlib/fpflt.c                0x00000000   Number         0  fflti.o ABSOLUTE
    ../fplib/microlib/fpmul.c                0x00000000   Number         0  fmul.o ABSOLUTE
    ../fplib/microlib/fpmul.c                0x00000000   Number         0  dmul.o ABSOLUTE
    ..\Libraries\src\cw32f003_adc.c          0x00000000   Number         0  cw32f003_adc.o ABSOLUTE
    ..\Libraries\src\cw32f003_atim.c         0x00000000   Number         0  cw32f003_atim.o ABSOLUTE
    ..\Libraries\src\cw32f003_awt.c          0x00000000   Number         0  cw32f003_awt.o ABSOLUTE
    ..\Libraries\src\cw32f003_btim.c         0x00000000   Number         0  cw32f003_btim.o ABSOLUTE
    ..\Libraries\src\cw32f003_crc.c          0x00000000   Number         0  cw32f003_crc.o ABSOLUTE
    ..\Libraries\src\cw32f003_debug.c        0x00000000   Number         0  cw32f003_debug.o ABSOLUTE
    ..\Libraries\src\cw32f003_digitalsign.c  0x00000000   Number         0  cw32f003_digitalsign.o ABSOLUTE
    ..\Libraries\src\cw32f003_flash.c        0x00000000   Number         0  cw32f003_flash.o ABSOLUTE
    ..\Libraries\src\cw32f003_gpio.c         0x00000000   Number         0  cw32f003_gpio.o ABSOLUTE
    ..\Libraries\src\cw32f003_gtim.c         0x00000000   Number         0  cw32f003_gtim.o ABSOLUTE
    ..\Libraries\src\cw32f003_i2c.c          0x00000000   Number         0  cw32f003_i2c.o ABSOLUTE
    ..\Libraries\src\cw32f003_iwdt.c         0x00000000   Number         0  cw32f003_iwdt.o ABSOLUTE
    ..\Libraries\src\cw32f003_lvd.c          0x00000000   Number         0  cw32f003_lvd.o ABSOLUTE
    ..\Libraries\src\cw32f003_pwr.c          0x00000000   Number         0  cw32f003_pwr.o ABSOLUTE
    ..\Libraries\src\cw32f003_ram.c          0x00000000   Number         0  cw32f003_ram.o ABSOLUTE
    ..\Libraries\src\cw32f003_rcc.c          0x00000000   Number         0  cw32f003_rcc.o ABSOLUTE
    ..\Libraries\src\cw32f003_spi.c          0x00000000   Number         0  cw32f003_spi.o ABSOLUTE
    ..\Libraries\src\cw32f003_systick.c      0x00000000   Number         0  cw32f003_systick.o ABSOLUTE
    ..\Libraries\src\cw32f003_uart.c         0x00000000   Number         0  cw32f003_uart.o ABSOLUTE
    ..\Libraries\src\cw32f003_vc.c           0x00000000   Number         0  cw32f003_vc.o ABSOLUTE
    ..\Libraries\src\cw32f003_wwdt.c         0x00000000   Number         0  cw32f003_wwdt.o ABSOLUTE
    ..\Libraries\src\system_cw32f003.c       0x00000000   Number         0  system_cw32f003.o ABSOLUTE
    ..\USER\src\ac_measurement.c             0x00000000   Number         0  ac_measurement.o ABSOLUTE
    ..\USER\src\adc_driver.c                 0x00000000   Number         0  adc_driver.o ABSOLUTE
    ..\USER\src\charging_sm.c                0x00000000   Number         0  charging_sm.o ABSOLUTE
    ..\USER\src\contactor_control.c          0x00000000   Number         0  contactor_control.o ABSOLUTE
    ..\USER\src\cp_signal.c                  0x00000000   Number         0  cp_signal.o ABSOLUTE
    ..\USER\src\interrupts_cw32f003.c        0x00000000   Number         0  interrupts_cw32f003.o ABSOLUTE
    ..\USER\src\main.c                       0x00000000   Number         0  main.o ABSOLUTE
    ..\USER\src\oled_driver.c                0x00000000   Number         0  oled_driver.o ABSOLUTE
    ..\USER\src\pp_signal.c                  0x00000000   Number         0  pp_signal.o ABSOLUTE
    ..\USER\src\pwm_driver.c                 0x00000000   Number         0  pwm_driver.o ABSOLUTE
    ..\USER\src\uart_driver.c                0x00000000   Number         0  uart_driver.o ABSOLUTE
    ..\USER\src\ui_display.c                 0x00000000   Number         0  ui_display.o ABSOLUTE
    ..\\Libraries\\src\\cw32f003_adc.c       0x00000000   Number         0  cw32f003_adc.o ABSOLUTE
    ..\\Libraries\\src\\cw32f003_atim.c      0x00000000   Number         0  cw32f003_atim.o ABSOLUTE
    ..\\Libraries\\src\\cw32f003_awt.c       0x00000000   Number         0  cw32f003_awt.o ABSOLUTE
    ..\\Libraries\\src\\cw32f003_btim.c      0x00000000   Number         0  cw32f003_btim.o ABSOLUTE
    ..\\Libraries\\src\\cw32f003_crc.c       0x00000000   Number         0  cw32f003_crc.o ABSOLUTE
    ..\\Libraries\\src\\cw32f003_debug.c     0x00000000   Number         0  cw32f003_debug.o ABSOLUTE
    ..\\Libraries\\src\\cw32f003_digitalsign.c 0x00000000   Number         0  cw32f003_digitalsign.o ABSOLUTE
    ..\\Libraries\\src\\cw32f003_flash.c     0x00000000   Number         0  cw32f003_flash.o ABSOLUTE
    ..\\Libraries\\src\\cw32f003_gpio.c      0x00000000   Number         0  cw32f003_gpio.o ABSOLUTE
    ..\\Libraries\\src\\cw32f003_gtim.c      0x00000000   Number         0  cw32f003_gtim.o ABSOLUTE
    ..\\Libraries\\src\\cw32f003_i2c.c       0x00000000   Number         0  cw32f003_i2c.o ABSOLUTE
    ..\\Libraries\\src\\cw32f003_iwdt.c      0x00000000   Number         0  cw32f003_iwdt.o ABSOLUTE
    ..\\Libraries\\src\\cw32f003_lvd.c       0x00000000   Number         0  cw32f003_lvd.o ABSOLUTE
    ..\\Libraries\\src\\cw32f003_pwr.c       0x00000000   Number         0  cw32f003_pwr.o ABSOLUTE
    ..\\Libraries\\src\\cw32f003_ram.c       0x00000000   Number         0  cw32f003_ram.o ABSOLUTE
    ..\\Libraries\\src\\cw32f003_rcc.c       0x00000000   Number         0  cw32f003_rcc.o ABSOLUTE
    ..\\Libraries\\src\\cw32f003_spi.c       0x00000000   Number         0  cw32f003_spi.o ABSOLUTE
    ..\\Libraries\\src\\cw32f003_systick.c   0x00000000   Number         0  cw32f003_systick.o ABSOLUTE
    ..\\Libraries\\src\\cw32f003_uart.c      0x00000000   Number         0  cw32f003_uart.o ABSOLUTE
    ..\\Libraries\\src\\cw32f003_vc.c        0x00000000   Number         0  cw32f003_vc.o ABSOLUTE
    ..\\Libraries\\src\\cw32f003_wwdt.c      0x00000000   Number         0  cw32f003_wwdt.o ABSOLUTE
    ..\\Libraries\\src\\system_cw32f003.c    0x00000000   Number         0  system_cw32f003.o ABSOLUTE
    ..\\USER\\src\\ac_measurement.c          0x00000000   Number         0  ac_measurement.o ABSOLUTE
    ..\\USER\\src\\adc_driver.c              0x00000000   Number         0  adc_driver.o ABSOLUTE
    ..\\USER\\src\\charging_sm.c             0x00000000   Number         0  charging_sm.o ABSOLUTE
    ..\\USER\\src\\contactor_control.c       0x00000000   Number         0  contactor_control.o ABSOLUTE
    ..\\USER\\src\\cp_signal.c               0x00000000   Number         0  cp_signal.o ABSOLUTE
    ..\\USER\\src\\interrupts_cw32f003.c     0x00000000   Number         0  interrupts_cw32f003.o ABSOLUTE
    ..\\USER\\src\\main.c                    0x00000000   Number         0  main.o ABSOLUTE
    ..\\USER\\src\\oled_driver.c             0x00000000   Number         0  oled_driver.o ABSOLUTE
    ..\\USER\\src\\pp_signal.c               0x00000000   Number         0  pp_signal.o ABSOLUTE
    ..\\USER\\src\\pwm_driver.c              0x00000000   Number         0  pwm_driver.o ABSOLUTE
    ..\\USER\\src\\uart_driver.c             0x00000000   Number         0  uart_driver.o ABSOLUTE
    ..\\USER\\src\\ui_display.c              0x00000000   Number         0  ui_display.o ABSOLUTE
    ..\startup_cw32f003.s                    0x00000000   Number         0  startup_cw32f003.o ABSOLUTE
    cdrcmple.s                               0x00000000   Number         0  cdrcmple.o ABSOLUTE
    dc.s                                     0x00000000   Number         0  dc.o ABSOLUTE
    handlers.s                               0x00000000   Number         0  handlers.o ABSOLUTE
    init.s                                   0x00000000   Number         0  init.o ABSOLUTE
    .ARM.Collect$$$$00000000                 0x000000c0   Section        0  entry.o(.ARM.Collect$$$$00000000)
    .ARM.Collect$$$$00000001                 0x000000c0   Section        4  entry2.o(.ARM.Collect$$$$00000001)
    .ARM.Collect$$$$00000004                 0x000000c4   Section        4  entry5.o(.ARM.Collect$$$$00000004)
    .ARM.Collect$$$$00000008                 0x000000c8   Section        0  entry7b.o(.ARM.Collect$$$$00000008)
    .ARM.Collect$$$$0000000A                 0x000000c8   Section        0  entry8b.o(.ARM.Collect$$$$0000000A)
    .ARM.Collect$$$$0000000B                 0x000000c8   Section        8  entry9a.o(.ARM.Collect$$$$0000000B)
    .ARM.Collect$$$$0000000D                 0x000000d0   Section        0  entry10a.o(.ARM.Collect$$$$0000000D)
    .ARM.Collect$$$$0000000F                 0x000000d0   Section        0  entry11a.o(.ARM.Collect$$$$0000000F)
    .ARM.Collect$$$$00002712                 0x000000d0   Section        4  entry2.o(.ARM.Collect$$$$00002712)
    __lit__00000000                          0x000000d0   Data           4  entry2.o(.ARM.Collect$$$$00002712)
    .text                                    0x000000d4   Section       60  startup_cw32f003.o(.text)
    .text                                    0x00000110   Section        0  uidiv.o(.text)
    .text                                    0x0000013c   Section        0  memcpya.o(.text)
    .text                                    0x00000160   Section        0  strcat.o(.text)
    .text                                    0x00000178   Section        0  fadd.o(.text)
    .text                                    0x0000022a   Section        0  fmul.o(.text)
    .text                                    0x000002a4   Section        0  fdiv.o(.text)
    .text                                    0x00000320   Section        0  dadd.o(.text)
    .text                                    0x00000484   Section        0  ffltui.o(.text)
    .text                                    0x00000492   Section        0  ffixui.o(.text)
    .text                                    0x000004bc   Section        0  dfixui.o(.text)
    .text                                    0x000004f8   Section        0  f2d.o(.text)
    .text                                    0x00000520   Section        0  uldiv.o(.text)
    .text                                    0x00000580   Section        0  llshl.o(.text)
    .text                                    0x000005a0   Section        0  llushr.o(.text)
    .text                                    0x000005c2   Section        0  llsshr.o(.text)
    .text                                    0x000005e8   Section        0  fepilogue.o(.text)
    .text                                    0x000005e8   Section        0  iusefp.o(.text)
    .text                                    0x0000066a   Section        0  depilogue.o(.text)
    .text                                    0x00000728   Section        0  dmul.o(.text)
    .text                                    0x000007f8   Section        0  ddiv.o(.text)
    .text                                    0x000008e8   Section        0  dfixul.o(.text)
    .text                                    0x00000928   Section       40  cdrcmple.o(.text)
    .text                                    0x00000950   Section       36  init.o(.text)
    i.AC_GetCurrent                          0x00000974   Section        0  ac_measurement.o(i.AC_GetCurrent)
    i.AC_Measurement_Init                    0x00000980   Section        0  ac_measurement.o(i.AC_Measurement_Init)
    i.ADC_BufEnSingleCh                      0x00000998   Section        0  cw32f003_adc.o(i.ADC_BufEnSingleCh)
    i.ADC_ClearITPendingBit                  0x000009dc   Section        0  cw32f003_adc.o(i.ADC_ClearITPendingBit)
    i.ADC_DeInit                             0x000009ec   Section        0  cw32f003_adc.o(i.ADC_DeInit)
    i.ADC_Driver_Init                        0x00000a0c   Section        0  adc_driver.o(i.ADC_Driver_Init)
    i.ADC_Enable                             0x00000aa4   Section        0  cw32f003_adc.o(i.ADC_Enable)
    i.ADC_GetConversionValue                 0x00000ac4   Section        0  cw32f003_adc.o(i.ADC_GetConversionValue)
    i.ADC_GetITStatus                        0x00000ad0   Section        0  cw32f003_adc.o(i.ADC_GetITStatus)
    i.ADC_IRQHandler                         0x00000ae8   Section        0  interrupts_cw32f003.o(i.ADC_IRQHandler)
    i.ADC_Init                               0x00000aec   Section        0  cw32f003_adc.o(i.ADC_Init)
    i.ADC_Read_Channel_Raw                   0x00000b70   Section        0  adc_driver.o(i.ADC_Read_Channel_Raw)
    i.ADC_SingleChCommon                     0x00000bd0   Section        0  cw32f003_adc.o(i.ADC_SingleChCommon)
    i.ADC_SingleChOneModeCfg                 0x00000c10   Section        0  cw32f003_adc.o(i.ADC_SingleChOneModeCfg)
    i.ADC_SoftwareStartConvCmd               0x00000c2c   Section        0  cw32f003_adc.o(i.ADC_SoftwareStartConvCmd)
    i.ADC_WdtConfig                          0x00000c50   Section        0  cw32f003_adc.o(i.ADC_WdtConfig)
    i.ADC_WdtInit                            0x00000ca4   Section        0  cw32f003_adc.o(i.ADC_WdtInit)
    i.ATIM_ClearITPendingBit                 0x00000cc0   Section        0  cw32f003_atim.o(i.ATIM_ClearITPendingBit)
    i.ATIM_Cmd                               0x00000ccc   Section        0  cw32f003_atim.o(i.ATIM_Cmd)
    i.ATIM_CtrlPWMOutputs                    0x00000ce4   Section        0  cw32f003_atim.o(i.ATIM_CtrlPWMOutputs)
    i.ATIM_GetITStatus                       0x00000d04   Section        0  cw32f003_atim.o(i.ATIM_GetITStatus)
    i.ATIM_IRQHandler                        0x00000d1c   Section        0  interrupts_cw32f003.o(i.ATIM_IRQHandler)
    i.ATIM_Init                              0x00000d30   Section        0  cw32f003_atim.o(i.ATIM_Init)
    i.ATIM_OC2BInit                          0x00000d98   Section        0  cw32f003_atim.o(i.ATIM_OC2BInit)
    i.ATIM_SetCompare2B                      0x00000dec   Section        0  cw32f003_atim.o(i.ATIM_SetCompare2B)
    i.AWT_IRQHandler                         0x00000df8   Section        0  interrupts_cw32f003.o(i.AWT_IRQHandler)
    i.BTIM1_IRQHandler                       0x00000dfa   Section        0  interrupts_cw32f003.o(i.BTIM1_IRQHandler)
    i.BTIM2_IRQHandler                       0x00000dfc   Section        0  interrupts_cw32f003.o(i.BTIM2_IRQHandler)
    i.BTIM3_IRQHandler                       0x00000dfe   Section        0  interrupts_cw32f003.o(i.BTIM3_IRQHandler)
    i.CP_ReadState                           0x00000e00   Section        0  cp_signal.o(i.CP_ReadState)
    i.CP_SetMaxCurrentPWM                    0x00000e50   Section        0  cp_signal.o(i.CP_SetMaxCurrentPWM)
    i.CP_Signal_Init                         0x00000ea4   Section        0  cp_signal.o(i.CP_Signal_Init)
    i.Contactor_Close                        0x00000f18   Section        0  contactor_control.o(i.Contactor_Close)
    i.Contactor_Init                         0x00000f34   Section        0  contactor_control.o(i.Contactor_Init)
    i.Contactor_Open                         0x00000f50   Section        0  contactor_control.o(i.Contactor_Open)
    i.Error_Handler                          0x00000f6c   Section        0  main.o(i.Error_Handler)
    Error_Handler                            0x00000f6d   Thumb Code    10  main.o(i.Error_Handler)
    i.FLASHRAM_IRQHandler                    0x00000fac   Section        0  interrupts_cw32f003.o(i.FLASHRAM_IRQHandler)
    i.FLASH_SetLatency                       0x00000fb0   Section        0  cw32f003_flash.o(i.FLASH_SetLatency)
    i.FirmwareDelay                          0x00000fd4   Section        0  system_cw32f003.o(i.FirmwareDelay)
    i.GPIOA_IRQHandler                       0x00000fe6   Section        0  interrupts_cw32f003.o(i.GPIOA_IRQHandler)
    i.GPIOB_IRQHandler                       0x00000fe8   Section        0  interrupts_cw32f003.o(i.GPIOB_IRQHandler)
    i.GPIOC_IRQHandler                       0x00000fea   Section        0  interrupts_cw32f003.o(i.GPIOC_IRQHandler)
    i.GPIO_Init                              0x00000fec   Section        0  cw32f003_gpio.o(i.GPIO_Init)
    i.GPIO_WritePin                          0x000010ce   Section        0  cw32f003_gpio.o(i.GPIO_WritePin)
    i.GTIM_IRQHandler                        0x000010da   Section        0  interrupts_cw32f003.o(i.GTIM_IRQHandler)
    i.GetTick                                0x000010dc   Section        0  cw32f003_systick.o(i.GetTick)
    i.HardFault_Handler                      0x000010e8   Section        0  interrupts_cw32f003.o(i.HardFault_Handler)
    i.I2C_AcknowledgeConfig                  0x000010ec   Section        0  cw32f003_i2c.o(i.I2C_AcknowledgeConfig)
    i.I2C_BaudGeneratorEnable                0x00001114   Section        0  cw32f003_i2c.o(i.I2C_BaudGeneratorEnable)
    i.I2C_ClearIrq                           0x0000113c   Section        0  cw32f003_i2c.o(i.I2C_ClearIrq)
    i.I2C_Cmd                                0x00001150   Section        0  cw32f003_i2c.o(i.I2C_Cmd)
    i.I2C_DeInit                             0x00001178   Section        0  cw32f003_i2c.o(i.I2C_DeInit)
    i.I2C_FilterConfig                       0x000011a4   Section        0  cw32f003_i2c.o(i.I2C_FilterConfig)
    i.I2C_GenerateSTART                      0x000011cc   Section        0  cw32f003_i2c.o(i.I2C_GenerateSTART)
    i.I2C_GenerateSTOP                       0x00001230   Section        0  cw32f003_i2c.o(i.I2C_GenerateSTOP)
    i.I2C_GetIrq                             0x00001258   Section        0  cw32f003_i2c.o(i.I2C_GetIrq)
    i.I2C_GetState                           0x00001268   Section        0  cw32f003_i2c.o(i.I2C_GetState)
    i.I2C_IRQHandler                         0x00001274   Section        0  interrupts_cw32f003.o(i.I2C_IRQHandler)
    i.I2C_Master_Init                        0x00001276   Section        0  cw32f003_i2c.o(i.I2C_Master_Init)
    i.I2C_Send7bitAddress                    0x000012a0   Section        0  cw32f003_i2c.o(i.I2C_Send7bitAddress)
    i.I2C_SendData                           0x000012b8   Section        0  cw32f003_i2c.o(i.I2C_SendData)
    i.I2C_SetBaud                            0x000012c4   Section        0  cw32f003_i2c.o(i.I2C_SetBaud)
    i.IWDT_Cmd                               0x000012d0   Section        0  cw32f003_iwdt.o(i.IWDT_Cmd)
    i.IWDT_Init                              0x000012e0   Section        0  cw32f003_iwdt.o(i.IWDT_Init)
    i.IWDT_Refresh                           0x00001344   Section        0  cw32f003_iwdt.o(i.IWDT_Refresh)
    i.IWDT_Unlock                            0x00001354   Section        0  cw32f003_iwdt.o(i.IWDT_Unlock)
    i.InitTick                               0x00001364   Section        0  cw32f003_systick.o(i.InitTick)
    i.LVD_IRQHandler                         0x000013d0   Section        0  interrupts_cw32f003.o(i.LVD_IRQHandler)
    i.NMI_Handler                            0x000013d2   Section        0  interrupts_cw32f003.o(i.NMI_Handler)
    i.OLED_Clear                             0x000013d4   Section        0  oled_driver.o(i.OLED_Clear)
    i.OLED_Init                              0x00001400   Section        0  oled_driver.o(i.OLED_Init)
    i.OLED_SetCursor                         0x00001524   Section        0  oled_driver.o(i.OLED_SetCursor)
    i.OLED_ShowChar                          0x00001550   Section        0  oled_driver.o(i.OLED_ShowChar)
    i.OLED_ShowString                        0x000015e8   Section        0  oled_driver.o(i.OLED_ShowString)
    i.OLED_WriteBytes                        0x00001658   Section        0  oled_driver.o(i.OLED_WriteBytes)
    i.OLED_WriteCommand                      0x00001740   Section        0  oled_driver.o(i.OLED_WriteCommand)
    i.OLED_WriteData                         0x0000174e   Section        0  oled_driver.o(i.OLED_WriteData)
    i.PP_GetCableCapacity                    0x0000175c   Section        0  pp_signal.o(i.PP_GetCableCapacity)
    i.PP_Signal_Init                         0x000017e0   Section        0  pp_signal.o(i.PP_Signal_Init)
    i.PWM_Driver_Init                        0x000017f8   Section        0  pwm_driver.o(i.PWM_Driver_Init)
    i.PWM_Set_DutyCycle                      0x00001978   Section        0  pwm_driver.o(i.PWM_Set_DutyCycle)
    i.PWM_Start                              0x000019b4   Section        0  pwm_driver.o(i.PWM_Start)
    i.PendSV_Handler                         0x000019be   Section        0  interrupts_cw32f003.o(i.PendSV_Handler)
    i.RCC_AHBPeriphClk_Enable                0x000019c0   Section        0  cw32f003_rcc.o(i.RCC_AHBPeriphClk_Enable)
    i.RCC_APBPeriphClk_Enable1               0x000019e0   Section        0  cw32f003_rcc.o(i.RCC_APBPeriphClk_Enable1)
    i.RCC_APBPeriphClk_Enable2               0x00001a00   Section        0  cw32f003_rcc.o(i.RCC_APBPeriphClk_Enable2)
    i.RCC_GetStableFlag                      0x00001a20   Section        0  cw32f003_rcc.o(i.RCC_GetStableFlag)
    i.RCC_HSI_Enable                         0x00001a38   Section        0  cw32f003_rcc.o(i.RCC_HSI_Enable)
    i.RCC_SysClk_Switch                      0x00001a70   Section        0  cw32f003_rcc.o(i.RCC_SysClk_Switch)
    i.RCC_Sysctrl_GetHClkFreq                0x00001ab0   Section        0  cw32f003_rcc.o(i.RCC_Sysctrl_GetHClkFreq)
    i.RCC_Sysctrl_GetPClkFreq                0x00001b28   Section        0  cw32f003_rcc.o(i.RCC_Sysctrl_GetPClkFreq)
    i.RCC_SystemCoreClockUpdate              0x00001b48   Section        0  cw32f003_rcc.o(i.RCC_SystemCoreClockUpdate)
    i.RingBuffer_Get                         0x00001b54   Section        0  uart_driver.o(i.RingBuffer_Get)
    RingBuffer_Get                           0x00001b55   Thumb Code    72  uart_driver.o(i.RingBuffer_Get)
    i.RingBuffer_Init                        0x00001b9c   Section        0  uart_driver.o(i.RingBuffer_Init)
    RingBuffer_Init                          0x00001b9d   Thumb Code    16  uart_driver.o(i.RingBuffer_Init)
    i.RingBuffer_IsEmpty                     0x00001bac   Section        0  uart_driver.o(i.RingBuffer_IsEmpty)
    RingBuffer_IsEmpty                       0x00001bad   Thumb Code    18  uart_driver.o(i.RingBuffer_IsEmpty)
    i.RingBuffer_IsFull                      0x00001bbe   Section        0  uart_driver.o(i.RingBuffer_IsFull)
    RingBuffer_IsFull                        0x00001bbf   Thumb Code    18  uart_driver.o(i.RingBuffer_IsFull)
    i.RingBuffer_Put                         0x00001bd0   Section        0  uart_driver.o(i.RingBuffer_Put)
    RingBuffer_Put                           0x00001bd1   Thumb Code    70  uart_driver.o(i.RingBuffer_Put)
    i.SM_GetCurrentState                     0x00001c18   Section        0  charging_sm.o(i.SM_GetCurrentState)
    i.SM_Init                                0x00001c24   Section        0  charging_sm.o(i.SM_Init)
    i.SM_RunStateMachine                     0x00001c88   Section        0  charging_sm.o(i.SM_RunStateMachine)
    i.SPI_IRQHandler                         0x00002098   Section        0  interrupts_cw32f003.o(i.SPI_IRQHandler)
    i.SVC_Handler                            0x0000209a   Section        0  interrupts_cw32f003.o(i.SVC_Handler)
    i.SYSCTRL_IRQHandler                     0x0000209c   Section        0  interrupts_cw32f003.o(i.SYSCTRL_IRQHandler)
    i.SysTickDelay                           0x000020a0   Section        0  cw32f003_systick.o(i.SysTickDelay)
    i.SysTick_Handler                        0x000020cc   Section        0  interrupts_cw32f003.o(i.SysTick_Handler)
    i.SystemCoreClockUpdate                  0x000020dc   Section        0  system_cw32f003.o(i.SystemCoreClockUpdate)
    i.SystemInit                             0x00002148   Section        0  system_cw32f003.o(i.SystemInit)
    i.System_Init                            0x000021a4   Section        0  main.o(i.System_Init)
    System_Init                              0x000021a5   Thumb Code   158  main.o(i.System_Init)
    i.UART1_IRQHandler                       0x00002304   Section        0  interrupts_cw32f003.o(i.UART1_IRQHandler)
    i.UART2_IRQHandler                       0x0000232c   Section        0  interrupts_cw32f003.o(i.UART2_IRQHandler)
    i.UART_Driver_Handle_RC                  0x00002330   Section        0  uart_driver.o(i.UART_Driver_Handle_RC)
    i.UART_Driver_Handle_TXE                 0x00002364   Section        0  uart_driver.o(i.UART_Driver_Handle_TXE)
    i.UART_Driver_Init                       0x00002394   Section        0  uart_driver.o(i.UART_Driver_Init)
    i.UI_Display_Init                        0x0000248c   Section        0  ui_display.o(i.UI_Display_Init)
    i.UI_UpdateDisplay                       0x00002494   Section        0  ui_display.o(i.UI_UpdateDisplay)
    i.USART_ClearITPendingBit                0x000025c8   Section        0  cw32f003_uart.o(i.USART_ClearITPendingBit)
    i.USART_GetFlagStatus                    0x000025d0   Section        0  cw32f003_uart.o(i.USART_GetFlagStatus)
    i.USART_GetITStatus                      0x000025e2   Section        0  cw32f003_uart.o(i.USART_GetITStatus)
    i.USART_ITConfig                         0x000025f4   Section        0  cw32f003_uart.o(i.USART_ITConfig)
    i.USART_Init                             0x00002610   Section        0  cw32f003_uart.o(i.USART_Init)
    i.USART_ReceiveData_8bit                 0x00002784   Section        0  cw32f003_uart.o(i.USART_ReceiveData_8bit)
    i.USART_SendData_8bit                    0x0000278c   Section        0  cw32f003_uart.o(i.USART_SendData_8bit)
    i.VC1_IRQHandler                         0x00002790   Section        0  interrupts_cw32f003.o(i.VC1_IRQHandler)
    i.VC2_IRQHandler                         0x00002792   Section        0  interrupts_cw32f003.o(i.VC2_IRQHandler)
    i.WDT_IRQHandler                         0x00002794   Section        0  interrupts_cw32f003.o(i.WDT_IRQHandler)
    i.__0printf                              0x00002798   Section        0  printfa.o(i.__0printf)
    i.__0sprintf                             0x000027b8   Section        0  printfa.o(i.__0sprintf)
    i.__ARM_clz                              0x000027e0   Section        0  depilogue.o(i.__ARM_clz)
    i.__ARM_common_switch8                   0x0000280e   Section        0  charging_sm.o(i.__ARM_common_switch8)
    i.__NVIC_SetPriority                     0x0000282c   Section        0  uart_driver.o(i.__NVIC_SetPriority)
    __NVIC_SetPriority                       0x0000282d   Thumb Code   110  uart_driver.o(i.__NVIC_SetPriority)
    i.__NVIC_SetPriority                     0x000028a4   Section        0  cw32f003_systick.o(i.__NVIC_SetPriority)
    __NVIC_SetPriority                       0x000028a5   Thumb Code   110  cw32f003_systick.o(i.__NVIC_SetPriority)
    i.__scatterload_copy                     0x0000291c   Section       14  handlers.o(i.__scatterload_copy)
    i.__scatterload_null                     0x0000292a   Section        2  handlers.o(i.__scatterload_null)
    i.__scatterload_zeroinit                 0x0000292c   Section       14  handlers.o(i.__scatterload_zeroinit)
    i._fp_digits                             0x0000293c   Section        0  printfa.o(i._fp_digits)
    _fp_digits                               0x0000293d   Thumb Code   344  printfa.o(i._fp_digits)
    i._printf_core                           0x00002ab0   Section        0  printfa.o(i._printf_core)
    _printf_core                             0x00002ab1   Thumb Code  1754  printfa.o(i._printf_core)
    i._printf_post_padding                   0x0000319c   Section        0  printfa.o(i._printf_post_padding)
    _printf_post_padding                     0x0000319d   Thumb Code    32  printfa.o(i._printf_post_padding)
    i._printf_pre_padding                    0x000031bc   Section        0  printfa.o(i._printf_pre_padding)
    _printf_pre_padding                      0x000031bd   Thumb Code    44  printfa.o(i._printf_pre_padding)
    i._sputc                                 0x000031e8   Section        0  printfa.o(i._sputc)
    _sputc                                   0x000031e9   Thumb Code    10  printfa.o(i._sputc)
    i.fputc                                  0x000031f4   Section        0  uart_driver.o(i.fputc)
    i.main                                   0x00003238   Section        0  main.o(i.main)
    .constdata                               0x0000327c   Section     2072  oled_driver.o(.constdata)
    .constdata                               0x00003a94   Section       40  ui_display.o(.constdata)
    .constdata                               0x00003abc   Section       64  cw32f003_rcc.o(.constdata)
    .data                                    0x20000000   Section        5  pwm_driver.o(.data)
    pwm_frequency                            0x20000000   Data           4  pwm_driver.o(.data)
    pwm_duty_cycle                           0x20000004   Data           1  pwm_driver.o(.data)
    .data                                    0x20000008   Section        4  ac_measurement.o(.data)
    simulated_current                        0x20000008   Data           4  ac_measurement.o(.data)
    .data                                    0x2000000c   Section        5  charging_sm.o(.data)
    current_state                            0x2000000c   Data           1  charging_sm.o(.data)
    cable_capacity_amps                      0x2000000e   Data           2  charging_sm.o(.data)
    max_charging_current_amps                0x20000010   Data           1  charging_sm.o(.data)
    .data                                    0x20000011   Section        1  contactor_control.o(.data)
    contactor_is_closed                      0x20000011   Data           1  contactor_control.o(.data)
    .data                                    0x20000014   Section        9  cw32f003_systick.o(.data)
    .data                                    0x20000020   Section        4  system_cw32f003.o(.data)
    .data                                    0x20000024   Section        4  stdout.o(.data)
    .bss                                     0x20000028   Section      140  uart_driver.o(.bss)
    tx_buffer                                0x20000028   Data          70  uart_driver.o(.bss)
    rx_buffer                                0x2000006e   Data          70  uart_driver.o(.bss)
    STACK                                    0x200000b8   Section      512  startup_cw32f003.o(STACK)

    Global Symbols

    Symbol Name                              Value     Ov Type        Size  Object(Section)

    BuildAttributes$$THM_ISAv3M$S$PE$A:L22$X:L11$S22$IEEE1$IW$USESV6$~STKCKD$USESV7$~SHL$OTIME$ROPI$EBA8$MICROLIB$REQ8$PRES8$EABIv2 0x00000000   Number         0  anon$$obj.o ABSOLUTE
    __ARM_use_no_argv                        0x00000000   Number         0  main.o ABSOLUTE
    __Vectors                                0x00000000   Data           0  startup_cw32f003.o(RESET)
    _printf_a                                0x00000000   Number         0  stubs.o ABSOLUTE
    _printf_c                                0x00000000   Number         0  stubs.o ABSOLUTE
    _printf_charcount                        0x00000000   Number         0  stubs.o ABSOLUTE
    _printf_d                                0x00000000   Number         0  stubs.o ABSOLUTE
    _printf_e                                0x00000000   Number         0  stubs.o ABSOLUTE
    _printf_f                                0x00000000   Number         0  stubs.o ABSOLUTE
    _printf_flags                            0x00000000   Number         0  stubs.o ABSOLUTE
    _printf_fp_dec                           0x00000000   Number         0  stubs.o ABSOLUTE
    _printf_fp_hex                           0x00000000   Number         0  stubs.o ABSOLUTE
    _printf_g                                0x00000000   Number         0  stubs.o ABSOLUTE
    _printf_i                                0x00000000   Number         0  stubs.o ABSOLUTE
    _printf_int_dec                          0x00000000   Number         0  stubs.o ABSOLUTE
    _printf_l                                0x00000000   Number         0  stubs.o ABSOLUTE
    _printf_lc                               0x00000000   Number         0  stubs.o ABSOLUTE
    _printf_ll                               0x00000000   Number         0  stubs.o ABSOLUTE
    _printf_lld                              0x00000000   Number         0  stubs.o ABSOLUTE
    _printf_lli                              0x00000000   Number         0  stubs.o ABSOLUTE
    _printf_llo                              0x00000000   Number         0  stubs.o ABSOLUTE
    _printf_llu                              0x00000000   Number         0  stubs.o ABSOLUTE
    _printf_llx                              0x00000000   Number         0  stubs.o ABSOLUTE
    _printf_longlong_dec                     0x00000000   Number         0  stubs.o ABSOLUTE
    _printf_longlong_hex                     0x00000000   Number         0  stubs.o ABSOLUTE
    _printf_longlong_oct                     0x00000000   Number         0  stubs.o ABSOLUTE
    _printf_ls                               0x00000000   Number         0  stubs.o ABSOLUTE
    _printf_mbtowc                           0x00000000   Number         0  stubs.o ABSOLUTE
    _printf_n                                0x00000000   Number         0  stubs.o ABSOLUTE
    _printf_o                                0x00000000   Number         0  stubs.o ABSOLUTE
    _printf_p                                0x00000000   Number         0  stubs.o ABSOLUTE
    _printf_percent                          0x00000000   Number         0  stubs.o ABSOLUTE
    _printf_pre_padding                      0x00000000   Number         0  stubs.o ABSOLUTE
    _printf_return_value                     0x00000000   Number         0  stubs.o ABSOLUTE
    _printf_s                                0x00000000   Number         0  stubs.o ABSOLUTE
    _printf_sizespec                         0x00000000   Number         0  stubs.o ABSOLUTE
    _printf_str                              0x00000000   Number         0  stubs.o ABSOLUTE
    _printf_truncate_signed                  0x00000000   Number         0  stubs.o ABSOLUTE
    _printf_truncate_unsigned                0x00000000   Number         0  stubs.o ABSOLUTE
    _printf_u                                0x00000000   Number         0  stubs.o ABSOLUTE
    _printf_wc                               0x00000000   Number         0  stubs.o ABSOLUTE
    _printf_wctomb                           0x00000000   Number         0  stubs.o ABSOLUTE
    _printf_widthprec                        0x00000000   Number         0  stubs.o ABSOLUTE
    _printf_x                                0x00000000   Number         0  stubs.o ABSOLUTE
    __cpp_initialize__aeabi_                  - Undefined Weak Reference
    __cxa_finalize                            - Undefined Weak Reference
    __decompress                              - Undefined Weak Reference
    _clock_init                               - Undefined Weak Reference
    _microlib_exit                            - Undefined Weak Reference
    __Vectors_End                            0x000000c0   Data           0  startup_cw32f003.o(RESET)
    __Vectors_Size                           0x000000c0   Number         0  startup_cw32f003.o ABSOLUTE
    __main                                   0x000000c1   Thumb Code     0  entry.o(.ARM.Collect$$$$00000000)
    _main_stk                                0x000000c1   Thumb Code     0  entry2.o(.ARM.Collect$$$$00000001)
    _main_scatterload                        0x000000c5   Thumb Code     0  entry5.o(.ARM.Collect$$$$00000004)
    __main_after_scatterload                 0x000000c9   Thumb Code     0  entry5.o(.ARM.Collect$$$$00000004)
    _main_clock                              0x000000c9   Thumb Code     0  entry7b.o(.ARM.Collect$$$$00000008)
    _main_cpp_init                           0x000000c9   Thumb Code     0  entry8b.o(.ARM.Collect$$$$0000000A)
    _main_init                               0x000000c9   Thumb Code     0  entry9a.o(.ARM.Collect$$$$0000000B)
    __rt_final_cpp                           0x000000d1   Thumb Code     0  entry10a.o(.ARM.Collect$$$$0000000D)
    __rt_final_exit                          0x000000d1   Thumb Code     0  entry11a.o(.ARM.Collect$$$$0000000F)
    Reset_Handler                            0x000000d5   Thumb Code    26  startup_cw32f003.o(.text)
    __aeabi_uidiv                            0x00000111   Thumb Code     0  uidiv.o(.text)
    __aeabi_uidivmod                         0x00000111   Thumb Code    44  uidiv.o(.text)
    __aeabi_memcpy                           0x0000013d   Thumb Code    36  memcpya.o(.text)
    __aeabi_memcpy4                          0x0000013d   Thumb Code     0  memcpya.o(.text)
    __aeabi_memcpy8                          0x0000013d   Thumb Code     0  memcpya.o(.text)
    strcat                                   0x00000161   Thumb Code    24  strcat.o(.text)
    __aeabi_fadd                             0x00000179   Thumb Code   162  fadd.o(.text)
    __aeabi_fsub                             0x0000021b   Thumb Code     8  fadd.o(.text)
    __aeabi_frsub                            0x00000223   Thumb Code     8  fadd.o(.text)
    __aeabi_fmul                             0x0000022b   Thumb Code   122  fmul.o(.text)
    __aeabi_fdiv                             0x000002a5   Thumb Code   124  fdiv.o(.text)
    __aeabi_dadd                             0x00000321   Thumb Code   328  dadd.o(.text)
    __aeabi_dsub                             0x00000469   Thumb Code    12  dadd.o(.text)
    __aeabi_drsub                            0x00000475   Thumb Code    12  dadd.o(.text)
    __aeabi_ui2f                             0x00000485   Thumb Code    14  ffltui.o(.text)
    __aeabi_f2uiz                            0x00000493   Thumb Code    40  ffixui.o(.text)
    __aeabi_d2uiz                            0x000004bd   Thumb Code    50  dfixui.o(.text)
    __aeabi_f2d                              0x000004f9   Thumb Code    40  f2d.o(.text)
    __aeabi_uldivmod                         0x00000521   Thumb Code    96  uldiv.o(.text)
    __aeabi_llsl                             0x00000581   Thumb Code    32  llshl.o(.text)
    _ll_shift_l                              0x00000581   Thumb Code     0  llshl.o(.text)
    __aeabi_llsr                             0x000005a1   Thumb Code    34  llushr.o(.text)
    _ll_ushift_r                             0x000005a1   Thumb Code     0  llushr.o(.text)
    __aeabi_lasr                             0x000005c3   Thumb Code    38  llsshr.o(.text)
    _ll_sshift_r                             0x000005c3   Thumb Code     0  llsshr.o(.text)
    __I$use$fp                               0x000005e9   Thumb Code     0  iusefp.o(.text)
    _float_round                             0x000005e9   Thumb Code    16  fepilogue.o(.text)
    _float_epilogue                          0x000005f9   Thumb Code   114  fepilogue.o(.text)
    _double_round                            0x0000066b   Thumb Code    26  depilogue.o(.text)
    _double_epilogue                         0x00000685   Thumb Code   164  depilogue.o(.text)
    __aeabi_dmul                             0x00000729   Thumb Code   202  dmul.o(.text)
    __aeabi_ddiv                             0x000007f9   Thumb Code   234  ddiv.o(.text)
    __aeabi_d2ulz                            0x000008e9   Thumb Code    54  dfixul.o(.text)
    __aeabi_cdrcmple                         0x00000929   Thumb Code    38  cdrcmple.o(.text)
    __scatterload                            0x00000951   Thumb Code    28  init.o(.text)
    __scatterload_rt2                        0x00000951   Thumb Code     0  init.o(.text)
    AC_GetCurrent                            0x00000975   Thumb Code     6  ac_measurement.o(i.AC_GetCurrent)
    AC_Measurement_Init                      0x00000981   Thumb Code    22  ac_measurement.o(i.AC_Measurement_Init)
    ADC_BufEnSingleCh                        0x00000999   Thumb Code    62  cw32f003_adc.o(i.ADC_BufEnSingleCh)
    ADC_ClearITPendingBit                    0x000009dd   Thumb Code    12  cw32f003_adc.o(i.ADC_ClearITPendingBit)
    ADC_DeInit                               0x000009ed   Thumb Code    26  cw32f003_adc.o(i.ADC_DeInit)
    ADC_Driver_Init                          0x00000a0d   Thumb Code   104  adc_driver.o(i.ADC_Driver_Init)
    ADC_Enable                               0x00000aa5   Thumb Code    28  cw32f003_adc.o(i.ADC_Enable)
    ADC_GetConversionValue                   0x00000ac5   Thumb Code     8  cw32f003_adc.o(i.ADC_GetConversionValue)
    ADC_GetITStatus                          0x00000ad1   Thumb Code    20  cw32f003_adc.o(i.ADC_GetITStatus)
    ADC_IRQHandler                           0x00000ae9   Thumb Code     2  interrupts_cw32f003.o(i.ADC_IRQHandler)
    ADC_Init                                 0x00000aed   Thumb Code   116  cw32f003_adc.o(i.ADC_Init)
    ADC_Read_Channel_Raw                     0x00000b71   Thumb Code    94  adc_driver.o(i.ADC_Read_Channel_Raw)
    ADC_SingleChCommon                       0x00000bd1   Thumb Code    58  cw32f003_adc.o(i.ADC_SingleChCommon)
    ADC_SingleChOneModeCfg                   0x00000c11   Thumb Code    24  cw32f003_adc.o(i.ADC_SingleChOneModeCfg)
    ADC_SoftwareStartConvCmd                 0x00000c2d   Thumb Code    32  cw32f003_adc.o(i.ADC_SoftwareStartConvCmd)
    ADC_WdtConfig                            0x00000c51   Thumb Code    78  cw32f003_adc.o(i.ADC_WdtConfig)
    ADC_WdtInit                              0x00000ca5   Thumb Code    22  cw32f003_adc.o(i.ADC_WdtInit)
    ATIM_ClearITPendingBit                   0x00000cc1   Thumb Code     8  cw32f003_atim.o(i.ATIM_ClearITPendingBit)
    ATIM_Cmd                                 0x00000ccd   Thumb Code    20  cw32f003_atim.o(i.ATIM_Cmd)
    ATIM_CtrlPWMOutputs                      0x00000ce5   Thumb Code    26  cw32f003_atim.o(i.ATIM_CtrlPWMOutputs)
    ATIM_GetITStatus                         0x00000d05   Thumb Code    20  cw32f003_atim.o(i.ATIM_GetITStatus)
    ATIM_IRQHandler                          0x00000d1d   Thumb Code    20  interrupts_cw32f003.o(i.ATIM_IRQHandler)
    ATIM_Init                                0x00000d31   Thumb Code    94  cw32f003_atim.o(i.ATIM_Init)
    ATIM_OC2BInit                            0x00000d99   Thumb Code    78  cw32f003_atim.o(i.ATIM_OC2BInit)
    ATIM_SetCompare2B                        0x00000ded   Thumb Code     6  cw32f003_atim.o(i.ATIM_SetCompare2B)
    AWT_IRQHandler                           0x00000df9   Thumb Code     2  interrupts_cw32f003.o(i.AWT_IRQHandler)
    BTIM1_IRQHandler                         0x00000dfb   Thumb Code     2  interrupts_cw32f003.o(i.BTIM1_IRQHandler)
    BTIM2_IRQHandler                         0x00000dfd   Thumb Code     2  interrupts_cw32f003.o(i.BTIM2_IRQHandler)
    BTIM3_IRQHandler                         0x00000dff   Thumb Code     2  interrupts_cw32f003.o(i.BTIM3_IRQHandler)
    CP_ReadState                             0x00000e01   Thumb Code    74  cp_signal.o(i.CP_ReadState)
    CP_SetMaxCurrentPWM                      0x00000e51   Thumb Code    80  cp_signal.o(i.CP_SetMaxCurrentPWM)
    CP_Signal_Init                           0x00000ea5   Thumb Code    82  cp_signal.o(i.CP_Signal_Init)
    Contactor_Close                          0x00000f19   Thumb Code    20  contactor_control.o(i.Contactor_Close)
    Contactor_Init                           0x00000f35   Thumb Code    24  contactor_control.o(i.Contactor_Init)
    Contactor_Open                           0x00000f51   Thumb Code    20  contactor_control.o(i.Contactor_Open)
    FLASHRAM_IRQHandler                      0x00000fad   Thumb Code     2  interrupts_cw32f003.o(i.FLASHRAM_IRQHandler)
    FLASH_SetLatency                         0x00000fb1   Thumb Code    24  cw32f003_flash.o(i.FLASH_SetLatency)
    FirmwareDelay                            0x00000fd5   Thumb Code    18  system_cw32f003.o(i.FirmwareDelay)
    GPIOA_IRQHandler                         0x00000fe7   Thumb Code     2  interrupts_cw32f003.o(i.GPIOA_IRQHandler)
    GPIOB_IRQHandler                         0x00000fe9   Thumb Code     2  interrupts_cw32f003.o(i.GPIOB_IRQHandler)
    GPIOC_IRQHandler                         0x00000feb   Thumb Code     2  interrupts_cw32f003.o(i.GPIOC_IRQHandler)
    GPIO_Init                                0x00000fed   Thumb Code   226  cw32f003_gpio.o(i.GPIO_Init)
    GPIO_WritePin                            0x000010cf   Thumb Code    12  cw32f003_gpio.o(i.GPIO_WritePin)
    GTIM_IRQHandler                          0x000010db   Thumb Code     2  interrupts_cw32f003.o(i.GTIM_IRQHandler)
    GetTick                                  0x000010dd   Thumb Code     6  cw32f003_systick.o(i.GetTick)
    HardFault_Handler                        0x000010e9   Thumb Code     4  interrupts_cw32f003.o(i.HardFault_Handler)
    I2C_AcknowledgeConfig                    0x000010ed   Thumb Code    34  cw32f003_i2c.o(i.I2C_AcknowledgeConfig)
    I2C_BaudGeneratorEnable                  0x00001115   Thumb Code    34  cw32f003_i2c.o(i.I2C_BaudGeneratorEnable)
    I2C_ClearIrq                             0x0000113d   Thumb Code    14  cw32f003_i2c.o(i.I2C_ClearIrq)
    I2C_Cmd                                  0x00001151   Thumb Code    34  cw32f003_i2c.o(i.I2C_Cmd)
    I2C_DeInit                               0x00001179   Thumb Code    36  cw32f003_i2c.o(i.I2C_DeInit)
    I2C_FilterConfig                         0x000011a5   Thumb Code    34  cw32f003_i2c.o(i.I2C_FilterConfig)
    I2C_GenerateSTART                        0x000011cd   Thumb Code    96  cw32f003_i2c.o(i.I2C_GenerateSTART)
    I2C_GenerateSTOP                         0x00001231   Thumb Code    34  cw32f003_i2c.o(i.I2C_GenerateSTOP)
    I2C_GetIrq                               0x00001259   Thumb Code    12  cw32f003_i2c.o(i.I2C_GetIrq)
    I2C_GetState                             0x00001269   Thumb Code     8  cw32f003_i2c.o(i.I2C_GetState)
    I2C_IRQHandler                           0x00001275   Thumb Code     2  interrupts_cw32f003.o(i.I2C_IRQHandler)
    I2C_Master_Init                          0x00001277   Thumb Code    42  cw32f003_i2c.o(i.I2C_Master_Init)
    I2C_Send7bitAddress                      0x000012a1   Thumb Code    20  cw32f003_i2c.o(i.I2C_Send7bitAddress)
    I2C_SendData                             0x000012b9   Thumb Code     6  cw32f003_i2c.o(i.I2C_SendData)
    I2C_SetBaud                              0x000012c5   Thumb Code     6  cw32f003_i2c.o(i.I2C_SetBaud)
    IWDT_Cmd                                 0x000012d1   Thumb Code     8  cw32f003_iwdt.o(i.IWDT_Cmd)
    IWDT_Init                                0x000012e1   Thumb Code    82  cw32f003_iwdt.o(i.IWDT_Init)
    IWDT_Refresh                             0x00001345   Thumb Code     8  cw32f003_iwdt.o(i.IWDT_Refresh)
    IWDT_Unlock                              0x00001355   Thumb Code     8  cw32f003_iwdt.o(i.IWDT_Unlock)
    InitTick                                 0x00001365   Thumb Code    90  cw32f003_systick.o(i.InitTick)
    LVD_IRQHandler                           0x000013d1   Thumb Code     2  interrupts_cw32f003.o(i.LVD_IRQHandler)
    NMI_Handler                              0x000013d3   Thumb Code     2  interrupts_cw32f003.o(i.NMI_Handler)
    OLED_Clear                               0x000013d5   Thumb Code    42  oled_driver.o(i.OLED_Clear)
    OLED_Init                                0x00001401   Thumb Code   280  oled_driver.o(i.OLED_Init)
    OLED_SetCursor                           0x00001525   Thumb Code    44  oled_driver.o(i.OLED_SetCursor)
    OLED_ShowChar                            0x00001551   Thumb Code   142  oled_driver.o(i.OLED_ShowChar)
    OLED_ShowString                          0x000015e9   Thumb Code   110  oled_driver.o(i.OLED_ShowString)
    OLED_WriteBytes                          0x00001659   Thumb Code   228  oled_driver.o(i.OLED_WriteBytes)
    OLED_WriteCommand                        0x00001741   Thumb Code    14  oled_driver.o(i.OLED_WriteCommand)
    OLED_WriteData                           0x0000174f   Thumb Code    14  oled_driver.o(i.OLED_WriteData)
    PP_GetCableCapacity                      0x0000175d   Thumb Code   118  pp_signal.o(i.PP_GetCableCapacity)
    PP_Signal_Init                           0x000017e1   Thumb Code    22  pp_signal.o(i.PP_Signal_Init)
    PWM_Driver_Init                          0x000017f9   Thumb Code   366  pwm_driver.o(i.PWM_Driver_Init)
    PWM_Set_DutyCycle                        0x00001979   Thumb Code    50  pwm_driver.o(i.PWM_Set_DutyCycle)
    PWM_Start                                0x000019b5   Thumb Code    10  pwm_driver.o(i.PWM_Start)
    PendSV_Handler                           0x000019bf   Thumb Code     2  interrupts_cw32f003.o(i.PendSV_Handler)
    RCC_AHBPeriphClk_Enable                  0x000019c1   Thumb Code    28  cw32f003_rcc.o(i.RCC_AHBPeriphClk_Enable)
    RCC_APBPeriphClk_Enable1                 0x000019e1   Thumb Code    28  cw32f003_rcc.o(i.RCC_APBPeriphClk_Enable1)
    RCC_APBPeriphClk_Enable2                 0x00001a01   Thumb Code    28  cw32f003_rcc.o(i.RCC_APBPeriphClk_Enable2)
    RCC_GetStableFlag                        0x00001a21   Thumb Code    20  cw32f003_rcc.o(i.RCC_GetStableFlag)
    RCC_HSI_Enable                           0x00001a39   Thumb Code    42  cw32f003_rcc.o(i.RCC_HSI_Enable)
    RCC_SysClk_Switch                        0x00001a71   Thumb Code    54  cw32f003_rcc.o(i.RCC_SysClk_Switch)
    RCC_Sysctrl_GetHClkFreq                  0x00001ab1   Thumb Code    98  cw32f003_rcc.o(i.RCC_Sysctrl_GetHClkFreq)
    RCC_Sysctrl_GetPClkFreq                  0x00001b29   Thumb Code    28  cw32f003_rcc.o(i.RCC_Sysctrl_GetPClkFreq)
    RCC_SystemCoreClockUpdate                0x00001b49   Thumb Code     6  cw32f003_rcc.o(i.RCC_SystemCoreClockUpdate)
    SM_GetCurrentState                       0x00001c19   Thumb Code     6  charging_sm.o(i.SM_GetCurrentState)
    SM_Init                                  0x00001c25   Thumb Code    42  charging_sm.o(i.SM_Init)
    SM_RunStateMachine                       0x00001c89   Thumb Code   386  charging_sm.o(i.SM_RunStateMachine)
    SPI_IRQHandler                           0x00002099   Thumb Code     2  interrupts_cw32f003.o(i.SPI_IRQHandler)
    SVC_Handler                              0x0000209b   Thumb Code     2  interrupts_cw32f003.o(i.SVC_Handler)
    SYSCTRL_IRQHandler                       0x0000209d   Thumb Code     2  interrupts_cw32f003.o(i.SYSCTRL_IRQHandler)
    SysTickDelay                             0x000020a1   Thumb Code    38  cw32f003_systick.o(i.SysTickDelay)
    SysTick_Handler                          0x000020cd   Thumb Code    12  interrupts_cw32f003.o(i.SysTick_Handler)
    SystemCoreClockUpdate                    0x000020dd   Thumb Code    86  system_cw32f003.o(i.SystemCoreClockUpdate)
    SystemInit                               0x00002149   Thumb Code    82  system_cw32f003.o(i.SystemInit)
    UART1_IRQHandler                         0x00002305   Thumb Code    36  interrupts_cw32f003.o(i.UART1_IRQHandler)
    UART2_IRQHandler                         0x0000232d   Thumb Code     2  interrupts_cw32f003.o(i.UART2_IRQHandler)
    UART_Driver_Handle_RC                    0x00002331   Thumb Code    42  uart_driver.o(i.UART_Driver_Handle_RC)
    UART_Driver_Handle_TXE                   0x00002365   Thumb Code    38  uart_driver.o(i.UART_Driver_Handle_TXE)
    UART_Driver_Init                         0x00002395   Thumb Code   224  uart_driver.o(i.UART_Driver_Init)
    UI_Display_Init                          0x0000248d   Thumb Code     8  ui_display.o(i.UI_Display_Init)
    UI_UpdateDisplay                         0x00002495   Thumb Code   208  ui_display.o(i.UI_UpdateDisplay)
    USART_ClearITPendingBit                  0x000025c9   Thumb Code     8  cw32f003_uart.o(i.USART_ClearITPendingBit)
    USART_GetFlagStatus                      0x000025d1   Thumb Code    18  cw32f003_uart.o(i.USART_GetFlagStatus)
    USART_GetITStatus                        0x000025e3   Thumb Code    18  cw32f003_uart.o(i.USART_GetITStatus)
    USART_ITConfig                           0x000025f5   Thumb Code    26  cw32f003_uart.o(i.USART_ITConfig)
    USART_Init                               0x00002611   Thumb Code   362  cw32f003_uart.o(i.USART_Init)
    USART_ReceiveData_8bit                   0x00002785   Thumb Code     8  cw32f003_uart.o(i.USART_ReceiveData_8bit)
    USART_SendData_8bit                      0x0000278d   Thumb Code     4  cw32f003_uart.o(i.USART_SendData_8bit)
    VC1_IRQHandler                           0x00002791   Thumb Code     2  interrupts_cw32f003.o(i.VC1_IRQHandler)
    VC2_IRQHandler                           0x00002793   Thumb Code     2  interrupts_cw32f003.o(i.VC2_IRQHandler)
    WDT_IRQHandler                           0x00002795   Thumb Code     2  interrupts_cw32f003.o(i.WDT_IRQHandler)
    __0printf                                0x00002799   Thumb Code    24  printfa.o(i.__0printf)
    __1printf                                0x00002799   Thumb Code     0  printfa.o(i.__0printf)
    __2printf                                0x00002799   Thumb Code     0  printfa.o(i.__0printf)
    __c89printf                              0x00002799   Thumb Code     0  printfa.o(i.__0printf)
    printf                                   0x00002799   Thumb Code     0  printfa.o(i.__0printf)
    __0sprintf                               0x000027b9   Thumb Code    36  printfa.o(i.__0sprintf)
    __1sprintf                               0x000027b9   Thumb Code     0  printfa.o(i.__0sprintf)
    __2sprintf                               0x000027b9   Thumb Code     0  printfa.o(i.__0sprintf)
    __c89sprintf                             0x000027b9   Thumb Code     0  printfa.o(i.__0sprintf)
    sprintf                                  0x000027b9   Thumb Code     0  printfa.o(i.__0sprintf)
    __ARM_clz                                0x000027e1   Thumb Code    46  depilogue.o(i.__ARM_clz)
    __ARM_common_switch8                     0x0000280f   Thumb Code    28  charging_sm.o(i.__ARM_common_switch8)
    __scatterload_copy                       0x0000291d   Thumb Code    14  handlers.o(i.__scatterload_copy)
    __scatterload_null                       0x0000292b   Thumb Code     2  handlers.o(i.__scatterload_null)
    __scatterload_zeroinit                   0x0000292d   Thumb Code    14  handlers.o(i.__scatterload_zeroinit)
    fputc                                    0x000031f5   Thumb Code    58  uart_driver.o(i.fputc)
    main                                     0x00003239   Thumb Code    64  main.o(i.main)
    F6x8                                     0x0000327c   Data         552  oled_driver.o(.constdata)
    F8X16                                    0x000034a4   Data        1520  oled_driver.o(.constdata)
    hsiprs_tbl                               0x00003abc   Data          64  cw32f003_rcc.o(.constdata)
    Region$$Table$$Base                      0x00003afc   Number         0  anon$$obj.o(Region$$Table)
    Region$$Table$$Limit                     0x00003b1c   Number         0  anon$$obj.o(Region$$Table)
    uwTick                                   0x20000014   Data           4  cw32f003_systick.o(.data)
    uwTickPrio                               0x20000018   Data           4  cw32f003_systick.o(.data)
    uwTickFreq                               0x2000001c   Data           1  cw32f003_systick.o(.data)
    SystemCoreClock                          0x20000020   Data           4  system_cw32f003.o(.data)
    __stdout                                 0x20000024   Data           4  stdout.o(.data)
    __initial_sp                             0x200002b8   Data           0  startup_cw32f003.o(STACK)



==============================================================================

Memory Map of the image

  Image Entry point : 0x000000c1

  Load Region LR_IROM1 (Base: 0x00000000, Size: 0x00003b44, Max: 0x00005000, ABSOLUTE)

    Execution Region ER_IROM1 (Exec base: 0x00000000, Load base: 0x00000000, Size: 0x00003b1c, Max: 0x00005000, ABSOLUTE)

    Exec Addr    Load Addr    Size         Type   Attr      Idx    E Section Name        Object

    0x00000000   0x00000000   0x000000c0   Data   RO            3    RESET               startup_cw32f003.o
    0x000000c0   0x000000c0   0x00000000   Code   RO         3518  * .ARM.Collect$$$$00000000  mc_p.l(entry.o)
    0x000000c0   0x000000c0   0x00000004   Code   RO         3808    .ARM.Collect$$$$00000001  mc_p.l(entry2.o)
    0x000000c4   0x000000c4   0x00000004   Code   RO         3811    .ARM.Collect$$$$00000004  mc_p.l(entry5.o)
    0x000000c8   0x000000c8   0x00000000   Code   RO         3813    .ARM.Collect$$$$00000008  mc_p.l(entry7b.o)
    0x000000c8   0x000000c8   0x00000000   Code   RO         3815    .ARM.Collect$$$$0000000A  mc_p.l(entry8b.o)
    0x000000c8   0x000000c8   0x00000008   Code   RO         3816    .ARM.Collect$$$$0000000B  mc_p.l(entry9a.o)
    0x000000d0   0x000000d0   0x00000000   Code   RO         3818    .ARM.Collect$$$$0000000D  mc_p.l(entry10a.o)
    0x000000d0   0x000000d0   0x00000000   Code   RO         3820    .ARM.Collect$$$$0000000F  mc_p.l(entry11a.o)
    0x000000d0   0x000000d0   0x00000004   Code   RO         3809    .ARM.Collect$$$$00002712  mc_p.l(entry2.o)
    0x000000d4   0x000000d4   0x0000003c   Code   RO            4    .text               startup_cw32f003.o
    0x00000110   0x00000110   0x0000002c   Code   RO         3521    .text               mc_p.l(uidiv.o)
    0x0000013c   0x0000013c   0x00000024   Code   RO         3523    .text               mc_p.l(memcpya.o)
    0x00000160   0x00000160   0x00000018   Code   RO         3525    .text               mc_p.l(strcat.o)
    0x00000178   0x00000178   0x000000b2   Code   RO         3790    .text               mf_p.l(fadd.o)
    0x0000022a   0x0000022a   0x0000007a   Code   RO         3792    .text               mf_p.l(fmul.o)
    0x000002a4   0x000002a4   0x0000007c   Code   RO         3794    .text               mf_p.l(fdiv.o)
    0x00000320   0x00000320   0x00000164   Code   RO         3796    .text               mf_p.l(dadd.o)
    0x00000484   0x00000484   0x0000000e   Code   RO         3800    .text               mf_p.l(ffltui.o)
    0x00000492   0x00000492   0x00000028   Code   RO         3802    .text               mf_p.l(ffixui.o)
    0x000004ba   0x000004ba   0x00000002   PAD
    0x000004bc   0x000004bc   0x0000003c   Code   RO         3804    .text               mf_p.l(dfixui.o)
    0x000004f8   0x000004f8   0x00000028   Code   RO         3806    .text               mf_p.l(f2d.o)
    0x00000520   0x00000520   0x00000060   Code   RO         3823    .text               mc_p.l(uldiv.o)
    0x00000580   0x00000580   0x00000020   Code   RO         3825    .text               mc_p.l(llshl.o)
    0x000005a0   0x000005a0   0x00000022   Code   RO         3827    .text               mc_p.l(llushr.o)
    0x000005c2   0x000005c2   0x00000026   Code   RO         3829    .text               mc_p.l(llsshr.o)
    0x000005e8   0x000005e8   0x00000000   Code   RO         3831    .text               mc_p.l(iusefp.o)
    0x000005e8   0x000005e8   0x00000082   Code   RO         3832    .text               mf_p.l(fepilogue.o)
    0x0000066a   0x0000066a   0x000000be   Code   RO         3834    .text               mf_p.l(depilogue.o)
    0x00000728   0x00000728   0x000000d0   Code   RO         3838    .text               mf_p.l(dmul.o)
    0x000007f8   0x000007f8   0x000000f0   Code   RO         3840    .text               mf_p.l(ddiv.o)
    0x000008e8   0x000008e8   0x00000040   Code   RO         3842    .text               mf_p.l(dfixul.o)
    0x00000928   0x00000928   0x00000028   Code   RO         3844    .text               mf_p.l(cdrcmple.o)
    0x00000950   0x00000950   0x00000024   Code   RO         3846    .text               mc_p.l(init.o)
    0x00000974   0x00000974   0x0000000c   Code   RO          622    i.AC_GetCurrent     ac_measurement.o
    0x00000980   0x00000980   0x00000016   Code   RO          623    i.AC_Measurement_Init  ac_measurement.o
    0x00000996   0x00000996   0x00000002   PAD
    0x00000998   0x00000998   0x00000044   Code   RO          824    i.ADC_BufEnSingleCh  cw32f003_adc.o
    0x000009dc   0x000009dc   0x00000010   Code   RO          826    i.ADC_ClearITPendingBit  cw32f003_adc.o
    0x000009ec   0x000009ec   0x00000020   Code   RO          828    i.ADC_DeInit        cw32f003_adc.o
    0x00000a0c   0x00000a0c   0x00000098   Code   RO          574    i.ADC_Driver_Init   adc_driver.o
    0x00000aa4   0x00000aa4   0x00000020   Code   RO          832    i.ADC_Enable        cw32f003_adc.o
    0x00000ac4   0x00000ac4   0x0000000c   Code   RO          837    i.ADC_GetConversionValue  cw32f003_adc.o
    0x00000ad0   0x00000ad0   0x00000018   Code   RO          838    i.ADC_GetITStatus   cw32f003_adc.o
    0x00000ae8   0x00000ae8   0x00000002   Code   RO          128    i.ADC_IRQHandler    interrupts_cw32f003.o
    0x00000aea   0x00000aea   0x00000002   PAD
    0x00000aec   0x00000aec   0x00000084   Code   RO          847    i.ADC_Init          cw32f003_adc.o
    0x00000b70   0x00000b70   0x0000005e   Code   RO          575    i.ADC_Read_Channel_Raw  adc_driver.o
    0x00000bce   0x00000bce   0x00000002   PAD
    0x00000bd0   0x00000bd0   0x00000040   Code   RO          857    i.ADC_SingleChCommon  cw32f003_adc.o
    0x00000c10   0x00000c10   0x0000001c   Code   RO          860    i.ADC_SingleChOneModeCfg  cw32f003_adc.o
    0x00000c2c   0x00000c2c   0x00000024   Code   RO          861    i.ADC_SoftwareStartConvCmd  cw32f003_adc.o
    0x00000c50   0x00000c50   0x00000054   Code   RO          867    i.ADC_WdtConfig     cw32f003_adc.o
    0x00000ca4   0x00000ca4   0x0000001c   Code   RO          868    i.ADC_WdtInit       cw32f003_adc.o
    0x00000cc0   0x00000cc0   0x0000000c   Code   RO         1137    i.ATIM_ClearITPendingBit  cw32f003_atim.o
    0x00000ccc   0x00000ccc   0x00000018   Code   RO         1138    i.ATIM_Cmd          cw32f003_atim.o
    0x00000ce4   0x00000ce4   0x00000020   Code   RO         1139    i.ATIM_CtrlPWMOutputs  cw32f003_atim.o
    0x00000d04   0x00000d04   0x00000018   Code   RO         1149    i.ATIM_GetITStatus  cw32f003_atim.o
    0x00000d1c   0x00000d1c   0x00000014   Code   RO          129    i.ATIM_IRQHandler   interrupts_cw32f003.o
    0x00000d30   0x00000d30   0x00000068   Code   RO         1158    i.ATIM_Init         cw32f003_atim.o
    0x00000d98   0x00000d98   0x00000054   Code   RO         1163    i.ATIM_OC2BInit     cw32f003_atim.o
    0x00000dec   0x00000dec   0x0000000c   Code   RO         1171    i.ATIM_SetCompare2B  cw32f003_atim.o
    0x00000df8   0x00000df8   0x00000002   Code   RO          130    i.AWT_IRQHandler    interrupts_cw32f003.o
    0x00000dfa   0x00000dfa   0x00000002   Code   RO          131    i.BTIM1_IRQHandler  interrupts_cw32f003.o
    0x00000dfc   0x00000dfc   0x00000002   Code   RO          132    i.BTIM2_IRQHandler  interrupts_cw32f003.o
    0x00000dfe   0x00000dfe   0x00000002   Code   RO          133    i.BTIM3_IRQHandler  interrupts_cw32f003.o
    0x00000e00   0x00000e00   0x00000050   Code   RO          737    i.CP_ReadState      cp_signal.o
    0x00000e50   0x00000e50   0x00000054   Code   RO          738    i.CP_SetMaxCurrentPWM  cp_signal.o
    0x00000ea4   0x00000ea4   0x00000074   Code   RO          739    i.CP_Signal_Init    cp_signal.o
    0x00000f18   0x00000f18   0x0000001c   Code   RO          697    i.Contactor_Close   contactor_control.o
    0x00000f34   0x00000f34   0x0000001c   Code   RO          698    i.Contactor_Init    contactor_control.o
    0x00000f50   0x00000f50   0x0000001c   Code   RO          700    i.Contactor_Open    contactor_control.o
    0x00000f6c   0x00000f6c   0x00000040   Code   RO           12    i.Error_Handler     main.o
    0x00000fac   0x00000fac   0x00000002   Code   RO          134    i.FLASHRAM_IRQHandler  interrupts_cw32f003.o
    0x00000fae   0x00000fae   0x00000002   PAD
    0x00000fb0   0x00000fb0   0x00000024   Code   RO         1762    i.FLASH_SetLatency  cw32f003_flash.o
    0x00000fd4   0x00000fd4   0x00000012   Code   RO         3476    i.FirmwareDelay     system_cw32f003.o
    0x00000fe6   0x00000fe6   0x00000002   Code   RO          135    i.GPIOA_IRQHandler  interrupts_cw32f003.o
    0x00000fe8   0x00000fe8   0x00000002   Code   RO          136    i.GPIOB_IRQHandler  interrupts_cw32f003.o
    0x00000fea   0x00000fea   0x00000002   Code   RO          137    i.GPIOC_IRQHandler  interrupts_cw32f003.o
    0x00000fec   0x00000fec   0x000000e2   Code   RO         1869    i.GPIO_Init         cw32f003_gpio.o
    0x000010ce   0x000010ce   0x0000000c   Code   RO         1874    i.GPIO_WritePin     cw32f003_gpio.o
    0x000010da   0x000010da   0x00000002   Code   RO          138    i.GTIM_IRQHandler   interrupts_cw32f003.o
    0x000010dc   0x000010dc   0x0000000c   Code   RO         2934    i.GetTick           cw32f003_systick.o
    0x000010e8   0x000010e8   0x00000004   Code   RO          139    i.HardFault_Handler  interrupts_cw32f003.o
    0x000010ec   0x000010ec   0x00000028   Code   RO         2094    i.I2C_AcknowledgeConfig  cw32f003_i2c.o
    0x00001114   0x00001114   0x00000028   Code   RO         2095    i.I2C_BaudGeneratorEnable  cw32f003_i2c.o
    0x0000113c   0x0000113c   0x00000014   Code   RO         2096    i.I2C_ClearIrq      cw32f003_i2c.o
    0x00001150   0x00001150   0x00000028   Code   RO         2097    i.I2C_Cmd           cw32f003_i2c.o
    0x00001178   0x00001178   0x0000002c   Code   RO         2098    i.I2C_DeInit        cw32f003_i2c.o
    0x000011a4   0x000011a4   0x00000028   Code   RO         2099    i.I2C_FilterConfig  cw32f003_i2c.o
    0x000011cc   0x000011cc   0x00000064   Code   RO         2101    i.I2C_GenerateSTART  cw32f003_i2c.o
    0x00001230   0x00001230   0x00000028   Code   RO         2102    i.I2C_GenerateSTOP  cw32f003_i2c.o
    0x00001258   0x00001258   0x00000010   Code   RO         2103    i.I2C_GetIrq        cw32f003_i2c.o
    0x00001268   0x00001268   0x0000000c   Code   RO         2104    i.I2C_GetState      cw32f003_i2c.o
    0x00001274   0x00001274   0x00000002   Code   RO          140    i.I2C_IRQHandler    interrupts_cw32f003.o
    0x00001276   0x00001276   0x0000002a   Code   RO         2109    i.I2C_Master_Init   cw32f003_i2c.o
    0x000012a0   0x000012a0   0x00000018   Code   RO         2111    i.I2C_Send7bitAddress  cw32f003_i2c.o
    0x000012b8   0x000012b8   0x0000000c   Code   RO         2112    i.I2C_SendData      cw32f003_i2c.o
    0x000012c4   0x000012c4   0x0000000c   Code   RO         2113    i.I2C_SetBaud       cw32f003_i2c.o
    0x000012d0   0x000012d0   0x00000010   Code   RO         2327    i.IWDT_Cmd          cw32f003_iwdt.o
    0x000012e0   0x000012e0   0x00000064   Code   RO         2274    i.IWDT_Init         cw32f003_iwdt.o
    0x00001344   0x00001344   0x00000010   Code   RO         2333    i.IWDT_Refresh      cw32f003_iwdt.o
    0x00001354   0x00001354   0x00000010   Code   RO         2339    i.IWDT_Unlock       cw32f003_iwdt.o
    0x00001364   0x00001364   0x0000006c   Code   RO         2935    i.InitTick          cw32f003_systick.o
    0x000013d0   0x000013d0   0x00000002   Code   RO          141    i.LVD_IRQHandler    interrupts_cw32f003.o
    0x000013d2   0x000013d2   0x00000002   Code   RO          142    i.NMI_Handler       interrupts_cw32f003.o
    0x000013d4   0x000013d4   0x0000002a   Code   RO          456    i.OLED_Clear        oled_driver.o
    0x000013fe   0x000013fe   0x00000002   PAD
    0x00001400   0x00001400   0x00000124   Code   RO          460    i.OLED_Init         oled_driver.o
    0x00001524   0x00001524   0x0000002c   Code   RO          461    i.OLED_SetCursor    oled_driver.o
    0x00001550   0x00001550   0x00000098   Code   RO          462    i.OLED_ShowChar     oled_driver.o
    0x000015e8   0x000015e8   0x0000006e   Code   RO          465    i.OLED_ShowString   oled_driver.o
    0x00001656   0x00001656   0x00000002   PAD
    0x00001658   0x00001658   0x000000e8   Code   RO          467    i.OLED_WriteBytes   oled_driver.o
    0x00001740   0x00001740   0x0000000e   Code   RO          468    i.OLED_WriteCommand  oled_driver.o
    0x0000174e   0x0000174e   0x0000000e   Code   RO          469    i.OLED_WriteData    oled_driver.o
    0x0000175c   0x0000175c   0x00000084   Code   RO          769    i.PP_GetCableCapacity  pp_signal.o
    0x000017e0   0x000017e0   0x00000016   Code   RO          770    i.PP_Signal_Init    pp_signal.o
    0x000017f6   0x000017f6   0x00000002   PAD
    0x000017f8   0x000017f8   0x00000180   Code   RO          395    i.PWM_Driver_Init   pwm_driver.o
    0x00001978   0x00001978   0x0000003c   Code   RO          398    i.PWM_Set_DutyCycle  pwm_driver.o
    0x000019b4   0x000019b4   0x0000000a   Code   RO          400    i.PWM_Start         pwm_driver.o
    0x000019be   0x000019be   0x00000002   Code   RO          143    i.PendSV_Handler    interrupts_cw32f003.o
    0x000019c0   0x000019c0   0x00000020   Code   RO         2546    i.RCC_AHBPeriphClk_Enable  cw32f003_rcc.o
    0x000019e0   0x000019e0   0x00000020   Code   RO         2548    i.RCC_APBPeriphClk_Enable1  cw32f003_rcc.o
    0x00001a00   0x00001a00   0x00000020   Code   RO         2549    i.RCC_APBPeriphClk_Enable2  cw32f003_rcc.o
    0x00001a20   0x00001a20   0x00000018   Code   RO         2566    i.RCC_GetStableFlag  cw32f003_rcc.o
    0x00001a38   0x00001a38   0x00000038   Code   RO         2572    i.RCC_HSI_Enable    cw32f003_rcc.o
    0x00001a70   0x00001a70   0x00000040   Code   RO         2584    i.RCC_SysClk_Switch  cw32f003_rcc.o
    0x00001ab0   0x00001ab0   0x00000078   Code   RO         2585    i.RCC_Sysctrl_GetHClkFreq  cw32f003_rcc.o
    0x00001b28   0x00001b28   0x00000020   Code   RO         2586    i.RCC_Sysctrl_GetPClkFreq  cw32f003_rcc.o
    0x00001b48   0x00001b48   0x0000000c   Code   RO         2587    i.RCC_SystemCoreClockUpdate  cw32f003_rcc.o
    0x00001b54   0x00001b54   0x00000048   Code   RO          304    i.RingBuffer_Get    uart_driver.o
    0x00001b9c   0x00001b9c   0x00000010   Code   RO          305    i.RingBuffer_Init   uart_driver.o
    0x00001bac   0x00001bac   0x00000012   Code   RO          306    i.RingBuffer_IsEmpty  uart_driver.o
    0x00001bbe   0x00001bbe   0x00000012   Code   RO          307    i.RingBuffer_IsFull  uart_driver.o
    0x00001bd0   0x00001bd0   0x00000046   Code   RO          308    i.RingBuffer_Put    uart_driver.o
    0x00001c16   0x00001c16   0x00000002   PAD
    0x00001c18   0x00001c18   0x0000000c   Code   RO          652    i.SM_GetCurrentState  charging_sm.o
    0x00001c24   0x00001c24   0x00000064   Code   RO          653    i.SM_Init           charging_sm.o
    0x00001c88   0x00001c88   0x00000410   Code   RO          654    i.SM_RunStateMachine  charging_sm.o
    0x00002098   0x00002098   0x00000002   Code   RO          144    i.SPI_IRQHandler    interrupts_cw32f003.o
    0x0000209a   0x0000209a   0x00000002   Code   RO          145    i.SVC_Handler       interrupts_cw32f003.o
    0x0000209c   0x0000209c   0x00000002   Code   RO          146    i.SYSCTRL_IRQHandler  interrupts_cw32f003.o
    0x0000209e   0x0000209e   0x00000002   PAD
    0x000020a0   0x000020a0   0x0000002c   Code   RO         2938    i.SysTickDelay      cw32f003_systick.o
    0x000020cc   0x000020cc   0x00000010   Code   RO          147    i.SysTick_Handler   interrupts_cw32f003.o
    0x000020dc   0x000020dc   0x0000006c   Code   RO         3478    i.SystemCoreClockUpdate  system_cw32f003.o
    0x00002148   0x00002148   0x0000005c   Code   RO         3479    i.SystemInit        system_cw32f003.o
    0x000021a4   0x000021a4   0x00000160   Code   RO           13    i.System_Init       main.o
    0x00002304   0x00002304   0x00000028   Code   RO          148    i.UART1_IRQHandler  interrupts_cw32f003.o
    0x0000232c   0x0000232c   0x00000002   Code   RO          149    i.UART2_IRQHandler  interrupts_cw32f003.o
    0x0000232e   0x0000232e   0x00000002   PAD
    0x00002330   0x00002330   0x00000034   Code   RO          310    i.UART_Driver_Handle_RC  uart_driver.o
    0x00002364   0x00002364   0x00000030   Code   RO          311    i.UART_Driver_Handle_TXE  uart_driver.o
    0x00002394   0x00002394   0x000000f8   Code   RO          312    i.UART_Driver_Init  uart_driver.o
    0x0000248c   0x0000248c   0x00000008   Code   RO          795    i.UI_Display_Init   ui_display.o
    0x00002494   0x00002494   0x00000134   Code   RO          796    i.UI_UpdateDisplay  ui_display.o
    0x000025c8   0x000025c8   0x00000008   Code   RO         3001    i.USART_ClearITPendingBit  cw32f003_uart.o
    0x000025d0   0x000025d0   0x00000012   Code   RO         3005    i.USART_GetFlagStatus  cw32f003_uart.o
    0x000025e2   0x000025e2   0x00000012   Code   RO         3006    i.USART_GetITStatus  cw32f003_uart.o
    0x000025f4   0x000025f4   0x0000001a   Code   RO         3008    i.USART_ITConfig    cw32f003_uart.o
    0x0000260e   0x0000260e   0x00000002   PAD
    0x00002610   0x00002610   0x00000174   Code   RO         3009    i.USART_Init        cw32f003_uart.o
    0x00002784   0x00002784   0x00000008   Code   RO         3012    i.USART_ReceiveData_8bit  cw32f003_uart.o
    0x0000278c   0x0000278c   0x00000004   Code   RO         3014    i.USART_SendData_8bit  cw32f003_uart.o
    0x00002790   0x00002790   0x00000002   Code   RO          150    i.VC1_IRQHandler    interrupts_cw32f003.o
    0x00002792   0x00002792   0x00000002   Code   RO          151    i.VC2_IRQHandler    interrupts_cw32f003.o
    0x00002794   0x00002794   0x00000002   Code   RO          152    i.WDT_IRQHandler    interrupts_cw32f003.o
    0x00002796   0x00002796   0x00000002   PAD
    0x00002798   0x00002798   0x00000020   Code   RO         3762    i.__0printf         mc_p.l(printfa.o)
    0x000027b8   0x000027b8   0x00000028   Code   RO         3764    i.__0sprintf        mc_p.l(printfa.o)
    0x000027e0   0x000027e0   0x0000002e   Code   RO         3836    i.__ARM_clz         mf_p.l(depilogue.o)
    0x0000280e   0x0000280e   0x0000001c   Code   RO          681    i.__ARM_common_switch8  charging_sm.o
    0x0000282a   0x0000282a   0x00000002   PAD
    0x0000282c   0x0000282c   0x00000078   Code   RO          315    i.__NVIC_SetPriority  uart_driver.o
    0x000028a4   0x000028a4   0x00000078   Code   RO         2940    i.__NVIC_SetPriority  cw32f003_systick.o
    0x0000291c   0x0000291c   0x0000000e   Code   RO         3850    i.__scatterload_copy  mc_p.l(handlers.o)
    0x0000292a   0x0000292a   0x00000002   Code   RO         3851    i.__scatterload_null  mc_p.l(handlers.o)
    0x0000292c   0x0000292c   0x0000000e   Code   RO         3852    i.__scatterload_zeroinit  mc_p.l(handlers.o)
    0x0000293a   0x0000293a   0x00000002   PAD
    0x0000293c   0x0000293c   0x00000174   Code   RO         3769    i._fp_digits        mc_p.l(printfa.o)
    0x00002ab0   0x00002ab0   0x000006ec   Code   RO         3770    i._printf_core      mc_p.l(printfa.o)
    0x0000319c   0x0000319c   0x00000020   Code   RO         3771    i._printf_post_padding  mc_p.l(printfa.o)
    0x000031bc   0x000031bc   0x0000002c   Code   RO         3772    i._printf_pre_padding  mc_p.l(printfa.o)
    0x000031e8   0x000031e8   0x0000000a   Code   RO         3774    i._sputc            mc_p.l(printfa.o)
    0x000031f2   0x000031f2   0x00000002   PAD
    0x000031f4   0x000031f4   0x00000044   Code   RO          316    i.fputc             uart_driver.o
    0x00003238   0x00003238   0x00000044   Code   RO           14    i.main              main.o
    0x0000327c   0x0000327c   0x00000818   Data   RO          472    .constdata          oled_driver.o
    0x00003a94   0x00003a94   0x00000028   Data   RO          797    .constdata          ui_display.o
    0x00003abc   0x00003abc   0x00000040   Data   RO         2589    .constdata          cw32f003_rcc.o
    0x00003afc   0x00003afc   0x00000020   Data   RO         3848    Region$$Table       anon$$obj.o


    Execution Region RW_IRAM1 (Exec base: 0x20000000, Load base: 0x00003b1c, Size: 0x000002b8, Max: 0x00000c00, ABSOLUTE)

    Exec Addr    Load Addr    Size         Type   Attr      Idx    E Section Name        Object

    0x20000000   0x00003b1c   0x00000005   Data   RW          402    .data               pwm_driver.o
    0x20000005   0x00003b21   0x00000003   PAD
    0x20000008   0x00003b24   0x00000004   Data   RW          624    .data               ac_measurement.o
    0x2000000c   0x00003b28   0x00000005   Data   RW          655    .data               charging_sm.o
    0x20000011   0x00003b2d   0x00000001   Data   RW          701    .data               contactor_control.o
    0x20000012   0x00003b2e   0x00000002   PAD
    0x20000014   0x00003b30   0x00000009   Data   RW         2941    .data               cw32f003_systick.o
    0x2000001d   0x00003b39   0x00000003   PAD
    0x20000020   0x00003b3c   0x00000004   Data   RW         3480    .data               system_cw32f003.o
    0x20000024   0x00003b40   0x00000004   Data   RW         3822    .data               mc_p.l(stdout.o)
    0x20000028        -       0x0000008c   Zero   RW          317    .bss                uart_driver.o
    0x200000b4   0x00003b44   0x00000004   PAD
    0x200000b8        -       0x00000200   Zero   RW            1    STACK               startup_cw32f003.o


==============================================================================

Image component sizes


      Code (inc. data)   RO Data    RW Data    ZI Data      Debug   Object Name

        34          6          0          4          0        914   ac_measurement.o
       246         48          0          0          0       1225   adc_driver.o
      1180        728          0          5          0       2496   charging_sm.o
        84         20          0          1          0       1520   contactor_control.o
       280         44          0          0          0       2442   cp_signal.o
       556         70          0          0          0       5991   cw32f003_adc.o
       292         40          0          0          0       3553   cw32f003_atim.o
        36         12          0          0          0        459   cw32f003_flash.o
       238          0          0          0          0       1424   cw32f003_gpio.o
       482         72          0          0          0       6603   cw32f003_i2c.o
       148         42          0          0          0       1952   cw32f003_iwdt.o
       404         72         64          0          0       5078   cw32f003_rcc.o
       284         40          0          9          0      10395   cw32f003_systick.o
       454         10          0          0          0       4213   cw32f003_uart.o
       122          8          0          0          0      10190   interrupts_cw32f003.o
       484        252          0          0          0     130275   main.o
       900         26       2072          0          0       7426   oled_driver.o
       154         14          0          0          0       1967   pp_signal.o
       454         28          0          5          0      10366   pwm_driver.o
        60         22        192          0        512        608   startup_cw32f003.o
       218         32          0          4          0       2159   system_cw32f003.o
       730         64          0          0        140      13080   uart_driver.o
       316        110         40          0          0       1149   ui_display.o

    ----------------------------------------------------------------------
      8182       1760       2400         36        656     225485   Object Totals
         0          0         32          0          0          0   (incl. Generated)
        26          0          0          8          4          0   (incl. Padding)

    ----------------------------------------------------------------------

      Code (inc. data)   RO Data    RW Data    ZI Data      Debug   Library Member Name

         0          0          0          0          0          0   entry.o
         0          0          0          0          0          0   entry10a.o
         0          0          0          0          0          0   entry11a.o
         8          4          0          0          0          0   entry2.o
         4          0          0          0          0          0   entry5.o
         0          0          0          0          0          0   entry7b.o
         0          0          0          0          0          0   entry8b.o
         8          4          0          0          0          0   entry9a.o
        30          0          0          0          0          0   handlers.o
        36          8          0          0          0         68   init.o
         0          0          0          0          0          0   iusefp.o
        32          0          0          0          0         68   llshl.o
        38          0          0          0          0         68   llsshr.o
        34          0          0          0          0         68   llushr.o
        36          0          0          0          0         60   memcpya.o
      2302        102          0          0          0        556   printfa.o
         0          0          0          4          0          0   stdout.o
        24          0          0          0          0         60   strcat.o
        44          0          0          0          0         72   uidiv.o
        96          0          0          0          0         84   uldiv.o
        40          2          0          0          0         68   cdrcmple.o
       356          4          0          0          0        140   dadd.o
       240          6          0          0          0         84   ddiv.o
       236          0          0          0          0        216   depilogue.o
        60         10          0          0          0         68   dfixui.o
        64         10          0          0          0         68   dfixul.o
       208          6          0          0          0         88   dmul.o
        40          0          0          0          0         60   f2d.o
       178          0          0          0          0        108   fadd.o
       124          0          0          0          0         72   fdiv.o
       130          0          0          0          0        144   fepilogue.o
        40          0          0          0          0         60   ffixui.o
        14          0          0          0          0         68   ffltui.o
       122          0          0          0          0         72   fmul.o

    ----------------------------------------------------------------------
      4550        156          0          4          0       2420   Library Totals
         6          0          0          0          0          0   (incl. Padding)

    ----------------------------------------------------------------------

      Code (inc. data)   RO Data    RW Data    ZI Data      Debug   Library Name

      2692        118          0          4          0       1104   mc_p.l
      1852         38          0          0          0       1316   mf_p.l

    ----------------------------------------------------------------------
      4550        156          0          4          0       2420   Library Totals

    ----------------------------------------------------------------------

==============================================================================


      Code (inc. data)   RO Data    RW Data    ZI Data      Debug   

     12732       1916       2400         40        656     221317   Grand Totals
     12732       1916       2400         40        656     221317   ELF Image Totals
     12732       1916       2400         40          0          0   ROM Totals

==============================================================================

    Total RO  Size (Code + RO Data)                15132 (  14.78kB)
    Total RW  Size (RW Data + ZI Data)               696 (   0.68kB)
    Total ROM Size (Code + RO Data + RW Data)      15172 (  14.82kB)

==============================================================================

