Component: ARM Compiler 5.06 update 5 (build 528) Tool: armlink [4d35e2]

==============================================================================

Image Symbol Table

    Local Symbols

    Symbol Name                              Value     Ov Type        Size  Object(Section)

    RESET                                    0x00000000   Section      192  startup_cw32f003.o(RESET)
    ../clib/microlib/division.c              0x00000000   Number         0  uldiv.o ABSOLUTE
    ../clib/microlib/division.c              0x00000000   Number         0  uidiv.o ABSOLUTE
    ../clib/microlib/init/entry.s            0x00000000   Number         0  entry.o ABSOLUTE
    ../clib/microlib/init/entry.s            0x00000000   Number         0  entry5.o ABSOLUTE
    ../clib/microlib/init/entry.s            0x00000000   Number         0  entry9a.o ABSOLUTE
    ../clib/microlib/init/entry.s            0x00000000   Number         0  entry2.o ABSOLUTE
    ../clib/microlib/init/entry.s            0x00000000   Number         0  entry7a.o ABSOLUTE
    ../clib/microlib/init/entry.s            0x00000000   Number         0  entry7b.o ABSOLUTE
    ../clib/microlib/init/entry.s            0x00000000   Number         0  entry11b.o ABSOLUTE
    ../clib/microlib/init/entry.s            0x00000000   Number         0  entry8a.o ABSOLUTE
    ../clib/microlib/init/entry.s            0x00000000   Number         0  entry8b.o ABSOLUTE
    ../clib/microlib/init/entry.s            0x00000000   Number         0  entry9b.o ABSOLUTE
    ../clib/microlib/init/entry.s            0x00000000   Number         0  entry11a.o ABSOLUTE
    ../clib/microlib/init/entry.s            0x00000000   Number         0  entry10b.o ABSOLUTE
    ../clib/microlib/init/entry.s            0x00000000   Number         0  entry10a.o ABSOLUTE
    ../clib/microlib/longlong.c              0x00000000   Number         0  llshl.o ABSOLUTE
    ../clib/microlib/longlong.c              0x00000000   Number         0  llsshr.o ABSOLUTE
    ../clib/microlib/longlong.c              0x00000000   Number         0  llushr.o ABSOLUTE
    ../clib/microlib/printf/printf.c         0x00000000   Number         0  printf8.o ABSOLUTE
    ../clib/microlib/printf/printf.c         0x00000000   Number         0  printfa.o ABSOLUTE
    ../clib/microlib/printf/printf.c         0x00000000   Number         0  printfb.o ABSOLUTE
    ../clib/microlib/printf/printf.c         0x00000000   Number         0  printf2.o ABSOLUTE
    ../clib/microlib/printf/printf.c         0x00000000   Number         0  printf0.o ABSOLUTE
    ../clib/microlib/printf/printf.c         0x00000000   Number         0  printf1.o ABSOLUTE
    ../clib/microlib/printf/printf.c         0x00000000   Number         0  printf3.o ABSOLUTE
    ../clib/microlib/printf/printf.c         0x00000000   Number         0  printf4.o ABSOLUTE
    ../clib/microlib/printf/printf.c         0x00000000   Number         0  printf5.o ABSOLUTE
    ../clib/microlib/printf/printf.c         0x00000000   Number         0  printf6.o ABSOLUTE
    ../clib/microlib/printf/printf.c         0x00000000   Number         0  printf7.o ABSOLUTE
    ../clib/microlib/printf/stubs.s          0x00000000   Number         0  stubs.o ABSOLUTE
    ../clib/microlib/stdio/streams.c         0x00000000   Number         0  stdout.o ABSOLUTE
    ../clib/microlib/string/memcpy.c         0x00000000   Number         0  memcpya.o ABSOLUTE
    ../clib/microlib/string/memcpy.c         0x00000000   Number         0  memcpyb.o ABSOLUTE
    ../clib/microlib/string/memset.c         0x00000000   Number         0  memseta.o ABSOLUTE
    ../clib/microlib/string/strcat.c         0x00000000   Number         0  strcat.o ABSOLUTE
    ../clib/microlib/stubs.s                 0x00000000   Number         0  iusefp.o ABSOLUTE
    ../fplib/microlib/f2d.c                  0x00000000   Number         0  f2d.o ABSOLUTE
    ../fplib/microlib/fpadd.c                0x00000000   Number         0  dadd.o ABSOLUTE
    ../fplib/microlib/fpadd.c                0x00000000   Number         0  fadd.o ABSOLUTE
    ../fplib/microlib/fpdiv.c                0x00000000   Number         0  fdiv.o ABSOLUTE
    ../fplib/microlib/fpdiv.c                0x00000000   Number         0  ddiv.o ABSOLUTE
    ../fplib/microlib/fpepilogue.c           0x00000000   Number         0  depilogue.o ABSOLUTE
    ../fplib/microlib/fpepilogue.c           0x00000000   Number         0  fepilogue.o ABSOLUTE
    ../fplib/microlib/fpfix.c                0x00000000   Number         0  dfixui.o ABSOLUTE
    ../fplib/microlib/fpfix.c                0x00000000   Number         0  ffixui.o ABSOLUTE
    ../fplib/microlib/fpfix.c                0x00000000   Number         0  dfixul.o ABSOLUTE
    ../fplib/microlib/fpflt.c                0x00000000   Number         0  fflti.o ABSOLUTE
    ../fplib/microlib/fpflt.c                0x00000000   Number         0  ffltui.o ABSOLUTE
    ../fplib/microlib/fpmul.c                0x00000000   Number         0  dmul.o ABSOLUTE
    ../fplib/microlib/fpmul.c                0x00000000   Number         0  fmul.o ABSOLUTE
    ..\Libraries\src\cw32f003_adc.c          0x00000000   Number         0  cw32f003_adc.o ABSOLUTE
    ..\Libraries\src\cw32f003_atim.c         0x00000000   Number         0  cw32f003_atim.o ABSOLUTE
    ..\Libraries\src\cw32f003_awt.c          0x00000000   Number         0  cw32f003_awt.o ABSOLUTE
    ..\Libraries\src\cw32f003_btim.c         0x00000000   Number         0  cw32f003_btim.o ABSOLUTE
    ..\Libraries\src\cw32f003_crc.c          0x00000000   Number         0  cw32f003_crc.o ABSOLUTE
    ..\Libraries\src\cw32f003_debug.c        0x00000000   Number         0  cw32f003_debug.o ABSOLUTE
    ..\Libraries\src\cw32f003_digitalsign.c  0x00000000   Number         0  cw32f003_digitalsign.o ABSOLUTE
    ..\Libraries\src\cw32f003_flash.c        0x00000000   Number         0  cw32f003_flash.o ABSOLUTE
    ..\Libraries\src\cw32f003_gpio.c         0x00000000   Number         0  cw32f003_gpio.o ABSOLUTE
    ..\Libraries\src\cw32f003_gtim.c         0x00000000   Number         0  cw32f003_gtim.o ABSOLUTE
    ..\Libraries\src\cw32f003_i2c.c          0x00000000   Number         0  cw32f003_i2c.o ABSOLUTE
    ..\Libraries\src\cw32f003_iwdt.c         0x00000000   Number         0  cw32f003_iwdt.o ABSOLUTE
    ..\Libraries\src\cw32f003_lvd.c          0x00000000   Number         0  cw32f003_lvd.o ABSOLUTE
    ..\Libraries\src\cw32f003_pwr.c          0x00000000   Number         0  cw32f003_pwr.o ABSOLUTE
    ..\Libraries\src\cw32f003_ram.c          0x00000000   Number         0  cw32f003_ram.o ABSOLUTE
    ..\Libraries\src\cw32f003_rcc.c          0x00000000   Number         0  cw32f003_rcc.o ABSOLUTE
    ..\Libraries\src\cw32f003_spi.c          0x00000000   Number         0  cw32f003_spi.o ABSOLUTE
    ..\Libraries\src\cw32f003_systick.c      0x00000000   Number         0  cw32f003_systick.o ABSOLUTE
    ..\Libraries\src\cw32f003_uart.c         0x00000000   Number         0  cw32f003_uart.o ABSOLUTE
    ..\Libraries\src\cw32f003_vc.c           0x00000000   Number         0  cw32f003_vc.o ABSOLUTE
    ..\Libraries\src\cw32f003_wwdt.c         0x00000000   Number         0  cw32f003_wwdt.o ABSOLUTE
    ..\Libraries\src\system_cw32f003.c       0x00000000   Number         0  system_cw32f003.o ABSOLUTE
    ..\USER\src\ac_measurement.c             0x00000000   Number         0  ac_measurement.o ABSOLUTE
    ..\USER\src\adc_driver.c                 0x00000000   Number         0  adc_driver.o ABSOLUTE
    ..\USER\src\charging_sm.c                0x00000000   Number         0  charging_sm.o ABSOLUTE
    ..\USER\src\contactor_control.c          0x00000000   Number         0  contactor_control.o ABSOLUTE
    ..\USER\src\cp_signal.c                  0x00000000   Number         0  cp_signal.o ABSOLUTE
    ..\USER\src\hlw_uart_driver.c            0x00000000   Number         0  hlw_uart_driver.o ABSOLUTE
    ..\USER\src\interrupts_cw32f003.c        0x00000000   Number         0  interrupts_cw32f003.o ABSOLUTE
    ..\USER\src\main.c                       0x00000000   Number         0  main.o ABSOLUTE
    ..\USER\src\pp_signal.c                  0x00000000   Number         0  pp_signal.o ABSOLUTE
    ..\USER\src\pwm_driver.c                 0x00000000   Number         0  pwm_driver.o ABSOLUTE
    ..\USER\src\spi_oled_driver.c            0x00000000   Number         0  spi_oled_driver.o ABSOLUTE
    ..\USER\src\uart_driver.c                0x00000000   Number         0  uart_driver.o ABSOLUTE
    ..\USER\src\ui_display.c                 0x00000000   Number         0  ui_display.o ABSOLUTE
    ..\\Libraries\\src\\cw32f003_adc.c       0x00000000   Number         0  cw32f003_adc.o ABSOLUTE
    ..\\Libraries\\src\\cw32f003_atim.c      0x00000000   Number         0  cw32f003_atim.o ABSOLUTE
    ..\\Libraries\\src\\cw32f003_awt.c       0x00000000   Number         0  cw32f003_awt.o ABSOLUTE
    ..\\Libraries\\src\\cw32f003_btim.c      0x00000000   Number         0  cw32f003_btim.o ABSOLUTE
    ..\\Libraries\\src\\cw32f003_crc.c       0x00000000   Number         0  cw32f003_crc.o ABSOLUTE
    ..\\Libraries\\src\\cw32f003_debug.c     0x00000000   Number         0  cw32f003_debug.o ABSOLUTE
    ..\\Libraries\\src\\cw32f003_digitalsign.c 0x00000000   Number         0  cw32f003_digitalsign.o ABSOLUTE
    ..\\Libraries\\src\\cw32f003_flash.c     0x00000000   Number         0  cw32f003_flash.o ABSOLUTE
    ..\\Libraries\\src\\cw32f003_gpio.c      0x00000000   Number         0  cw32f003_gpio.o ABSOLUTE
    ..\\Libraries\\src\\cw32f003_gtim.c      0x00000000   Number         0  cw32f003_gtim.o ABSOLUTE
    ..\\Libraries\\src\\cw32f003_i2c.c       0x00000000   Number         0  cw32f003_i2c.o ABSOLUTE
    ..\\Libraries\\src\\cw32f003_iwdt.c      0x00000000   Number         0  cw32f003_iwdt.o ABSOLUTE
    ..\\Libraries\\src\\cw32f003_lvd.c       0x00000000   Number         0  cw32f003_lvd.o ABSOLUTE
    ..\\Libraries\\src\\cw32f003_pwr.c       0x00000000   Number         0  cw32f003_pwr.o ABSOLUTE
    ..\\Libraries\\src\\cw32f003_ram.c       0x00000000   Number         0  cw32f003_ram.o ABSOLUTE
    ..\\Libraries\\src\\cw32f003_rcc.c       0x00000000   Number         0  cw32f003_rcc.o ABSOLUTE
    ..\\Libraries\\src\\cw32f003_spi.c       0x00000000   Number         0  cw32f003_spi.o ABSOLUTE
    ..\\Libraries\\src\\cw32f003_systick.c   0x00000000   Number         0  cw32f003_systick.o ABSOLUTE
    ..\\Libraries\\src\\cw32f003_uart.c      0x00000000   Number         0  cw32f003_uart.o ABSOLUTE
    ..\\Libraries\\src\\cw32f003_vc.c        0x00000000   Number         0  cw32f003_vc.o ABSOLUTE
    ..\\Libraries\\src\\cw32f003_wwdt.c      0x00000000   Number         0  cw32f003_wwdt.o ABSOLUTE
    ..\\Libraries\\src\\system_cw32f003.c    0x00000000   Number         0  system_cw32f003.o ABSOLUTE
    ..\\USER\\src\\ac_measurement.c          0x00000000   Number         0  ac_measurement.o ABSOLUTE
    ..\\USER\\src\\adc_driver.c              0x00000000   Number         0  adc_driver.o ABSOLUTE
    ..\\USER\\src\\charging_sm.c             0x00000000   Number         0  charging_sm.o ABSOLUTE
    ..\\USER\\src\\contactor_control.c       0x00000000   Number         0  contactor_control.o ABSOLUTE
    ..\\USER\\src\\cp_signal.c               0x00000000   Number         0  cp_signal.o ABSOLUTE
    ..\\USER\\src\\hlw_uart_driver.c         0x00000000   Number         0  hlw_uart_driver.o ABSOLUTE
    ..\\USER\\src\\interrupts_cw32f003.c     0x00000000   Number         0  interrupts_cw32f003.o ABSOLUTE
    ..\\USER\\src\\main.c                    0x00000000   Number         0  main.o ABSOLUTE
    ..\\USER\\src\\pp_signal.c               0x00000000   Number         0  pp_signal.o ABSOLUTE
    ..\\USER\\src\\pwm_driver.c              0x00000000   Number         0  pwm_driver.o ABSOLUTE
    ..\\USER\\src\\spi_oled_driver.c         0x00000000   Number         0  spi_oled_driver.o ABSOLUTE
    ..\\USER\\src\\uart_driver.c             0x00000000   Number         0  uart_driver.o ABSOLUTE
    ..\\USER\\src\\ui_display.c              0x00000000   Number         0  ui_display.o ABSOLUTE
    ..\startup_cw32f003.s                    0x00000000   Number         0  startup_cw32f003.o ABSOLUTE
    cdrcmple.s                               0x00000000   Number         0  cdrcmple.o ABSOLUTE
    dc.s                                     0x00000000   Number         0  dc.o ABSOLUTE
    handlers.s                               0x00000000   Number         0  handlers.o ABSOLUTE
    init.s                                   0x00000000   Number         0  init.o ABSOLUTE
    .ARM.Collect$$$$00000000                 0x000000c0   Section        0  entry.o(.ARM.Collect$$$$00000000)
    .ARM.Collect$$$$00000001                 0x000000c0   Section        4  entry2.o(.ARM.Collect$$$$00000001)
    .ARM.Collect$$$$00000004                 0x000000c4   Section        4  entry5.o(.ARM.Collect$$$$00000004)
    .ARM.Collect$$$$00000008                 0x000000c8   Section        0  entry7b.o(.ARM.Collect$$$$00000008)
    .ARM.Collect$$$$0000000A                 0x000000c8   Section        0  entry8b.o(.ARM.Collect$$$$0000000A)
    .ARM.Collect$$$$0000000B                 0x000000c8   Section        8  entry9a.o(.ARM.Collect$$$$0000000B)
    .ARM.Collect$$$$0000000D                 0x000000d0   Section        0  entry10a.o(.ARM.Collect$$$$0000000D)
    .ARM.Collect$$$$0000000F                 0x000000d0   Section        0  entry11a.o(.ARM.Collect$$$$0000000F)
    .ARM.Collect$$$$00002712                 0x000000d0   Section        4  entry2.o(.ARM.Collect$$$$00002712)
    __lit__00000000                          0x000000d0   Data           4  entry2.o(.ARM.Collect$$$$00002712)
    .text                                    0x000000d4   Section       60  startup_cw32f003.o(.text)
    .text                                    0x00000110   Section        0  uidiv.o(.text)
    .text                                    0x0000013c   Section        0  memcpya.o(.text)
    .text                                    0x00000160   Section        0  memseta.o(.text)
    .text                                    0x00000184   Section        0  strcat.o(.text)
    .text                                    0x0000019c   Section        0  fadd.o(.text)
    .text                                    0x0000024e   Section        0  fmul.o(.text)
    .text                                    0x000002c8   Section        0  fdiv.o(.text)
    .text                                    0x00000344   Section        0  dadd.o(.text)
    .text                                    0x000004a8   Section        0  ffltui.o(.text)
    .text                                    0x000004b6   Section        0  ffixui.o(.text)
    .text                                    0x000004e0   Section        0  dfixui.o(.text)
    .text                                    0x0000051c   Section        0  f2d.o(.text)
    .text                                    0x00000544   Section        0  uldiv.o(.text)
    .text                                    0x000005a4   Section        0  llshl.o(.text)
    .text                                    0x000005c4   Section        0  llushr.o(.text)
    .text                                    0x000005e6   Section        0  llsshr.o(.text)
    .text                                    0x0000060c   Section        0  fepilogue.o(.text)
    .text                                    0x0000060c   Section        0  iusefp.o(.text)
    .text                                    0x0000068e   Section        0  depilogue.o(.text)
    .text                                    0x0000074c   Section        0  dmul.o(.text)
    .text                                    0x0000081c   Section        0  ddiv.o(.text)
    .text                                    0x0000090c   Section        0  dfixul.o(.text)
    .text                                    0x0000094c   Section       40  cdrcmple.o(.text)
    .text                                    0x00000974   Section       36  init.o(.text)
    i.AC_GetCurrent                          0x00000998   Section        0  ac_measurement.o(i.AC_GetCurrent)
    i.AC_Measurement_Init                    0x000009a4   Section        0  ac_measurement.o(i.AC_Measurement_Init)
    i.AC_Process_HLW8032_Packet              0x00000a20   Section        0  ac_measurement.o(i.AC_Process_HLW8032_Packet)
    i.ADC_BufEnSingleCh                      0x00000b18   Section        0  cw32f003_adc.o(i.ADC_BufEnSingleCh)
    i.ADC_ClearITPendingBit                  0x00000b5c   Section        0  cw32f003_adc.o(i.ADC_ClearITPendingBit)
    i.ADC_DeInit                             0x00000b6c   Section        0  cw32f003_adc.o(i.ADC_DeInit)
    i.ADC_Driver_Init                        0x00000b8c   Section        0  adc_driver.o(i.ADC_Driver_Init)
    i.ADC_Enable                             0x00000c24   Section        0  cw32f003_adc.o(i.ADC_Enable)
    i.ADC_GetConversionValue                 0x00000c44   Section        0  cw32f003_adc.o(i.ADC_GetConversionValue)
    i.ADC_GetITStatus                        0x00000c50   Section        0  cw32f003_adc.o(i.ADC_GetITStatus)
    i.ADC_IRQHandler                         0x00000c68   Section        0  interrupts_cw32f003.o(i.ADC_IRQHandler)
    i.ADC_Init                               0x00000c6c   Section        0  cw32f003_adc.o(i.ADC_Init)
    i.ADC_Read_Channel_Raw                   0x00000cf0   Section        0  adc_driver.o(i.ADC_Read_Channel_Raw)
    i.ADC_SingleChCommon                     0x00000d50   Section        0  cw32f003_adc.o(i.ADC_SingleChCommon)
    i.ADC_SingleChOneModeCfg                 0x00000d90   Section        0  cw32f003_adc.o(i.ADC_SingleChOneModeCfg)
    i.ADC_SoftwareStartConvCmd               0x00000dac   Section        0  cw32f003_adc.o(i.ADC_SoftwareStartConvCmd)
    i.ADC_WdtConfig                          0x00000dd0   Section        0  cw32f003_adc.o(i.ADC_WdtConfig)
    i.ADC_WdtInit                            0x00000e24   Section        0  cw32f003_adc.o(i.ADC_WdtInit)
    i.ATIM_ClearITPendingBit                 0x00000e40   Section        0  cw32f003_atim.o(i.ATIM_ClearITPendingBit)
    i.ATIM_Cmd                               0x00000e4c   Section        0  cw32f003_atim.o(i.ATIM_Cmd)
    i.ATIM_CtrlPWMOutputs                    0x00000e64   Section        0  cw32f003_atim.o(i.ATIM_CtrlPWMOutputs)
    i.ATIM_GetITStatus                       0x00000e84   Section        0  cw32f003_atim.o(i.ATIM_GetITStatus)
    i.ATIM_IRQHandler                        0x00000e9c   Section        0  interrupts_cw32f003.o(i.ATIM_IRQHandler)
    i.ATIM_Init                              0x00000eb0   Section        0  cw32f003_atim.o(i.ATIM_Init)
    i.ATIM_OC2BInit                          0x00000f18   Section        0  cw32f003_atim.o(i.ATIM_OC2BInit)
    i.ATIM_SetCompare2B                      0x00000f6c   Section        0  cw32f003_atim.o(i.ATIM_SetCompare2B)
    i.AWT_IRQHandler                         0x00000f78   Section        0  interrupts_cw32f003.o(i.AWT_IRQHandler)
    i.BTIM1_IRQHandler                       0x00000f7a   Section        0  interrupts_cw32f003.o(i.BTIM1_IRQHandler)
    i.BTIM2_IRQHandler                       0x00000f7c   Section        0  interrupts_cw32f003.o(i.BTIM2_IRQHandler)
    i.BTIM3_IRQHandler                       0x00000f7e   Section        0  interrupts_cw32f003.o(i.BTIM3_IRQHandler)
    i.CP_ReadState                           0x00000f80   Section        0  cp_signal.o(i.CP_ReadState)
    i.CP_SetMaxCurrentPWM                    0x00000fd0   Section        0  cp_signal.o(i.CP_SetMaxCurrentPWM)
    i.CP_Signal_Init                         0x0000105c   Section        0  cp_signal.o(i.CP_Signal_Init)
    i.Calculate_HLW8032_Checksum             0x000010b4   Section        0  ac_measurement.o(i.Calculate_HLW8032_Checksum)
    Calculate_HLW8032_Checksum               0x000010b5   Thumb Code    24  ac_measurement.o(i.Calculate_HLW8032_Checksum)
    i.Contactor_Close                        0x000010cc   Section        0  contactor_control.o(i.Contactor_Close)
    i.Contactor_Init                         0x000010e8   Section        0  contactor_control.o(i.Contactor_Init)
    i.Contactor_Open                         0x00001104   Section        0  contactor_control.o(i.Contactor_Open)
    i.Error_Handler                          0x00001120   Section        0  main.o(i.Error_Handler)
    Error_Handler                            0x00001121   Thumb Code    10  main.o(i.Error_Handler)
    i.FLASHRAM_IRQHandler                    0x00001160   Section        0  interrupts_cw32f003.o(i.FLASHRAM_IRQHandler)
    i.FLASH_SetLatency                       0x00001164   Section        0  cw32f003_flash.o(i.FLASH_SetLatency)
    i.FirmwareDelay                          0x00001188   Section        0  system_cw32f003.o(i.FirmwareDelay)
    i.GPIOA_IRQHandler                       0x0000119a   Section        0  interrupts_cw32f003.o(i.GPIOA_IRQHandler)
    i.GPIOB_IRQHandler                       0x0000119c   Section        0  interrupts_cw32f003.o(i.GPIOB_IRQHandler)
    i.GPIOC_IRQHandler                       0x0000119e   Section        0  interrupts_cw32f003.o(i.GPIOC_IRQHandler)
    i.GPIO_Init                              0x000011a0   Section        0  cw32f003_gpio.o(i.GPIO_Init)
    i.GPIO_WritePin                          0x00001282   Section        0  cw32f003_gpio.o(i.GPIO_WritePin)
    i.GTIM_IRQHandler                        0x0000128e   Section        0  interrupts_cw32f003.o(i.GTIM_IRQHandler)
    i.HLW_RingBuffer_Init                    0x00001290   Section        0  hlw_uart_driver.o(i.HLW_RingBuffer_Init)
    HLW_RingBuffer_Init                      0x00001291   Thumb Code    16  hlw_uart_driver.o(i.HLW_RingBuffer_Init)
    i.HLW_RingBuffer_IsFull                  0x000012a0   Section        0  hlw_uart_driver.o(i.HLW_RingBuffer_IsFull)
    HLW_RingBuffer_IsFull                    0x000012a1   Thumb Code    18  hlw_uart_driver.o(i.HLW_RingBuffer_IsFull)
    i.HLW_RingBuffer_Put                     0x000012b2   Section        0  hlw_uart_driver.o(i.HLW_RingBuffer_Put)
    HLW_RingBuffer_Put                       0x000012b3   Thumb Code    70  hlw_uart_driver.o(i.HLW_RingBuffer_Put)
    i.HLW_UART_Handle_RC                     0x000012f8   Section        0  hlw_uart_driver.o(i.HLW_UART_Handle_RC)
    i.HLW_UART_Init                          0x0000132c   Section        0  hlw_uart_driver.o(i.HLW_UART_Init)
    i.HardFault_Handler                      0x000013ec   Section        0  interrupts_cw32f003.o(i.HardFault_Handler)
    i.I2C_IRQHandler                         0x000013f0   Section        0  interrupts_cw32f003.o(i.I2C_IRQHandler)
    i.IWDT_Cmd                               0x000013f4   Section        0  cw32f003_iwdt.o(i.IWDT_Cmd)
    i.IWDT_Init                              0x00001404   Section        0  cw32f003_iwdt.o(i.IWDT_Init)
    i.IWDT_Refresh                           0x00001468   Section        0  cw32f003_iwdt.o(i.IWDT_Refresh)
    i.IWDT_Unlock                            0x00001478   Section        0  cw32f003_iwdt.o(i.IWDT_Unlock)
    i.InitTick                               0x00001488   Section        0  cw32f003_systick.o(i.InitTick)
    i.LVD_IRQHandler                         0x000014f4   Section        0  interrupts_cw32f003.o(i.LVD_IRQHandler)
    i.NMI_Handler                            0x000014f6   Section        0  interrupts_cw32f003.o(i.NMI_Handler)
    i.OLED_Clear                             0x000014f8   Section        0  spi_oled_driver.o(i.OLED_Clear)
    i.OLED_Init                              0x00001524   Section        0  spi_oled_driver.o(i.OLED_Init)
    i.OLED_SetCursor                         0x00001754   Section        0  spi_oled_driver.o(i.OLED_SetCursor)
    i.OLED_ShowChar                          0x0000177c   Section        0  spi_oled_driver.o(i.OLED_ShowChar)
    i.OLED_ShowString                        0x00001814   Section        0  spi_oled_driver.o(i.OLED_ShowString)
    i.OLED_WriteCommand                      0x00001884   Section        0  spi_oled_driver.o(i.OLED_WriteCommand)
    i.OLED_WriteData                         0x000018b8   Section        0  spi_oled_driver.o(i.OLED_WriteData)
    i.PP_GetCableCapacity                    0x000018ec   Section        0  pp_signal.o(i.PP_GetCableCapacity)
    i.PP_Signal_Init                         0x00001970   Section        0  pp_signal.o(i.PP_Signal_Init)
    i.PWM_Driver_Init                        0x00001988   Section        0  pwm_driver.o(i.PWM_Driver_Init)
    i.PWM_Set_DutyCycle                      0x00001b08   Section        0  pwm_driver.o(i.PWM_Set_DutyCycle)
    i.PWM_Start                              0x00001b44   Section        0  pwm_driver.o(i.PWM_Start)
    i.PendSV_Handler                         0x00001b4e   Section        0  interrupts_cw32f003.o(i.PendSV_Handler)
    i.RCC_AHBPeriphClk_Enable                0x00001b50   Section        0  cw32f003_rcc.o(i.RCC_AHBPeriphClk_Enable)
    i.RCC_APBPeriphClk_Enable1               0x00001b70   Section        0  cw32f003_rcc.o(i.RCC_APBPeriphClk_Enable1)
    i.RCC_APBPeriphClk_Enable2               0x00001b90   Section        0  cw32f003_rcc.o(i.RCC_APBPeriphClk_Enable2)
    i.RCC_GetStableFlag                      0x00001bb0   Section        0  cw32f003_rcc.o(i.RCC_GetStableFlag)
    i.RCC_HSI_Enable                         0x00001bc8   Section        0  cw32f003_rcc.o(i.RCC_HSI_Enable)
    i.RCC_SysClk_Switch                      0x00001c00   Section        0  cw32f003_rcc.o(i.RCC_SysClk_Switch)
    i.RCC_Sysctrl_GetHClkFreq                0x00001c40   Section        0  cw32f003_rcc.o(i.RCC_Sysctrl_GetHClkFreq)
    i.RCC_Sysctrl_GetPClkFreq                0x00001cb8   Section        0  cw32f003_rcc.o(i.RCC_Sysctrl_GetPClkFreq)
    i.RCC_SystemCoreClockUpdate              0x00001cd8   Section        0  cw32f003_rcc.o(i.RCC_SystemCoreClockUpdate)
    i.RingBuffer_Get                         0x00001ce4   Section        0  uart_driver.o(i.RingBuffer_Get)
    RingBuffer_Get                           0x00001ce5   Thumb Code    72  uart_driver.o(i.RingBuffer_Get)
    i.RingBuffer_Init                        0x00001d2c   Section        0  uart_driver.o(i.RingBuffer_Init)
    RingBuffer_Init                          0x00001d2d   Thumb Code    16  uart_driver.o(i.RingBuffer_Init)
    i.RingBuffer_IsEmpty                     0x00001d3c   Section        0  uart_driver.o(i.RingBuffer_IsEmpty)
    RingBuffer_IsEmpty                       0x00001d3d   Thumb Code    18  uart_driver.o(i.RingBuffer_IsEmpty)
    i.RingBuffer_IsFull                      0x00001d4e   Section        0  uart_driver.o(i.RingBuffer_IsFull)
    RingBuffer_IsFull                        0x00001d4f   Thumb Code    18  uart_driver.o(i.RingBuffer_IsFull)
    i.RingBuffer_Put                         0x00001d60   Section        0  uart_driver.o(i.RingBuffer_Put)
    RingBuffer_Put                           0x00001d61   Thumb Code    70  uart_driver.o(i.RingBuffer_Put)
    i.SM_GetCurrentState                     0x00001da8   Section        0  charging_sm.o(i.SM_GetCurrentState)
    i.SM_Init                                0x00001db4   Section        0  charging_sm.o(i.SM_Init)
    i.SM_RunStateMachine                     0x00001e18   Section        0  charging_sm.o(i.SM_RunStateMachine)
    i.SPI_Cmd                                0x00002228   Section        0  cw32f003_spi.o(i.SPI_Cmd)
    i.SPI_GetFlagStatus                      0x00002244   Section        0  cw32f003_spi.o(i.SPI_GetFlagStatus)
    i.SPI_IRQHandler                         0x0000225c   Section        0  interrupts_cw32f003.o(i.SPI_IRQHandler)
    i.SPI_Init                               0x00002260   Section        0  cw32f003_spi.o(i.SPI_Init)
    i.SPI_SendData                           0x0000229c   Section        0  cw32f003_spi.o(i.SPI_SendData)
    i.SPI_StructInit                         0x000022a8   Section        0  cw32f003_spi.o(i.SPI_StructInit)
    i.SPI_WriteByte                          0x000022c4   Section        0  spi_oled_driver.o(i.SPI_WriteByte)
    SPI_WriteByte                            0x000022c5   Thumb Code    38  spi_oled_driver.o(i.SPI_WriteByte)
    i.SVC_Handler                            0x000022ea   Section        0  interrupts_cw32f003.o(i.SVC_Handler)
    i.SYSCTRL_IRQHandler                     0x000022ec   Section        0  interrupts_cw32f003.o(i.SYSCTRL_IRQHandler)
    i.SysTick_Handler                        0x000022f0   Section        0  interrupts_cw32f003.o(i.SysTick_Handler)
    i.SystemCoreClockUpdate                  0x00002348   Section        0  system_cw32f003.o(i.SystemCoreClockUpdate)
    i.SystemInit                             0x000023b4   Section        0  system_cw32f003.o(i.SystemInit)
    i.System_Init                            0x00002410   Section        0  main.o(i.System_Init)
    System_Init                              0x00002411   Thumb Code   158  main.o(i.System_Init)
    i.UART1_IRQHandler                       0x00002570   Section        0  interrupts_cw32f003.o(i.UART1_IRQHandler)
    i.UART2_IRQHandler                       0x00002598   Section        0  interrupts_cw32f003.o(i.UART2_IRQHandler)
    i.UART_Driver_Handle_RC                  0x000025a0   Section        0  uart_driver.o(i.UART_Driver_Handle_RC)
    i.UART_Driver_Handle_TXE                 0x000025d4   Section        0  uart_driver.o(i.UART_Driver_Handle_TXE)
    i.UART_Driver_Init                       0x00002604   Section        0  uart_driver.o(i.UART_Driver_Init)
    i.UI_Display_Init                        0x000026f8   Section        0  ui_display.o(i.UI_Display_Init)
    i.UI_UpdateDisplay                       0x00002700   Section        0  ui_display.o(i.UI_UpdateDisplay)
    i.USART_ClearITPendingBit                0x00002834   Section        0  cw32f003_uart.o(i.USART_ClearITPendingBit)
    i.USART_GetFlagStatus                    0x0000283c   Section        0  cw32f003_uart.o(i.USART_GetFlagStatus)
    i.USART_GetITStatus                      0x0000284e   Section        0  cw32f003_uart.o(i.USART_GetITStatus)
    i.USART_ITConfig                         0x00002860   Section        0  cw32f003_uart.o(i.USART_ITConfig)
    i.USART_Init                             0x0000287c   Section        0  cw32f003_uart.o(i.USART_Init)
    i.USART_ReceiveData_8bit                 0x000029f0   Section        0  cw32f003_uart.o(i.USART_ReceiveData_8bit)
    i.USART_SendData_8bit                    0x000029f8   Section        0  cw32f003_uart.o(i.USART_SendData_8bit)
    i.VC1_IRQHandler                         0x000029fc   Section        0  interrupts_cw32f003.o(i.VC1_IRQHandler)
    i.VC2_IRQHandler                         0x000029fe   Section        0  interrupts_cw32f003.o(i.VC2_IRQHandler)
    i.WDT_IRQHandler                         0x00002a00   Section        0  interrupts_cw32f003.o(i.WDT_IRQHandler)
    i.__0printf                              0x00002a04   Section        0  printfa.o(i.__0printf)
    i.__0sprintf                             0x00002a24   Section        0  printfa.o(i.__0sprintf)
    i.__ARM_clz                              0x00002a4c   Section        0  depilogue.o(i.__ARM_clz)
    i.__ARM_common_switch8                   0x00002a7a   Section        0  charging_sm.o(i.__ARM_common_switch8)
    i.__NVIC_SetPriority                     0x00002a98   Section        0  uart_driver.o(i.__NVIC_SetPriority)
    __NVIC_SetPriority                       0x00002a99   Thumb Code   110  uart_driver.o(i.__NVIC_SetPriority)
    i.__NVIC_SetPriority                     0x00002b10   Section        0  hlw_uart_driver.o(i.__NVIC_SetPriority)
    __NVIC_SetPriority                       0x00002b11   Thumb Code   110  hlw_uart_driver.o(i.__NVIC_SetPriority)
    i.__NVIC_SetPriority                     0x00002b88   Section        0  cw32f003_systick.o(i.__NVIC_SetPriority)
    __NVIC_SetPriority                       0x00002b89   Thumb Code   110  cw32f003_systick.o(i.__NVIC_SetPriority)
    i.__scatterload_copy                     0x00002c00   Section       14  handlers.o(i.__scatterload_copy)
    i.__scatterload_null                     0x00002c0e   Section        2  handlers.o(i.__scatterload_null)
    i.__scatterload_zeroinit                 0x00002c10   Section       14  handlers.o(i.__scatterload_zeroinit)
    i._fp_digits                             0x00002c20   Section        0  printfa.o(i._fp_digits)
    _fp_digits                               0x00002c21   Thumb Code   344  printfa.o(i._fp_digits)
    i._printf_core                           0x00002d94   Section        0  printfa.o(i._printf_core)
    _printf_core                             0x00002d95   Thumb Code  1754  printfa.o(i._printf_core)
    i._printf_post_padding                   0x00003480   Section        0  printfa.o(i._printf_post_padding)
    _printf_post_padding                     0x00003481   Thumb Code    32  printfa.o(i._printf_post_padding)
    i._printf_pre_padding                    0x000034a0   Section        0  printfa.o(i._printf_pre_padding)
    _printf_pre_padding                      0x000034a1   Thumb Code    44  printfa.o(i._printf_pre_padding)
    i._sputc                                 0x000034cc   Section        0  printfa.o(i._sputc)
    _sputc                                   0x000034cd   Thumb Code    10  printfa.o(i._sputc)
    i.fputc                                  0x000034d8   Section        0  uart_driver.o(i.fputc)
    i.main                                   0x0000351c   Section        0  main.o(i.main)
    .constdata                               0x00003598   Section       40  ui_display.o(.constdata)
    .constdata                               0x000035c0   Section     2072  spi_oled_driver.o(.constdata)
    .constdata                               0x00003dd8   Section       64  cw32f003_rcc.o(.constdata)
    .data                                    0x20000000   Section        2  main.o(.data)
    .data                                    0x20000004   Section        8  interrupts_cw32f003.o(.data)
    counter_10ms                             0x20000004   Data           4  interrupts_cw32f003.o(.data)
    counter_100ms                            0x20000008   Data           4  interrupts_cw32f003.o(.data)
    .data                                    0x2000000c   Section        5  pwm_driver.o(.data)
    pwm_frequency                            0x2000000c   Data           4  pwm_driver.o(.data)
    pwm_duty_cycle                           0x20000010   Data           1  pwm_driver.o(.data)
    .data                                    0x20000014   Section       16  ac_measurement.o(.data)
    hlw8032_rx_byte_count                    0x20000014   Data           1  ac_measurement.o(.data)
    ac_rms_current                           0x20000018   Data           4  ac_measurement.o(.data)
    ac_rms_voltage                           0x2000001c   Data           4  ac_measurement.o(.data)
    ac_active_power                          0x20000020   Data           4  ac_measurement.o(.data)
    .data                                    0x20000024   Section        5  charging_sm.o(.data)
    current_state                            0x20000024   Data           1  charging_sm.o(.data)
    cable_capacity_amps                      0x20000026   Data           2  charging_sm.o(.data)
    max_charging_current_amps                0x20000028   Data           1  charging_sm.o(.data)
    .data                                    0x20000029   Section        1  contactor_control.o(.data)
    contactor_is_closed                      0x20000029   Data           1  contactor_control.o(.data)
    .data                                    0x2000002c   Section        9  cw32f003_systick.o(.data)
    .data                                    0x20000038   Section        4  system_cw32f003.o(.data)
    .data                                    0x2000003c   Section        4  stdout.o(.data)
    .bss                                     0x20000040   Section      140  uart_driver.o(.bss)
    tx_buffer                                0x20000040   Data          70  uart_driver.o(.bss)
    rx_buffer                                0x20000086   Data          70  uart_driver.o(.bss)
    .bss                                     0x200000cc   Section       24  ac_measurement.o(.bss)
    hlw8032_rx_packet_buffer                 0x200000cc   Data          24  ac_measurement.o(.bss)
    .bss                                     0x200000e4   Section       70  hlw_uart_driver.o(.bss)
    hlw_rx_buffer                            0x200000e4   Data          70  hlw_uart_driver.o(.bss)
    STACK                                    0x20000130   Section      512  startup_cw32f003.o(STACK)

    Global Symbols

    Symbol Name                              Value     Ov Type        Size  Object(Section)

    BuildAttributes$$THM_ISAv3M$S$PE$A:L22$X:L11$S22$IEEE1$IW$USESV6$~STKCKD$USESV7$~SHL$OTIME$ROPI$EBA8$MICROLIB$REQ8$PRES8$EABIv2 0x00000000   Number         0  anon$$obj.o ABSOLUTE
    __ARM_use_no_argv                        0x00000000   Number         0  main.o ABSOLUTE
    __Vectors                                0x00000000   Data           0  startup_cw32f003.o(RESET)
    _printf_a                                0x00000000   Number         0  stubs.o ABSOLUTE
    _printf_c                                0x00000000   Number         0  stubs.o ABSOLUTE
    _printf_charcount                        0x00000000   Number         0  stubs.o ABSOLUTE
    _printf_d                                0x00000000   Number         0  stubs.o ABSOLUTE
    _printf_e                                0x00000000   Number         0  stubs.o ABSOLUTE
    _printf_f                                0x00000000   Number         0  stubs.o ABSOLUTE
    _printf_flags                            0x00000000   Number         0  stubs.o ABSOLUTE
    _printf_fp_dec                           0x00000000   Number         0  stubs.o ABSOLUTE
    _printf_fp_hex                           0x00000000   Number         0  stubs.o ABSOLUTE
    _printf_g                                0x00000000   Number         0  stubs.o ABSOLUTE
    _printf_i                                0x00000000   Number         0  stubs.o ABSOLUTE
    _printf_int_dec                          0x00000000   Number         0  stubs.o ABSOLUTE
    _printf_l                                0x00000000   Number         0  stubs.o ABSOLUTE
    _printf_lc                               0x00000000   Number         0  stubs.o ABSOLUTE
    _printf_ll                               0x00000000   Number         0  stubs.o ABSOLUTE
    _printf_lld                              0x00000000   Number         0  stubs.o ABSOLUTE
    _printf_lli                              0x00000000   Number         0  stubs.o ABSOLUTE
    _printf_llo                              0x00000000   Number         0  stubs.o ABSOLUTE
    _printf_llu                              0x00000000   Number         0  stubs.o ABSOLUTE
    _printf_llx                              0x00000000   Number         0  stubs.o ABSOLUTE
    _printf_longlong_dec                     0x00000000   Number         0  stubs.o ABSOLUTE
    _printf_longlong_hex                     0x00000000   Number         0  stubs.o ABSOLUTE
    _printf_longlong_oct                     0x00000000   Number         0  stubs.o ABSOLUTE
    _printf_ls                               0x00000000   Number         0  stubs.o ABSOLUTE
    _printf_mbtowc                           0x00000000   Number         0  stubs.o ABSOLUTE
    _printf_n                                0x00000000   Number         0  stubs.o ABSOLUTE
    _printf_o                                0x00000000   Number         0  stubs.o ABSOLUTE
    _printf_p                                0x00000000   Number         0  stubs.o ABSOLUTE
    _printf_percent                          0x00000000   Number         0  stubs.o ABSOLUTE
    _printf_pre_padding                      0x00000000   Number         0  stubs.o ABSOLUTE
    _printf_return_value                     0x00000000   Number         0  stubs.o ABSOLUTE
    _printf_s                                0x00000000   Number         0  stubs.o ABSOLUTE
    _printf_sizespec                         0x00000000   Number         0  stubs.o ABSOLUTE
    _printf_str                              0x00000000   Number         0  stubs.o ABSOLUTE
    _printf_truncate_signed                  0x00000000   Number         0  stubs.o ABSOLUTE
    _printf_truncate_unsigned                0x00000000   Number         0  stubs.o ABSOLUTE
    _printf_u                                0x00000000   Number         0  stubs.o ABSOLUTE
    _printf_wc                               0x00000000   Number         0  stubs.o ABSOLUTE
    _printf_wctomb                           0x00000000   Number         0  stubs.o ABSOLUTE
    _printf_widthprec                        0x00000000   Number         0  stubs.o ABSOLUTE
    _printf_x                                0x00000000   Number         0  stubs.o ABSOLUTE
    __cpp_initialize__aeabi_                  - Undefined Weak Reference
    __cxa_finalize                            - Undefined Weak Reference
    __decompress                              - Undefined Weak Reference
    _clock_init                               - Undefined Weak Reference
    _microlib_exit                            - Undefined Weak Reference
    __Vectors_End                            0x000000c0   Data           0  startup_cw32f003.o(RESET)
    __Vectors_Size                           0x000000c0   Number         0  startup_cw32f003.o ABSOLUTE
    __main                                   0x000000c1   Thumb Code     0  entry.o(.ARM.Collect$$$$00000000)
    _main_stk                                0x000000c1   Thumb Code     0  entry2.o(.ARM.Collect$$$$00000001)
    _main_scatterload                        0x000000c5   Thumb Code     0  entry5.o(.ARM.Collect$$$$00000004)
    __main_after_scatterload                 0x000000c9   Thumb Code     0  entry5.o(.ARM.Collect$$$$00000004)
    _main_clock                              0x000000c9   Thumb Code     0  entry7b.o(.ARM.Collect$$$$00000008)
    _main_cpp_init                           0x000000c9   Thumb Code     0  entry8b.o(.ARM.Collect$$$$0000000A)
    _main_init                               0x000000c9   Thumb Code     0  entry9a.o(.ARM.Collect$$$$0000000B)
    __rt_final_cpp                           0x000000d1   Thumb Code     0  entry10a.o(.ARM.Collect$$$$0000000D)
    __rt_final_exit                          0x000000d1   Thumb Code     0  entry11a.o(.ARM.Collect$$$$0000000F)
    Reset_Handler                            0x000000d5   Thumb Code    26  startup_cw32f003.o(.text)
    __aeabi_uidiv                            0x00000111   Thumb Code     0  uidiv.o(.text)
    __aeabi_uidivmod                         0x00000111   Thumb Code    44  uidiv.o(.text)
    __aeabi_memcpy                           0x0000013d   Thumb Code    36  memcpya.o(.text)
    __aeabi_memcpy4                          0x0000013d   Thumb Code     0  memcpya.o(.text)
    __aeabi_memcpy8                          0x0000013d   Thumb Code     0  memcpya.o(.text)
    __aeabi_memset                           0x00000161   Thumb Code    14  memseta.o(.text)
    __aeabi_memset4                          0x00000161   Thumb Code     0  memseta.o(.text)
    __aeabi_memset8                          0x00000161   Thumb Code     0  memseta.o(.text)
    __aeabi_memclr                           0x0000016f   Thumb Code     4  memseta.o(.text)
    __aeabi_memclr4                          0x0000016f   Thumb Code     0  memseta.o(.text)
    __aeabi_memclr8                          0x0000016f   Thumb Code     0  memseta.o(.text)
    _memset$wrapper                          0x00000173   Thumb Code    18  memseta.o(.text)
    strcat                                   0x00000185   Thumb Code    24  strcat.o(.text)
    __aeabi_fadd                             0x0000019d   Thumb Code   162  fadd.o(.text)
    __aeabi_fsub                             0x0000023f   Thumb Code     8  fadd.o(.text)
    __aeabi_frsub                            0x00000247   Thumb Code     8  fadd.o(.text)
    __aeabi_fmul                             0x0000024f   Thumb Code   122  fmul.o(.text)
    __aeabi_fdiv                             0x000002c9   Thumb Code   124  fdiv.o(.text)
    __aeabi_dadd                             0x00000345   Thumb Code   328  dadd.o(.text)
    __aeabi_dsub                             0x0000048d   Thumb Code    12  dadd.o(.text)
    __aeabi_drsub                            0x00000499   Thumb Code    12  dadd.o(.text)
    __aeabi_ui2f                             0x000004a9   Thumb Code    14  ffltui.o(.text)
    __aeabi_f2uiz                            0x000004b7   Thumb Code    40  ffixui.o(.text)
    __aeabi_d2uiz                            0x000004e1   Thumb Code    50  dfixui.o(.text)
    __aeabi_f2d                              0x0000051d   Thumb Code    40  f2d.o(.text)
    __aeabi_uldivmod                         0x00000545   Thumb Code    96  uldiv.o(.text)
    __aeabi_llsl                             0x000005a5   Thumb Code    32  llshl.o(.text)
    _ll_shift_l                              0x000005a5   Thumb Code     0  llshl.o(.text)
    __aeabi_llsr                             0x000005c5   Thumb Code    34  llushr.o(.text)
    _ll_ushift_r                             0x000005c5   Thumb Code     0  llushr.o(.text)
    __aeabi_lasr                             0x000005e7   Thumb Code    38  llsshr.o(.text)
    _ll_sshift_r                             0x000005e7   Thumb Code     0  llsshr.o(.text)
    __I$use$fp                               0x0000060d   Thumb Code     0  iusefp.o(.text)
    _float_round                             0x0000060d   Thumb Code    16  fepilogue.o(.text)
    _float_epilogue                          0x0000061d   Thumb Code   114  fepilogue.o(.text)
    _double_round                            0x0000068f   Thumb Code    26  depilogue.o(.text)
    _double_epilogue                         0x000006a9   Thumb Code   164  depilogue.o(.text)
    __aeabi_dmul                             0x0000074d   Thumb Code   202  dmul.o(.text)
    __aeabi_ddiv                             0x0000081d   Thumb Code   234  ddiv.o(.text)
    __aeabi_d2ulz                            0x0000090d   Thumb Code    54  dfixul.o(.text)
    __aeabi_cdrcmple                         0x0000094d   Thumb Code    38  cdrcmple.o(.text)
    __scatterload                            0x00000975   Thumb Code    28  init.o(.text)
    __scatterload_rt2                        0x00000975   Thumb Code     0  init.o(.text)
    AC_GetCurrent                            0x00000999   Thumb Code     6  ac_measurement.o(i.AC_GetCurrent)
    AC_Measurement_Init                      0x000009a5   Thumb Code    48  ac_measurement.o(i.AC_Measurement_Init)
    AC_Process_HLW8032_Packet                0x00000a21   Thumb Code   174  ac_measurement.o(i.AC_Process_HLW8032_Packet)
    ADC_BufEnSingleCh                        0x00000b19   Thumb Code    62  cw32f003_adc.o(i.ADC_BufEnSingleCh)
    ADC_ClearITPendingBit                    0x00000b5d   Thumb Code    12  cw32f003_adc.o(i.ADC_ClearITPendingBit)
    ADC_DeInit                               0x00000b6d   Thumb Code    26  cw32f003_adc.o(i.ADC_DeInit)
    ADC_Driver_Init                          0x00000b8d   Thumb Code   104  adc_driver.o(i.ADC_Driver_Init)
    ADC_Enable                               0x00000c25   Thumb Code    28  cw32f003_adc.o(i.ADC_Enable)
    ADC_GetConversionValue                   0x00000c45   Thumb Code     8  cw32f003_adc.o(i.ADC_GetConversionValue)
    ADC_GetITStatus                          0x00000c51   Thumb Code    20  cw32f003_adc.o(i.ADC_GetITStatus)
    ADC_IRQHandler                           0x00000c69   Thumb Code     2  interrupts_cw32f003.o(i.ADC_IRQHandler)
    ADC_Init                                 0x00000c6d   Thumb Code   116  cw32f003_adc.o(i.ADC_Init)
    ADC_Read_Channel_Raw                     0x00000cf1   Thumb Code    94  adc_driver.o(i.ADC_Read_Channel_Raw)
    ADC_SingleChCommon                       0x00000d51   Thumb Code    58  cw32f003_adc.o(i.ADC_SingleChCommon)
    ADC_SingleChOneModeCfg                   0x00000d91   Thumb Code    24  cw32f003_adc.o(i.ADC_SingleChOneModeCfg)
    ADC_SoftwareStartConvCmd                 0x00000dad   Thumb Code    32  cw32f003_adc.o(i.ADC_SoftwareStartConvCmd)
    ADC_WdtConfig                            0x00000dd1   Thumb Code    78  cw32f003_adc.o(i.ADC_WdtConfig)
    ADC_WdtInit                              0x00000e25   Thumb Code    22  cw32f003_adc.o(i.ADC_WdtInit)
    ATIM_ClearITPendingBit                   0x00000e41   Thumb Code     8  cw32f003_atim.o(i.ATIM_ClearITPendingBit)
    ATIM_Cmd                                 0x00000e4d   Thumb Code    20  cw32f003_atim.o(i.ATIM_Cmd)
    ATIM_CtrlPWMOutputs                      0x00000e65   Thumb Code    26  cw32f003_atim.o(i.ATIM_CtrlPWMOutputs)
    ATIM_GetITStatus                         0x00000e85   Thumb Code    20  cw32f003_atim.o(i.ATIM_GetITStatus)
    ATIM_IRQHandler                          0x00000e9d   Thumb Code    20  interrupts_cw32f003.o(i.ATIM_IRQHandler)
    ATIM_Init                                0x00000eb1   Thumb Code    94  cw32f003_atim.o(i.ATIM_Init)
    ATIM_OC2BInit                            0x00000f19   Thumb Code    78  cw32f003_atim.o(i.ATIM_OC2BInit)
    ATIM_SetCompare2B                        0x00000f6d   Thumb Code     6  cw32f003_atim.o(i.ATIM_SetCompare2B)
    AWT_IRQHandler                           0x00000f79   Thumb Code     2  interrupts_cw32f003.o(i.AWT_IRQHandler)
    BTIM1_IRQHandler                         0x00000f7b   Thumb Code     2  interrupts_cw32f003.o(i.BTIM1_IRQHandler)
    BTIM2_IRQHandler                         0x00000f7d   Thumb Code     2  interrupts_cw32f003.o(i.BTIM2_IRQHandler)
    BTIM3_IRQHandler                         0x00000f7f   Thumb Code     2  interrupts_cw32f003.o(i.BTIM3_IRQHandler)
    CP_ReadState                             0x00000f81   Thumb Code    74  cp_signal.o(i.CP_ReadState)
    CP_SetMaxCurrentPWM                      0x00000fd1   Thumb Code   132  cp_signal.o(i.CP_SetMaxCurrentPWM)
    CP_Signal_Init                           0x0000105d   Thumb Code    54  cp_signal.o(i.CP_Signal_Init)
    Contactor_Close                          0x000010cd   Thumb Code    20  contactor_control.o(i.Contactor_Close)
    Contactor_Init                           0x000010e9   Thumb Code    24  contactor_control.o(i.Contactor_Init)
    Contactor_Open                           0x00001105   Thumb Code    20  contactor_control.o(i.Contactor_Open)
    FLASHRAM_IRQHandler                      0x00001161   Thumb Code     2  interrupts_cw32f003.o(i.FLASHRAM_IRQHandler)
    FLASH_SetLatency                         0x00001165   Thumb Code    24  cw32f003_flash.o(i.FLASH_SetLatency)
    FirmwareDelay                            0x00001189   Thumb Code    18  system_cw32f003.o(i.FirmwareDelay)
    GPIOA_IRQHandler                         0x0000119b   Thumb Code     2  interrupts_cw32f003.o(i.GPIOA_IRQHandler)
    GPIOB_IRQHandler                         0x0000119d   Thumb Code     2  interrupts_cw32f003.o(i.GPIOB_IRQHandler)
    GPIOC_IRQHandler                         0x0000119f   Thumb Code     2  interrupts_cw32f003.o(i.GPIOC_IRQHandler)
    GPIO_Init                                0x000011a1   Thumb Code   226  cw32f003_gpio.o(i.GPIO_Init)
    GPIO_WritePin                            0x00001283   Thumb Code    12  cw32f003_gpio.o(i.GPIO_WritePin)
    GTIM_IRQHandler                          0x0000128f   Thumb Code     2  interrupts_cw32f003.o(i.GTIM_IRQHandler)
    HLW_UART_Handle_RC                       0x000012f9   Thumb Code    42  hlw_uart_driver.o(i.HLW_UART_Handle_RC)
    HLW_UART_Init                            0x0000132d   Thumb Code   170  hlw_uart_driver.o(i.HLW_UART_Init)
    HardFault_Handler                        0x000013ed   Thumb Code     4  interrupts_cw32f003.o(i.HardFault_Handler)
    I2C_IRQHandler                           0x000013f1   Thumb Code     2  interrupts_cw32f003.o(i.I2C_IRQHandler)
    IWDT_Cmd                                 0x000013f5   Thumb Code     8  cw32f003_iwdt.o(i.IWDT_Cmd)
    IWDT_Init                                0x00001405   Thumb Code    82  cw32f003_iwdt.o(i.IWDT_Init)
    IWDT_Refresh                             0x00001469   Thumb Code     8  cw32f003_iwdt.o(i.IWDT_Refresh)
    IWDT_Unlock                              0x00001479   Thumb Code     8  cw32f003_iwdt.o(i.IWDT_Unlock)
    InitTick                                 0x00001489   Thumb Code    90  cw32f003_systick.o(i.InitTick)
    LVD_IRQHandler                           0x000014f5   Thumb Code     2  interrupts_cw32f003.o(i.LVD_IRQHandler)
    NMI_Handler                              0x000014f7   Thumb Code     2  interrupts_cw32f003.o(i.NMI_Handler)
    OLED_Clear                               0x000014f9   Thumb Code    42  spi_oled_driver.o(i.OLED_Clear)
    OLED_Init                                0x00001525   Thumb Code   548  spi_oled_driver.o(i.OLED_Init)
    OLED_SetCursor                           0x00001755   Thumb Code    38  spi_oled_driver.o(i.OLED_SetCursor)
    OLED_ShowChar                            0x0000177d   Thumb Code   142  spi_oled_driver.o(i.OLED_ShowChar)
    OLED_ShowString                          0x00001815   Thumb Code   110  spi_oled_driver.o(i.OLED_ShowString)
    OLED_WriteCommand                        0x00001885   Thumb Code    42  spi_oled_driver.o(i.OLED_WriteCommand)
    OLED_WriteData                           0x000018b9   Thumb Code    42  spi_oled_driver.o(i.OLED_WriteData)
    PP_GetCableCapacity                      0x000018ed   Thumb Code   118  pp_signal.o(i.PP_GetCableCapacity)
    PP_Signal_Init                           0x00001971   Thumb Code    22  pp_signal.o(i.PP_Signal_Init)
    PWM_Driver_Init                          0x00001989   Thumb Code   366  pwm_driver.o(i.PWM_Driver_Init)
    PWM_Set_DutyCycle                        0x00001b09   Thumb Code    50  pwm_driver.o(i.PWM_Set_DutyCycle)
    PWM_Start                                0x00001b45   Thumb Code    10  pwm_driver.o(i.PWM_Start)
    PendSV_Handler                           0x00001b4f   Thumb Code     2  interrupts_cw32f003.o(i.PendSV_Handler)
    RCC_AHBPeriphClk_Enable                  0x00001b51   Thumb Code    28  cw32f003_rcc.o(i.RCC_AHBPeriphClk_Enable)
    RCC_APBPeriphClk_Enable1                 0x00001b71   Thumb Code    28  cw32f003_rcc.o(i.RCC_APBPeriphClk_Enable1)
    RCC_APBPeriphClk_Enable2                 0x00001b91   Thumb Code    28  cw32f003_rcc.o(i.RCC_APBPeriphClk_Enable2)
    RCC_GetStableFlag                        0x00001bb1   Thumb Code    20  cw32f003_rcc.o(i.RCC_GetStableFlag)
    RCC_HSI_Enable                           0x00001bc9   Thumb Code    42  cw32f003_rcc.o(i.RCC_HSI_Enable)
    RCC_SysClk_Switch                        0x00001c01   Thumb Code    54  cw32f003_rcc.o(i.RCC_SysClk_Switch)
    RCC_Sysctrl_GetHClkFreq                  0x00001c41   Thumb Code    98  cw32f003_rcc.o(i.RCC_Sysctrl_GetHClkFreq)
    RCC_Sysctrl_GetPClkFreq                  0x00001cb9   Thumb Code    28  cw32f003_rcc.o(i.RCC_Sysctrl_GetPClkFreq)
    RCC_SystemCoreClockUpdate                0x00001cd9   Thumb Code     6  cw32f003_rcc.o(i.RCC_SystemCoreClockUpdate)
    SM_GetCurrentState                       0x00001da9   Thumb Code     6  charging_sm.o(i.SM_GetCurrentState)
    SM_Init                                  0x00001db5   Thumb Code    42  charging_sm.o(i.SM_Init)
    SM_RunStateMachine                       0x00001e19   Thumb Code   386  charging_sm.o(i.SM_RunStateMachine)
    SPI_Cmd                                  0x00002229   Thumb Code    22  cw32f003_spi.o(i.SPI_Cmd)
    SPI_GetFlagStatus                        0x00002245   Thumb Code    20  cw32f003_spi.o(i.SPI_GetFlagStatus)
    SPI_IRQHandler                           0x0000225d   Thumb Code     2  interrupts_cw32f003.o(i.SPI_IRQHandler)
    SPI_Init                                 0x00002261   Thumb Code    50  cw32f003_spi.o(i.SPI_Init)
    SPI_SendData                             0x0000229d   Thumb Code     6  cw32f003_spi.o(i.SPI_SendData)
    SPI_StructInit                           0x000022a9   Thumb Code    28  cw32f003_spi.o(i.SPI_StructInit)
    SVC_Handler                              0x000022eb   Thumb Code     2  interrupts_cw32f003.o(i.SVC_Handler)
    SYSCTRL_IRQHandler                       0x000022ed   Thumb Code     2  interrupts_cw32f003.o(i.SYSCTRL_IRQHandler)
    SysTick_Handler                          0x000022f1   Thumb Code    68  interrupts_cw32f003.o(i.SysTick_Handler)
    SystemCoreClockUpdate                    0x00002349   Thumb Code    86  system_cw32f003.o(i.SystemCoreClockUpdate)
    SystemInit                               0x000023b5   Thumb Code    82  system_cw32f003.o(i.SystemInit)
    UART1_IRQHandler                         0x00002571   Thumb Code    36  interrupts_cw32f003.o(i.UART1_IRQHandler)
    UART2_IRQHandler                         0x00002599   Thumb Code     8  interrupts_cw32f003.o(i.UART2_IRQHandler)
    UART_Driver_Handle_RC                    0x000025a1   Thumb Code    42  uart_driver.o(i.UART_Driver_Handle_RC)
    UART_Driver_Handle_TXE                   0x000025d5   Thumb Code    38  uart_driver.o(i.UART_Driver_Handle_TXE)
    UART_Driver_Init                         0x00002605   Thumb Code   218  uart_driver.o(i.UART_Driver_Init)
    UI_Display_Init                          0x000026f9   Thumb Code     8  ui_display.o(i.UI_Display_Init)
    UI_UpdateDisplay                         0x00002701   Thumb Code   208  ui_display.o(i.UI_UpdateDisplay)
    USART_ClearITPendingBit                  0x00002835   Thumb Code     8  cw32f003_uart.o(i.USART_ClearITPendingBit)
    USART_GetFlagStatus                      0x0000283d   Thumb Code    18  cw32f003_uart.o(i.USART_GetFlagStatus)
    USART_GetITStatus                        0x0000284f   Thumb Code    18  cw32f003_uart.o(i.USART_GetITStatus)
    USART_ITConfig                           0x00002861   Thumb Code    26  cw32f003_uart.o(i.USART_ITConfig)
    USART_Init                               0x0000287d   Thumb Code   362  cw32f003_uart.o(i.USART_Init)
    USART_ReceiveData_8bit                   0x000029f1   Thumb Code     8  cw32f003_uart.o(i.USART_ReceiveData_8bit)
    USART_SendData_8bit                      0x000029f9   Thumb Code     4  cw32f003_uart.o(i.USART_SendData_8bit)
    VC1_IRQHandler                           0x000029fd   Thumb Code     2  interrupts_cw32f003.o(i.VC1_IRQHandler)
    VC2_IRQHandler                           0x000029ff   Thumb Code     2  interrupts_cw32f003.o(i.VC2_IRQHandler)
    WDT_IRQHandler                           0x00002a01   Thumb Code     2  interrupts_cw32f003.o(i.WDT_IRQHandler)
    __0printf                                0x00002a05   Thumb Code    24  printfa.o(i.__0printf)
    __1printf                                0x00002a05   Thumb Code     0  printfa.o(i.__0printf)
    __2printf                                0x00002a05   Thumb Code     0  printfa.o(i.__0printf)
    __c89printf                              0x00002a05   Thumb Code     0  printfa.o(i.__0printf)
    printf                                   0x00002a05   Thumb Code     0  printfa.o(i.__0printf)
    __0sprintf                               0x00002a25   Thumb Code    36  printfa.o(i.__0sprintf)
    __1sprintf                               0x00002a25   Thumb Code     0  printfa.o(i.__0sprintf)
    __2sprintf                               0x00002a25   Thumb Code     0  printfa.o(i.__0sprintf)
    __c89sprintf                             0x00002a25   Thumb Code     0  printfa.o(i.__0sprintf)
    sprintf                                  0x00002a25   Thumb Code     0  printfa.o(i.__0sprintf)
    __ARM_clz                                0x00002a4d   Thumb Code    46  depilogue.o(i.__ARM_clz)
    __ARM_common_switch8                     0x00002a7b   Thumb Code    28  charging_sm.o(i.__ARM_common_switch8)
    __scatterload_copy                       0x00002c01   Thumb Code    14  handlers.o(i.__scatterload_copy)
    __scatterload_null                       0x00002c0f   Thumb Code     2  handlers.o(i.__scatterload_null)
    __scatterload_zeroinit                   0x00002c11   Thumb Code    14  handlers.o(i.__scatterload_zeroinit)
    fputc                                    0x000034d9   Thumb Code    58  uart_driver.o(i.fputc)
    main                                     0x0000351d   Thumb Code   106  main.o(i.main)
    F6x8                                     0x000035c0   Data         552  spi_oled_driver.o(.constdata)
    F8X16                                    0x000037e8   Data        1520  spi_oled_driver.o(.constdata)
    hsiprs_tbl                               0x00003dd8   Data          64  cw32f003_rcc.o(.constdata)
    Region$$Table$$Base                      0x00003e18   Number         0  anon$$obj.o(Region$$Table)
    Region$$Table$$Limit                     0x00003e38   Number         0  anon$$obj.o(Region$$Table)
    flag_run_state_machine                   0x20000000   Data           1  main.o(.data)
    flag_update_display                      0x20000001   Data           1  main.o(.data)
    hlw8032_packet_ready                     0x20000015   Data           1  ac_measurement.o(.data)
    uwTick                                   0x2000002c   Data           4  cw32f003_systick.o(.data)
    uwTickPrio                               0x20000030   Data           4  cw32f003_systick.o(.data)
    uwTickFreq                               0x20000034   Data           1  cw32f003_systick.o(.data)
    SystemCoreClock                          0x20000038   Data           4  system_cw32f003.o(.data)
    __stdout                                 0x2000003c   Data           4  stdout.o(.data)
    __initial_sp                             0x20000330   Data           0  startup_cw32f003.o(STACK)



==============================================================================

Memory Map of the image

  Image Entry point : 0x000000c1

  Load Region LR_IROM1 (Base: 0x00000000, Size: 0x00003e78, Max: 0x00005000, ABSOLUTE)

    Execution Region ER_IROM1 (Exec base: 0x00000000, Load base: 0x00000000, Size: 0x00003e38, Max: 0x00005000, ABSOLUTE)

    Exec Addr    Load Addr    Size         Type   Attr      Idx    E Section Name        Object

    0x00000000   0x00000000   0x000000c0   Data   RO            3    RESET               startup_cw32f003.o
    0x000000c0   0x000000c0   0x00000000   Code   RO         3632  * .ARM.Collect$$$$00000000  mc_p.l(entry.o)
    0x000000c0   0x000000c0   0x00000004   Code   RO         3924    .ARM.Collect$$$$00000001  mc_p.l(entry2.o)
    0x000000c4   0x000000c4   0x00000004   Code   RO         3927    .ARM.Collect$$$$00000004  mc_p.l(entry5.o)
    0x000000c8   0x000000c8   0x00000000   Code   RO         3929    .ARM.Collect$$$$00000008  mc_p.l(entry7b.o)
    0x000000c8   0x000000c8   0x00000000   Code   RO         3931    .ARM.Collect$$$$0000000A  mc_p.l(entry8b.o)
    0x000000c8   0x000000c8   0x00000008   Code   RO         3932    .ARM.Collect$$$$0000000B  mc_p.l(entry9a.o)
    0x000000d0   0x000000d0   0x00000000   Code   RO         3934    .ARM.Collect$$$$0000000D  mc_p.l(entry10a.o)
    0x000000d0   0x000000d0   0x00000000   Code   RO         3936    .ARM.Collect$$$$0000000F  mc_p.l(entry11a.o)
    0x000000d0   0x000000d0   0x00000004   Code   RO         3925    .ARM.Collect$$$$00002712  mc_p.l(entry2.o)
    0x000000d4   0x000000d4   0x0000003c   Code   RO            4    .text               startup_cw32f003.o
    0x00000110   0x00000110   0x0000002c   Code   RO         3635    .text               mc_p.l(uidiv.o)
    0x0000013c   0x0000013c   0x00000024   Code   RO         3637    .text               mc_p.l(memcpya.o)
    0x00000160   0x00000160   0x00000024   Code   RO         3639    .text               mc_p.l(memseta.o)
    0x00000184   0x00000184   0x00000018   Code   RO         3641    .text               mc_p.l(strcat.o)
    0x0000019c   0x0000019c   0x000000b2   Code   RO         3906    .text               mf_p.l(fadd.o)
    0x0000024e   0x0000024e   0x0000007a   Code   RO         3908    .text               mf_p.l(fmul.o)
    0x000002c8   0x000002c8   0x0000007c   Code   RO         3910    .text               mf_p.l(fdiv.o)
    0x00000344   0x00000344   0x00000164   Code   RO         3912    .text               mf_p.l(dadd.o)
    0x000004a8   0x000004a8   0x0000000e   Code   RO         3916    .text               mf_p.l(ffltui.o)
    0x000004b6   0x000004b6   0x00000028   Code   RO         3918    .text               mf_p.l(ffixui.o)
    0x000004de   0x000004de   0x00000002   PAD
    0x000004e0   0x000004e0   0x0000003c   Code   RO         3920    .text               mf_p.l(dfixui.o)
    0x0000051c   0x0000051c   0x00000028   Code   RO         3922    .text               mf_p.l(f2d.o)
    0x00000544   0x00000544   0x00000060   Code   RO         3939    .text               mc_p.l(uldiv.o)
    0x000005a4   0x000005a4   0x00000020   Code   RO         3941    .text               mc_p.l(llshl.o)
    0x000005c4   0x000005c4   0x00000022   Code   RO         3943    .text               mc_p.l(llushr.o)
    0x000005e6   0x000005e6   0x00000026   Code   RO         3945    .text               mc_p.l(llsshr.o)
    0x0000060c   0x0000060c   0x00000000   Code   RO         3947    .text               mc_p.l(iusefp.o)
    0x0000060c   0x0000060c   0x00000082   Code   RO         3948    .text               mf_p.l(fepilogue.o)
    0x0000068e   0x0000068e   0x000000be   Code   RO         3950    .text               mf_p.l(depilogue.o)
    0x0000074c   0x0000074c   0x000000d0   Code   RO         3954    .text               mf_p.l(dmul.o)
    0x0000081c   0x0000081c   0x000000f0   Code   RO         3956    .text               mf_p.l(ddiv.o)
    0x0000090c   0x0000090c   0x00000040   Code   RO         3958    .text               mf_p.l(dfixul.o)
    0x0000094c   0x0000094c   0x00000028   Code   RO         3960    .text               mf_p.l(cdrcmple.o)
    0x00000974   0x00000974   0x00000024   Code   RO         3962    .text               mc_p.l(init.o)
    0x00000998   0x00000998   0x0000000c   Code   RO          518    i.AC_GetCurrent     ac_measurement.o
    0x000009a4   0x000009a4   0x0000007c   Code   RO          521    i.AC_Measurement_Init  ac_measurement.o
    0x00000a20   0x00000a20   0x000000f8   Code   RO          522    i.AC_Process_HLW8032_Packet  ac_measurement.o
    0x00000b18   0x00000b18   0x00000044   Code   RO          938    i.ADC_BufEnSingleCh  cw32f003_adc.o
    0x00000b5c   0x00000b5c   0x00000010   Code   RO          940    i.ADC_ClearITPendingBit  cw32f003_adc.o
    0x00000b6c   0x00000b6c   0x00000020   Code   RO          942    i.ADC_DeInit        cw32f003_adc.o
    0x00000b8c   0x00000b8c   0x00000098   Code   RO          470    i.ADC_Driver_Init   adc_driver.o
    0x00000c24   0x00000c24   0x00000020   Code   RO          946    i.ADC_Enable        cw32f003_adc.o
    0x00000c44   0x00000c44   0x0000000c   Code   RO          951    i.ADC_GetConversionValue  cw32f003_adc.o
    0x00000c50   0x00000c50   0x00000018   Code   RO          952    i.ADC_GetITStatus   cw32f003_adc.o
    0x00000c68   0x00000c68   0x00000002   Code   RO          137    i.ADC_IRQHandler    interrupts_cw32f003.o
    0x00000c6a   0x00000c6a   0x00000002   PAD
    0x00000c6c   0x00000c6c   0x00000084   Code   RO          961    i.ADC_Init          cw32f003_adc.o
    0x00000cf0   0x00000cf0   0x0000005e   Code   RO          471    i.ADC_Read_Channel_Raw  adc_driver.o
    0x00000d4e   0x00000d4e   0x00000002   PAD
    0x00000d50   0x00000d50   0x00000040   Code   RO          971    i.ADC_SingleChCommon  cw32f003_adc.o
    0x00000d90   0x00000d90   0x0000001c   Code   RO          974    i.ADC_SingleChOneModeCfg  cw32f003_adc.o
    0x00000dac   0x00000dac   0x00000024   Code   RO          975    i.ADC_SoftwareStartConvCmd  cw32f003_adc.o
    0x00000dd0   0x00000dd0   0x00000054   Code   RO          981    i.ADC_WdtConfig     cw32f003_adc.o
    0x00000e24   0x00000e24   0x0000001c   Code   RO          982    i.ADC_WdtInit       cw32f003_adc.o
    0x00000e40   0x00000e40   0x0000000c   Code   RO         1251    i.ATIM_ClearITPendingBit  cw32f003_atim.o
    0x00000e4c   0x00000e4c   0x00000018   Code   RO         1252    i.ATIM_Cmd          cw32f003_atim.o
    0x00000e64   0x00000e64   0x00000020   Code   RO         1253    i.ATIM_CtrlPWMOutputs  cw32f003_atim.o
    0x00000e84   0x00000e84   0x00000018   Code   RO         1263    i.ATIM_GetITStatus  cw32f003_atim.o
    0x00000e9c   0x00000e9c   0x00000014   Code   RO          138    i.ATIM_IRQHandler   interrupts_cw32f003.o
    0x00000eb0   0x00000eb0   0x00000068   Code   RO         1272    i.ATIM_Init         cw32f003_atim.o
    0x00000f18   0x00000f18   0x00000054   Code   RO         1277    i.ATIM_OC2BInit     cw32f003_atim.o
    0x00000f6c   0x00000f6c   0x0000000c   Code   RO         1285    i.ATIM_SetCompare2B  cw32f003_atim.o
    0x00000f78   0x00000f78   0x00000002   Code   RO          139    i.AWT_IRQHandler    interrupts_cw32f003.o
    0x00000f7a   0x00000f7a   0x00000002   Code   RO          140    i.BTIM1_IRQHandler  interrupts_cw32f003.o
    0x00000f7c   0x00000f7c   0x00000002   Code   RO          141    i.BTIM2_IRQHandler  interrupts_cw32f003.o
    0x00000f7e   0x00000f7e   0x00000002   Code   RO          142    i.BTIM3_IRQHandler  interrupts_cw32f003.o
    0x00000f80   0x00000f80   0x00000050   Code   RO          668    i.CP_ReadState      cp_signal.o
    0x00000fd0   0x00000fd0   0x0000008c   Code   RO          669    i.CP_SetMaxCurrentPWM  cp_signal.o
    0x0000105c   0x0000105c   0x00000058   Code   RO          670    i.CP_Signal_Init    cp_signal.o
    0x000010b4   0x000010b4   0x00000018   Code   RO          524    i.Calculate_HLW8032_Checksum  ac_measurement.o
    0x000010cc   0x000010cc   0x0000001c   Code   RO          628    i.Contactor_Close   contactor_control.o
    0x000010e8   0x000010e8   0x0000001c   Code   RO          629    i.Contactor_Init    contactor_control.o
    0x00001104   0x00001104   0x0000001c   Code   RO          631    i.Contactor_Open    contactor_control.o
    0x00001120   0x00001120   0x00000040   Code   RO           12    i.Error_Handler     main.o
    0x00001160   0x00001160   0x00000002   Code   RO          143    i.FLASHRAM_IRQHandler  interrupts_cw32f003.o
    0x00001162   0x00001162   0x00000002   PAD
    0x00001164   0x00001164   0x00000024   Code   RO         1876    i.FLASH_SetLatency  cw32f003_flash.o
    0x00001188   0x00001188   0x00000012   Code   RO         3590    i.FirmwareDelay     system_cw32f003.o
    0x0000119a   0x0000119a   0x00000002   Code   RO          144    i.GPIOA_IRQHandler  interrupts_cw32f003.o
    0x0000119c   0x0000119c   0x00000002   Code   RO          145    i.GPIOB_IRQHandler  interrupts_cw32f003.o
    0x0000119e   0x0000119e   0x00000002   Code   RO          146    i.GPIOC_IRQHandler  interrupts_cw32f003.o
    0x000011a0   0x000011a0   0x000000e2   Code   RO         1983    i.GPIO_Init         cw32f003_gpio.o
    0x00001282   0x00001282   0x0000000c   Code   RO         1988    i.GPIO_WritePin     cw32f003_gpio.o
    0x0000128e   0x0000128e   0x00000002   Code   RO          147    i.GTIM_IRQHandler   interrupts_cw32f003.o
    0x00001290   0x00001290   0x00000010   Code   RO          754    i.HLW_RingBuffer_Init  hlw_uart_driver.o
    0x000012a0   0x000012a0   0x00000012   Code   RO          756    i.HLW_RingBuffer_IsFull  hlw_uart_driver.o
    0x000012b2   0x000012b2   0x00000046   Code   RO          757    i.HLW_RingBuffer_Put  hlw_uart_driver.o
    0x000012f8   0x000012f8   0x00000034   Code   RO          759    i.HLW_UART_Handle_RC  hlw_uart_driver.o
    0x0000132c   0x0000132c   0x000000c0   Code   RO          760    i.HLW_UART_Init     hlw_uart_driver.o
    0x000013ec   0x000013ec   0x00000004   Code   RO          148    i.HardFault_Handler  interrupts_cw32f003.o
    0x000013f0   0x000013f0   0x00000002   Code   RO          149    i.I2C_IRQHandler    interrupts_cw32f003.o
    0x000013f2   0x000013f2   0x00000002   PAD
    0x000013f4   0x000013f4   0x00000010   Code   RO         2444    i.IWDT_Cmd          cw32f003_iwdt.o
    0x00001404   0x00001404   0x00000064   Code   RO         2391    i.IWDT_Init         cw32f003_iwdt.o
    0x00001468   0x00001468   0x00000010   Code   RO         2450    i.IWDT_Refresh      cw32f003_iwdt.o
    0x00001478   0x00001478   0x00000010   Code   RO         2456    i.IWDT_Unlock       cw32f003_iwdt.o
    0x00001488   0x00001488   0x0000006c   Code   RO         3049    i.InitTick          cw32f003_systick.o
    0x000014f4   0x000014f4   0x00000002   Code   RO          150    i.LVD_IRQHandler    interrupts_cw32f003.o
    0x000014f6   0x000014f6   0x00000002   Code   RO          151    i.NMI_Handler       interrupts_cw32f003.o
    0x000014f8   0x000014f8   0x0000002a   Code   RO          823    i.OLED_Clear        spi_oled_driver.o
    0x00001522   0x00001522   0x00000002   PAD
    0x00001524   0x00001524   0x00000230   Code   RO          827    i.OLED_Init         spi_oled_driver.o
    0x00001754   0x00001754   0x00000026   Code   RO          828    i.OLED_SetCursor    spi_oled_driver.o
    0x0000177a   0x0000177a   0x00000002   PAD
    0x0000177c   0x0000177c   0x00000098   Code   RO          829    i.OLED_ShowChar     spi_oled_driver.o
    0x00001814   0x00001814   0x0000006e   Code   RO          832    i.OLED_ShowString   spi_oled_driver.o
    0x00001882   0x00001882   0x00000002   PAD
    0x00001884   0x00001884   0x00000034   Code   RO          834    i.OLED_WriteCommand  spi_oled_driver.o
    0x000018b8   0x000018b8   0x00000034   Code   RO          835    i.OLED_WriteData    spi_oled_driver.o
    0x000018ec   0x000018ec   0x00000084   Code   RO          700    i.PP_GetCableCapacity  pp_signal.o
    0x00001970   0x00001970   0x00000016   Code   RO          701    i.PP_Signal_Init    pp_signal.o
    0x00001986   0x00001986   0x00000002   PAD
    0x00001988   0x00001988   0x00000180   Code   RO          409    i.PWM_Driver_Init   pwm_driver.o
    0x00001b08   0x00001b08   0x0000003c   Code   RO          412    i.PWM_Set_DutyCycle  pwm_driver.o
    0x00001b44   0x00001b44   0x0000000a   Code   RO          414    i.PWM_Start         pwm_driver.o
    0x00001b4e   0x00001b4e   0x00000002   Code   RO          152    i.PendSV_Handler    interrupts_cw32f003.o
    0x00001b50   0x00001b50   0x00000020   Code   RO         2663    i.RCC_AHBPeriphClk_Enable  cw32f003_rcc.o
    0x00001b70   0x00001b70   0x00000020   Code   RO         2665    i.RCC_APBPeriphClk_Enable1  cw32f003_rcc.o
    0x00001b90   0x00001b90   0x00000020   Code   RO         2666    i.RCC_APBPeriphClk_Enable2  cw32f003_rcc.o
    0x00001bb0   0x00001bb0   0x00000018   Code   RO         2683    i.RCC_GetStableFlag  cw32f003_rcc.o
    0x00001bc8   0x00001bc8   0x00000038   Code   RO         2689    i.RCC_HSI_Enable    cw32f003_rcc.o
    0x00001c00   0x00001c00   0x00000040   Code   RO         2701    i.RCC_SysClk_Switch  cw32f003_rcc.o
    0x00001c40   0x00001c40   0x00000078   Code   RO         2702    i.RCC_Sysctrl_GetHClkFreq  cw32f003_rcc.o
    0x00001cb8   0x00001cb8   0x00000020   Code   RO         2703    i.RCC_Sysctrl_GetPClkFreq  cw32f003_rcc.o
    0x00001cd8   0x00001cd8   0x0000000c   Code   RO         2704    i.RCC_SystemCoreClockUpdate  cw32f003_rcc.o
    0x00001ce4   0x00001ce4   0x00000048   Code   RO          318    i.RingBuffer_Get    uart_driver.o
    0x00001d2c   0x00001d2c   0x00000010   Code   RO          319    i.RingBuffer_Init   uart_driver.o
    0x00001d3c   0x00001d3c   0x00000012   Code   RO          320    i.RingBuffer_IsEmpty  uart_driver.o
    0x00001d4e   0x00001d4e   0x00000012   Code   RO          321    i.RingBuffer_IsFull  uart_driver.o
    0x00001d60   0x00001d60   0x00000046   Code   RO          322    i.RingBuffer_Put    uart_driver.o
    0x00001da6   0x00001da6   0x00000002   PAD
    0x00001da8   0x00001da8   0x0000000c   Code   RO          583    i.SM_GetCurrentState  charging_sm.o
    0x00001db4   0x00001db4   0x00000064   Code   RO          584    i.SM_Init           charging_sm.o
    0x00001e18   0x00001e18   0x00000410   Code   RO          585    i.SM_RunStateMachine  charging_sm.o
    0x00002228   0x00002228   0x0000001c   Code   RO         2941    i.SPI_Cmd           cw32f003_spi.o
    0x00002244   0x00002244   0x00000018   Code   RO         2945    i.SPI_GetFlagStatus  cw32f003_spi.o
    0x0000225c   0x0000225c   0x00000002   Code   RO          153    i.SPI_IRQHandler    interrupts_cw32f003.o
    0x0000225e   0x0000225e   0x00000002   PAD
    0x00002260   0x00002260   0x0000003c   Code   RO         2948    i.SPI_Init          cw32f003_spi.o
    0x0000229c   0x0000229c   0x0000000c   Code   RO         2952    i.SPI_SendData      cw32f003_spi.o
    0x000022a8   0x000022a8   0x0000001c   Code   RO         2953    i.SPI_StructInit    cw32f003_spi.o
    0x000022c4   0x000022c4   0x00000026   Code   RO          836    i.SPI_WriteByte     spi_oled_driver.o
    0x000022ea   0x000022ea   0x00000002   Code   RO          154    i.SVC_Handler       interrupts_cw32f003.o
    0x000022ec   0x000022ec   0x00000002   Code   RO          155    i.SYSCTRL_IRQHandler  interrupts_cw32f003.o
    0x000022ee   0x000022ee   0x00000002   PAD
    0x000022f0   0x000022f0   0x00000058   Code   RO          156    i.SysTick_Handler   interrupts_cw32f003.o
    0x00002348   0x00002348   0x0000006c   Code   RO         3592    i.SystemCoreClockUpdate  system_cw32f003.o
    0x000023b4   0x000023b4   0x0000005c   Code   RO         3593    i.SystemInit        system_cw32f003.o
    0x00002410   0x00002410   0x00000160   Code   RO           13    i.System_Init       main.o
    0x00002570   0x00002570   0x00000028   Code   RO          157    i.UART1_IRQHandler  interrupts_cw32f003.o
    0x00002598   0x00002598   0x00000008   Code   RO          158    i.UART2_IRQHandler  interrupts_cw32f003.o
    0x000025a0   0x000025a0   0x00000034   Code   RO          324    i.UART_Driver_Handle_RC  uart_driver.o
    0x000025d4   0x000025d4   0x00000030   Code   RO          325    i.UART_Driver_Handle_TXE  uart_driver.o
    0x00002604   0x00002604   0x000000f4   Code   RO          326    i.UART_Driver_Init  uart_driver.o
    0x000026f8   0x000026f8   0x00000008   Code   RO          726    i.UI_Display_Init   ui_display.o
    0x00002700   0x00002700   0x00000134   Code   RO          727    i.UI_UpdateDisplay  ui_display.o
    0x00002834   0x00002834   0x00000008   Code   RO         3115    i.USART_ClearITPendingBit  cw32f003_uart.o
    0x0000283c   0x0000283c   0x00000012   Code   RO         3119    i.USART_GetFlagStatus  cw32f003_uart.o
    0x0000284e   0x0000284e   0x00000012   Code   RO         3120    i.USART_GetITStatus  cw32f003_uart.o
    0x00002860   0x00002860   0x0000001a   Code   RO         3122    i.USART_ITConfig    cw32f003_uart.o
    0x0000287a   0x0000287a   0x00000002   PAD
    0x0000287c   0x0000287c   0x00000174   Code   RO         3123    i.USART_Init        cw32f003_uart.o
    0x000029f0   0x000029f0   0x00000008   Code   RO         3126    i.USART_ReceiveData_8bit  cw32f003_uart.o
    0x000029f8   0x000029f8   0x00000004   Code   RO         3128    i.USART_SendData_8bit  cw32f003_uart.o
    0x000029fc   0x000029fc   0x00000002   Code   RO          159    i.VC1_IRQHandler    interrupts_cw32f003.o
    0x000029fe   0x000029fe   0x00000002   Code   RO          160    i.VC2_IRQHandler    interrupts_cw32f003.o
    0x00002a00   0x00002a00   0x00000002   Code   RO          161    i.WDT_IRQHandler    interrupts_cw32f003.o
    0x00002a02   0x00002a02   0x00000002   PAD
    0x00002a04   0x00002a04   0x00000020   Code   RO         3878    i.__0printf         mc_p.l(printfa.o)
    0x00002a24   0x00002a24   0x00000028   Code   RO         3880    i.__0sprintf        mc_p.l(printfa.o)
    0x00002a4c   0x00002a4c   0x0000002e   Code   RO         3952    i.__ARM_clz         mf_p.l(depilogue.o)
    0x00002a7a   0x00002a7a   0x0000001c   Code   RO          612    i.__ARM_common_switch8  charging_sm.o
    0x00002a96   0x00002a96   0x00000002   PAD
    0x00002a98   0x00002a98   0x00000078   Code   RO          329    i.__NVIC_SetPriority  uart_driver.o
    0x00002b10   0x00002b10   0x00000078   Code   RO          762    i.__NVIC_SetPriority  hlw_uart_driver.o
    0x00002b88   0x00002b88   0x00000078   Code   RO         3054    i.__NVIC_SetPriority  cw32f003_systick.o
    0x00002c00   0x00002c00   0x0000000e   Code   RO         3966    i.__scatterload_copy  mc_p.l(handlers.o)
    0x00002c0e   0x00002c0e   0x00000002   Code   RO         3967    i.__scatterload_null  mc_p.l(handlers.o)
    0x00002c10   0x00002c10   0x0000000e   Code   RO         3968    i.__scatterload_zeroinit  mc_p.l(handlers.o)
    0x00002c1e   0x00002c1e   0x00000002   PAD
    0x00002c20   0x00002c20   0x00000174   Code   RO         3885    i._fp_digits        mc_p.l(printfa.o)
    0x00002d94   0x00002d94   0x000006ec   Code   RO         3886    i._printf_core      mc_p.l(printfa.o)
    0x00003480   0x00003480   0x00000020   Code   RO         3887    i._printf_post_padding  mc_p.l(printfa.o)
    0x000034a0   0x000034a0   0x0000002c   Code   RO         3888    i._printf_pre_padding  mc_p.l(printfa.o)
    0x000034cc   0x000034cc   0x0000000a   Code   RO         3890    i._sputc            mc_p.l(printfa.o)
    0x000034d6   0x000034d6   0x00000002   PAD
    0x000034d8   0x000034d8   0x00000044   Code   RO          330    i.fputc             uart_driver.o
    0x0000351c   0x0000351c   0x0000007c   Code   RO           14    i.main              main.o
    0x00003598   0x00003598   0x00000028   Data   RO          728    .constdata          ui_display.o
    0x000035c0   0x000035c0   0x00000818   Data   RO          838    .constdata          spi_oled_driver.o
    0x00003dd8   0x00003dd8   0x00000040   Data   RO         2706    .constdata          cw32f003_rcc.o
    0x00003e18   0x00003e18   0x00000020   Data   RO         3964    Region$$Table       anon$$obj.o


    Execution Region RW_IRAM1 (Exec base: 0x20000000, Load base: 0x00003e38, Size: 0x00000330, Max: 0x00000c00, ABSOLUTE)

    Exec Addr    Load Addr    Size         Type   Attr      Idx    E Section Name        Object

    0x20000000   0x00003e38   0x00000002   Data   RW           15    .data               main.o
    0x20000002   0x00003e3a   0x00000002   PAD
    0x20000004   0x00003e3c   0x00000008   Data   RW          162    .data               interrupts_cw32f003.o
    0x2000000c   0x00003e44   0x00000005   Data   RW          416    .data               pwm_driver.o
    0x20000011   0x00003e49   0x00000003   PAD
    0x20000014   0x00003e4c   0x00000010   Data   RW          526    .data               ac_measurement.o
    0x20000024   0x00003e5c   0x00000005   Data   RW          586    .data               charging_sm.o
    0x20000029   0x00003e61   0x00000001   Data   RW          632    .data               contactor_control.o
    0x2000002a   0x00003e62   0x00000002   PAD
    0x2000002c   0x00003e64   0x00000009   Data   RW         3055    .data               cw32f003_systick.o
    0x20000035   0x00003e6d   0x00000003   PAD
    0x20000038   0x00003e70   0x00000004   Data   RW         3594    .data               system_cw32f003.o
    0x2000003c   0x00003e74   0x00000004   Data   RW         3938    .data               mc_p.l(stdout.o)
    0x20000040        -       0x0000008c   Zero   RW          331    .bss                uart_driver.o
    0x200000cc        -       0x00000018   Zero   RW          525    .bss                ac_measurement.o
    0x200000e4        -       0x00000046   Zero   RW          763    .bss                hlw_uart_driver.o
    0x2000012a   0x00003e78   0x00000006   PAD
    0x20000130        -       0x00000200   Zero   RW            1    STACK               startup_cw32f003.o


==============================================================================

Image component sizes


      Code (inc. data)   RO Data    RW Data    ZI Data      Debug   Object Name

       408        156          0         16         24       3733   ac_measurement.o
       246         48          0          0          0       1225   adc_driver.o
      1180        728          0          5          0       2496   charging_sm.o
        84         20          0          1          0       1520   contactor_control.o
       308         48          0          0          0       2230   cp_signal.o
       556         70          0          0          0       5991   cw32f003_adc.o
       292         40          0          0          0       3553   cw32f003_atim.o
        36         12          0          0          0        459   cw32f003_flash.o
       238          0          0          0          0       1424   cw32f003_gpio.o
       148         42          0          0          0       1952   cw32f003_iwdt.o
       404         72         64          0          0       5078   cw32f003_rcc.o
       152         26          0          0          0       2553   cw32f003_spi.o
       228         28          0          9          0       9434   cw32f003_systick.o
       454         10          0          0          0       4213   cw32f003_uart.o
       468         42          0          0         70       3877   hlw_uart_driver.o
       200         24          0          8          0      10314   interrupts_cw32f003.o
       540        266          0          2          0     130600   main.o
       154         14          0          0          0       1879   pp_signal.o
       454         28          0          5          0      10366   pwm_driver.o
      1044         42       2072          0          0      10322   spi_oled_driver.o
        60         22        192          0        512        608   startup_cw32f003.o
       218         32          0          4          0       2159   system_cw32f003.o
       726         66          0          0        140      13076   uart_driver.o
       316        110         40          0          0       1153   ui_display.o

    ----------------------------------------------------------------------
      8942       1946       2400         60        752     230215   Object Totals
         0          0         32          0          0          0   (incl. Generated)
        28          0          0         10          6          0   (incl. Padding)

    ----------------------------------------------------------------------

      Code (inc. data)   RO Data    RW Data    ZI Data      Debug   Library Member Name

         0          0          0          0          0          0   entry.o
         0          0          0          0          0          0   entry10a.o
         0          0          0          0          0          0   entry11a.o
         8          4          0          0          0          0   entry2.o
         4          0          0          0          0          0   entry5.o
         0          0          0          0          0          0   entry7b.o
         0          0          0          0          0          0   entry8b.o
         8          4          0          0          0          0   entry9a.o
        30          0          0          0          0          0   handlers.o
        36          8          0          0          0         68   init.o
         0          0          0          0          0          0   iusefp.o
        32          0          0          0          0         68   llshl.o
        38          0          0          0          0         68   llsshr.o
        34          0          0          0          0         68   llushr.o
        36          0          0          0          0         60   memcpya.o
        36          0          0          0          0        100   memseta.o
      2302        102          0          0          0        556   printfa.o
         0          0          0          4          0          0   stdout.o
        24          0          0          0          0         60   strcat.o
        44          0          0          0          0         72   uidiv.o
        96          0          0          0          0         84   uldiv.o
        40          2          0          0          0         68   cdrcmple.o
       356          4          0          0          0        140   dadd.o
       240          6          0          0          0         84   ddiv.o
       236          0          0          0          0        216   depilogue.o
        60         10          0          0          0         68   dfixui.o
        64         10          0          0          0         68   dfixul.o
       208          6          0          0          0         88   dmul.o
        40          0          0          0          0         60   f2d.o
       178          0          0          0          0        108   fadd.o
       124          0          0          0          0         72   fdiv.o
       130          0          0          0          0        144   fepilogue.o
        40          0          0          0          0         60   ffixui.o
        14          0          0          0          0         68   ffltui.o
       122          0          0          0          0         72   fmul.o

    ----------------------------------------------------------------------
      4586        156          0          4          0       2520   Library Totals
         6          0          0          0          0          0   (incl. Padding)

    ----------------------------------------------------------------------

      Code (inc. data)   RO Data    RW Data    ZI Data      Debug   Library Name

      2728        118          0          4          0       1204   mc_p.l
      1852         38          0          0          0       1316   mf_p.l

    ----------------------------------------------------------------------
      4586        156          0          4          0       2520   Library Totals

    ----------------------------------------------------------------------

==============================================================================


      Code (inc. data)   RO Data    RW Data    ZI Data      Debug   

     13528       2102       2400         64        752     226235   Grand Totals
     13528       2102       2400         64        752     226235   ELF Image Totals
     13528       2102       2400         64          0          0   ROM Totals

==============================================================================

    Total RO  Size (Code + RO Data)                15928 (  15.55kB)
    Total RW  Size (RW Data + ZI Data)               816 (   0.80kB)
    Total ROM Size (Code + RO Data + RW Data)      15992 (  15.62kB)

==============================================================================

