Component: ARM Compiler 5.06 update 5 (build 528) Tool: armlink [4d35e2]

==============================================================================

Image Symbol Table

    Local Symbols

    Symbol Name                              Value     Ov Type        Size  Object(Section)

    RESET                                    0x00000000   Section      192  startup_cw32f003.o(RESET)
    ../clib/microlib/division.c              0x00000000   Number         0  uldiv.o ABSOLUTE
    ../clib/microlib/division.c              0x00000000   Number         0  uidiv.o ABSOLUTE
    ../clib/microlib/init/entry.s            0x00000000   Number         0  entry7b.o ABSOLUTE
    ../clib/microlib/init/entry.s            0x00000000   Number         0  entry2.o ABSOLUTE
    ../clib/microlib/init/entry.s            0x00000000   Number         0  entry7a.o ABSOLUTE
    ../clib/microlib/init/entry.s            0x00000000   Number         0  entry8a.o ABSOLUTE
    ../clib/microlib/init/entry.s            0x00000000   Number         0  entry8b.o ABSOLUTE
    ../clib/microlib/init/entry.s            0x00000000   Number         0  entry9a.o ABSOLUTE
    ../clib/microlib/init/entry.s            0x00000000   Number         0  entry5.o ABSOLUTE
    ../clib/microlib/init/entry.s            0x00000000   Number         0  entry11b.o ABSOLUTE
    ../clib/microlib/init/entry.s            0x00000000   Number         0  entry9b.o ABSOLUTE
    ../clib/microlib/init/entry.s            0x00000000   Number         0  entry11a.o ABSOLUTE
    ../clib/microlib/init/entry.s            0x00000000   Number         0  entry10b.o ABSOLUTE
    ../clib/microlib/init/entry.s            0x00000000   Number         0  entry10a.o ABSOLUTE
    ../clib/microlib/init/entry.s            0x00000000   Number         0  entry.o ABSOLUTE
    ../clib/microlib/longlong.c              0x00000000   Number         0  llsshr.o ABSOLUTE
    ../clib/microlib/longlong.c              0x00000000   Number         0  llushr.o ABSOLUTE
    ../clib/microlib/longlong.c              0x00000000   Number         0  llshl.o ABSOLUTE
    ../clib/microlib/printf/printf.c         0x00000000   Number         0  printf0.o ABSOLUTE
    ../clib/microlib/printf/printf.c         0x00000000   Number         0  printf1.o ABSOLUTE
    ../clib/microlib/printf/printf.c         0x00000000   Number         0  printf2.o ABSOLUTE
    ../clib/microlib/printf/printf.c         0x00000000   Number         0  printf6.o ABSOLUTE
    ../clib/microlib/printf/printf.c         0x00000000   Number         0  printf7.o ABSOLUTE
    ../clib/microlib/printf/printf.c         0x00000000   Number         0  printf5.o ABSOLUTE
    ../clib/microlib/printf/printf.c         0x00000000   Number         0  printf3.o ABSOLUTE
    ../clib/microlib/printf/printf.c         0x00000000   Number         0  printf8.o ABSOLUTE
    ../clib/microlib/printf/printf.c         0x00000000   Number         0  printf4.o ABSOLUTE
    ../clib/microlib/printf/printf.c         0x00000000   Number         0  printfa.o ABSOLUTE
    ../clib/microlib/printf/printf.c         0x00000000   Number         0  printfb.o ABSOLUTE
    ../clib/microlib/printf/stubs.s          0x00000000   Number         0  stubs.o ABSOLUTE
    ../clib/microlib/stdio/streams.c         0x00000000   Number         0  stdout.o ABSOLUTE
    ../clib/microlib/string/memcpy.c         0x00000000   Number         0  memcpyb.o ABSOLUTE
    ../clib/microlib/string/memcpy.c         0x00000000   Number         0  memcpya.o ABSOLUTE
    ../clib/microlib/string/memset.c         0x00000000   Number         0  memseta.o ABSOLUTE
    ../clib/microlib/string/strcat.c         0x00000000   Number         0  strcat.o ABSOLUTE
    ../clib/microlib/stubs.s                 0x00000000   Number         0  iusefp.o ABSOLUTE
    ../fplib/microlib/f2d.c                  0x00000000   Number         0  f2d.o ABSOLUTE
    ../fplib/microlib/fpadd.c                0x00000000   Number         0  dadd.o ABSOLUTE
    ../fplib/microlib/fpadd.c                0x00000000   Number         0  fadd.o ABSOLUTE
    ../fplib/microlib/fpdiv.c                0x00000000   Number         0  ddiv.o ABSOLUTE
    ../fplib/microlib/fpdiv.c                0x00000000   Number         0  fdiv.o ABSOLUTE
    ../fplib/microlib/fpepilogue.c           0x00000000   Number         0  fepilogue.o ABSOLUTE
    ../fplib/microlib/fpepilogue.c           0x00000000   Number         0  depilogue.o ABSOLUTE
    ../fplib/microlib/fpfix.c                0x00000000   Number         0  dfixui.o ABSOLUTE
    ../fplib/microlib/fpfix.c                0x00000000   Number         0  ffixui.o ABSOLUTE
    ../fplib/microlib/fpfix.c                0x00000000   Number         0  dfixul.o ABSOLUTE
    ../fplib/microlib/fpflt.c                0x00000000   Number         0  ffltui.o ABSOLUTE
    ../fplib/microlib/fpflt.c                0x00000000   Number         0  fflti.o ABSOLUTE
    ../fplib/microlib/fpmul.c                0x00000000   Number         0  fmul.o ABSOLUTE
    ../fplib/microlib/fpmul.c                0x00000000   Number         0  dmul.o ABSOLUTE
    ..\Libraries\src\cw32f003_adc.c          0x00000000   Number         0  cw32f003_adc.o ABSOLUTE
    ..\Libraries\src\cw32f003_atim.c         0x00000000   Number         0  cw32f003_atim.o ABSOLUTE
    ..\Libraries\src\cw32f003_awt.c          0x00000000   Number         0  cw32f003_awt.o ABSOLUTE
    ..\Libraries\src\cw32f003_btim.c         0x00000000   Number         0  cw32f003_btim.o ABSOLUTE
    ..\Libraries\src\cw32f003_crc.c          0x00000000   Number         0  cw32f003_crc.o ABSOLUTE
    ..\Libraries\src\cw32f003_debug.c        0x00000000   Number         0  cw32f003_debug.o ABSOLUTE
    ..\Libraries\src\cw32f003_digitalsign.c  0x00000000   Number         0  cw32f003_digitalsign.o ABSOLUTE
    ..\Libraries\src\cw32f003_flash.c        0x00000000   Number         0  cw32f003_flash.o ABSOLUTE
    ..\Libraries\src\cw32f003_gpio.c         0x00000000   Number         0  cw32f003_gpio.o ABSOLUTE
    ..\Libraries\src\cw32f003_gtim.c         0x00000000   Number         0  cw32f003_gtim.o ABSOLUTE
    ..\Libraries\src\cw32f003_i2c.c          0x00000000   Number         0  cw32f003_i2c.o ABSOLUTE
    ..\Libraries\src\cw32f003_iwdt.c         0x00000000   Number         0  cw32f003_iwdt.o ABSOLUTE
    ..\Libraries\src\cw32f003_lvd.c          0x00000000   Number         0  cw32f003_lvd.o ABSOLUTE
    ..\Libraries\src\cw32f003_pwr.c          0x00000000   Number         0  cw32f003_pwr.o ABSOLUTE
    ..\Libraries\src\cw32f003_ram.c          0x00000000   Number         0  cw32f003_ram.o ABSOLUTE
    ..\Libraries\src\cw32f003_rcc.c          0x00000000   Number         0  cw32f003_rcc.o ABSOLUTE
    ..\Libraries\src\cw32f003_spi.c          0x00000000   Number         0  cw32f003_spi.o ABSOLUTE
    ..\Libraries\src\cw32f003_systick.c      0x00000000   Number         0  cw32f003_systick.o ABSOLUTE
    ..\Libraries\src\cw32f003_uart.c         0x00000000   Number         0  cw32f003_uart.o ABSOLUTE
    ..\Libraries\src\cw32f003_vc.c           0x00000000   Number         0  cw32f003_vc.o ABSOLUTE
    ..\Libraries\src\cw32f003_wwdt.c         0x00000000   Number         0  cw32f003_wwdt.o ABSOLUTE
    ..\Libraries\src\system_cw32f003.c       0x00000000   Number         0  system_cw32f003.o ABSOLUTE
    ..\USER\src\ac_measurement.c             0x00000000   Number         0  ac_measurement.o ABSOLUTE
    ..\USER\src\adc_driver.c                 0x00000000   Number         0  adc_driver.o ABSOLUTE
    ..\USER\src\charging_sm.c                0x00000000   Number         0  charging_sm.o ABSOLUTE
    ..\USER\src\contactor_control.c          0x00000000   Number         0  contactor_control.o ABSOLUTE
    ..\USER\src\cp_signal.c                  0x00000000   Number         0  cp_signal.o ABSOLUTE
    ..\USER\src\error_handler.c              0x00000000   Number         0  error_handler.o ABSOLUTE
    ..\USER\src\hlw_uart_driver.c            0x00000000   Number         0  hlw_uart_driver.o ABSOLUTE
    ..\USER\src\interrupts_cw32f003.c        0x00000000   Number         0  interrupts_cw32f003.o ABSOLUTE
    ..\USER\src\main.c                       0x00000000   Number         0  main.o ABSOLUTE
    ..\USER\src\pp_signal.c                  0x00000000   Number         0  pp_signal.o ABSOLUTE
    ..\USER\src\pwm_driver.c                 0x00000000   Number         0  pwm_driver.o ABSOLUTE
    ..\USER\src\spi_oled_driver.c            0x00000000   Number         0  spi_oled_driver.o ABSOLUTE
    ..\USER\src\uart_driver.c                0x00000000   Number         0  uart_driver.o ABSOLUTE
    ..\USER\src\ui_display.c                 0x00000000   Number         0  ui_display.o ABSOLUTE
    ..\\Libraries\\src\\cw32f003_adc.c       0x00000000   Number         0  cw32f003_adc.o ABSOLUTE
    ..\\Libraries\\src\\cw32f003_atim.c      0x00000000   Number         0  cw32f003_atim.o ABSOLUTE
    ..\\Libraries\\src\\cw32f003_awt.c       0x00000000   Number         0  cw32f003_awt.o ABSOLUTE
    ..\\Libraries\\src\\cw32f003_btim.c      0x00000000   Number         0  cw32f003_btim.o ABSOLUTE
    ..\\Libraries\\src\\cw32f003_crc.c       0x00000000   Number         0  cw32f003_crc.o ABSOLUTE
    ..\\Libraries\\src\\cw32f003_debug.c     0x00000000   Number         0  cw32f003_debug.o ABSOLUTE
    ..\\Libraries\\src\\cw32f003_digitalsign.c 0x00000000   Number         0  cw32f003_digitalsign.o ABSOLUTE
    ..\\Libraries\\src\\cw32f003_flash.c     0x00000000   Number         0  cw32f003_flash.o ABSOLUTE
    ..\\Libraries\\src\\cw32f003_gpio.c      0x00000000   Number         0  cw32f003_gpio.o ABSOLUTE
    ..\\Libraries\\src\\cw32f003_gtim.c      0x00000000   Number         0  cw32f003_gtim.o ABSOLUTE
    ..\\Libraries\\src\\cw32f003_i2c.c       0x00000000   Number         0  cw32f003_i2c.o ABSOLUTE
    ..\\Libraries\\src\\cw32f003_iwdt.c      0x00000000   Number         0  cw32f003_iwdt.o ABSOLUTE
    ..\\Libraries\\src\\cw32f003_lvd.c       0x00000000   Number         0  cw32f003_lvd.o ABSOLUTE
    ..\\Libraries\\src\\cw32f003_pwr.c       0x00000000   Number         0  cw32f003_pwr.o ABSOLUTE
    ..\\Libraries\\src\\cw32f003_ram.c       0x00000000   Number         0  cw32f003_ram.o ABSOLUTE
    ..\\Libraries\\src\\cw32f003_rcc.c       0x00000000   Number         0  cw32f003_rcc.o ABSOLUTE
    ..\\Libraries\\src\\cw32f003_spi.c       0x00000000   Number         0  cw32f003_spi.o ABSOLUTE
    ..\\Libraries\\src\\cw32f003_systick.c   0x00000000   Number         0  cw32f003_systick.o ABSOLUTE
    ..\\Libraries\\src\\cw32f003_uart.c      0x00000000   Number         0  cw32f003_uart.o ABSOLUTE
    ..\\Libraries\\src\\cw32f003_vc.c        0x00000000   Number         0  cw32f003_vc.o ABSOLUTE
    ..\\Libraries\\src\\cw32f003_wwdt.c      0x00000000   Number         0  cw32f003_wwdt.o ABSOLUTE
    ..\\Libraries\\src\\system_cw32f003.c    0x00000000   Number         0  system_cw32f003.o ABSOLUTE
    ..\\USER\\src\\ac_measurement.c          0x00000000   Number         0  ac_measurement.o ABSOLUTE
    ..\\USER\\src\\adc_driver.c              0x00000000   Number         0  adc_driver.o ABSOLUTE
    ..\\USER\\src\\charging_sm.c             0x00000000   Number         0  charging_sm.o ABSOLUTE
    ..\\USER\\src\\contactor_control.c       0x00000000   Number         0  contactor_control.o ABSOLUTE
    ..\\USER\\src\\cp_signal.c               0x00000000   Number         0  cp_signal.o ABSOLUTE
    ..\\USER\\src\\error_handler.c           0x00000000   Number         0  error_handler.o ABSOLUTE
    ..\\USER\\src\\hlw_uart_driver.c         0x00000000   Number         0  hlw_uart_driver.o ABSOLUTE
    ..\\USER\\src\\interrupts_cw32f003.c     0x00000000   Number         0  interrupts_cw32f003.o ABSOLUTE
    ..\\USER\\src\\main.c                    0x00000000   Number         0  main.o ABSOLUTE
    ..\\USER\\src\\pp_signal.c               0x00000000   Number         0  pp_signal.o ABSOLUTE
    ..\\USER\\src\\pwm_driver.c              0x00000000   Number         0  pwm_driver.o ABSOLUTE
    ..\\USER\\src\\spi_oled_driver.c         0x00000000   Number         0  spi_oled_driver.o ABSOLUTE
    ..\\USER\\src\\uart_driver.c             0x00000000   Number         0  uart_driver.o ABSOLUTE
    ..\\USER\\src\\ui_display.c              0x00000000   Number         0  ui_display.o ABSOLUTE
    ..\startup_cw32f003.s                    0x00000000   Number         0  startup_cw32f003.o ABSOLUTE
    cdrcmple.s                               0x00000000   Number         0  cdrcmple.o ABSOLUTE
    dc.s                                     0x00000000   Number         0  dc.o ABSOLUTE
    handlers.s                               0x00000000   Number         0  handlers.o ABSOLUTE
    init.s                                   0x00000000   Number         0  init.o ABSOLUTE
    .ARM.Collect$$$$00000000                 0x000000c0   Section        0  entry.o(.ARM.Collect$$$$00000000)
    .ARM.Collect$$$$00000001                 0x000000c0   Section        4  entry2.o(.ARM.Collect$$$$00000001)
    .ARM.Collect$$$$00000004                 0x000000c4   Section        4  entry5.o(.ARM.Collect$$$$00000004)
    .ARM.Collect$$$$00000008                 0x000000c8   Section        0  entry7b.o(.ARM.Collect$$$$00000008)
    .ARM.Collect$$$$0000000A                 0x000000c8   Section        0  entry8b.o(.ARM.Collect$$$$0000000A)
    .ARM.Collect$$$$0000000B                 0x000000c8   Section        8  entry9a.o(.ARM.Collect$$$$0000000B)
    .ARM.Collect$$$$0000000D                 0x000000d0   Section        0  entry10a.o(.ARM.Collect$$$$0000000D)
    .ARM.Collect$$$$0000000F                 0x000000d0   Section        0  entry11a.o(.ARM.Collect$$$$0000000F)
    .ARM.Collect$$$$00002712                 0x000000d0   Section        4  entry2.o(.ARM.Collect$$$$00002712)
    __lit__00000000                          0x000000d0   Data           4  entry2.o(.ARM.Collect$$$$00002712)
    .text                                    0x000000d4   Section       60  startup_cw32f003.o(.text)
    .text                                    0x00000110   Section        0  uidiv.o(.text)
    .text                                    0x0000013c   Section        0  memcpya.o(.text)
    .text                                    0x00000160   Section        0  memseta.o(.text)
    .text                                    0x00000184   Section        0  strcat.o(.text)
    .text                                    0x0000019c   Section        0  fadd.o(.text)
    .text                                    0x0000024e   Section        0  fmul.o(.text)
    .text                                    0x000002c8   Section        0  fdiv.o(.text)
    .text                                    0x00000344   Section        0  dadd.o(.text)
    .text                                    0x000004a8   Section        0  ffltui.o(.text)
    .text                                    0x000004b6   Section        0  ffixui.o(.text)
    .text                                    0x000004e0   Section        0  dfixui.o(.text)
    .text                                    0x0000051c   Section        0  f2d.o(.text)
    .text                                    0x00000544   Section        0  uldiv.o(.text)
    .text                                    0x000005a4   Section        0  llshl.o(.text)
    .text                                    0x000005c4   Section        0  llushr.o(.text)
    .text                                    0x000005e6   Section        0  llsshr.o(.text)
    .text                                    0x0000060c   Section        0  fepilogue.o(.text)
    .text                                    0x0000060c   Section        0  iusefp.o(.text)
    .text                                    0x0000068e   Section        0  depilogue.o(.text)
    .text                                    0x0000074c   Section        0  dmul.o(.text)
    .text                                    0x0000081c   Section        0  ddiv.o(.text)
    .text                                    0x0000090c   Section        0  dfixul.o(.text)
    .text                                    0x0000094c   Section       40  cdrcmple.o(.text)
    .text                                    0x00000974   Section       36  init.o(.text)
    i.AC_GetCurrent                          0x00000998   Section        0  ac_measurement.o(i.AC_GetCurrent)
    i.AC_Measurement_Init                    0x000009a4   Section        0  ac_measurement.o(i.AC_Measurement_Init)
    i.AC_Process_HLW8032_Packet              0x00000a10   Section        0  ac_measurement.o(i.AC_Process_HLW8032_Packet)
    i.ADC_BufEnSingleCh                      0x00000af4   Section        0  cw32f003_adc.o(i.ADC_BufEnSingleCh)
    i.ADC_ClearITPendingBit                  0x00000b38   Section        0  cw32f003_adc.o(i.ADC_ClearITPendingBit)
    i.ADC_DeInit                             0x00000b48   Section        0  cw32f003_adc.o(i.ADC_DeInit)
    i.ADC_Driver_Init                        0x00000b68   Section        0  adc_driver.o(i.ADC_Driver_Init)
    i.ADC_Enable                             0x00000c00   Section        0  cw32f003_adc.o(i.ADC_Enable)
    i.ADC_GetConversionValue                 0x00000c20   Section        0  cw32f003_adc.o(i.ADC_GetConversionValue)
    i.ADC_GetITStatus                        0x00000c2c   Section        0  cw32f003_adc.o(i.ADC_GetITStatus)
    i.ADC_IRQHandler                         0x00000c44   Section        0  interrupts_cw32f003.o(i.ADC_IRQHandler)
    i.ADC_Init                               0x00000c48   Section        0  cw32f003_adc.o(i.ADC_Init)
    i.ADC_Read_Channel_Raw                   0x00000ccc   Section        0  adc_driver.o(i.ADC_Read_Channel_Raw)
    i.ADC_SingleChCommon                     0x00000d64   Section        0  cw32f003_adc.o(i.ADC_SingleChCommon)
    i.ADC_SingleChOneModeCfg                 0x00000da4   Section        0  cw32f003_adc.o(i.ADC_SingleChOneModeCfg)
    i.ADC_SoftwareStartConvCmd               0x00000dc0   Section        0  cw32f003_adc.o(i.ADC_SoftwareStartConvCmd)
    i.ADC_WdtConfig                          0x00000de4   Section        0  cw32f003_adc.o(i.ADC_WdtConfig)
    i.ADC_WdtInit                            0x00000e38   Section        0  cw32f003_adc.o(i.ADC_WdtInit)
    i.ATIM_ClearITPendingBit                 0x00000e54   Section        0  cw32f003_atim.o(i.ATIM_ClearITPendingBit)
    i.ATIM_Cmd                               0x00000e60   Section        0  cw32f003_atim.o(i.ATIM_Cmd)
    i.ATIM_CtrlPWMOutputs                    0x00000e78   Section        0  cw32f003_atim.o(i.ATIM_CtrlPWMOutputs)
    i.ATIM_GetITStatus                       0x00000e98   Section        0  cw32f003_atim.o(i.ATIM_GetITStatus)
    i.ATIM_IRQHandler                        0x00000eb0   Section        0  interrupts_cw32f003.o(i.ATIM_IRQHandler)
    i.ATIM_Init                              0x00000ec4   Section        0  cw32f003_atim.o(i.ATIM_Init)
    i.ATIM_OC2BInit                          0x00000f2c   Section        0  cw32f003_atim.o(i.ATIM_OC2BInit)
    i.ATIM_SetCompare2B                      0x00000f80   Section        0  cw32f003_atim.o(i.ATIM_SetCompare2B)
    i.AWT_IRQHandler                         0x00000f8c   Section        0  interrupts_cw32f003.o(i.AWT_IRQHandler)
    i.BTIM1_IRQHandler                       0x00000f8e   Section        0  interrupts_cw32f003.o(i.BTIM1_IRQHandler)
    i.BTIM2_IRQHandler                       0x00000f90   Section        0  interrupts_cw32f003.o(i.BTIM2_IRQHandler)
    i.BTIM3_IRQHandler                       0x00000f92   Section        0  interrupts_cw32f003.o(i.BTIM3_IRQHandler)
    i.CP_ReadState                           0x00000f94   Section        0  cp_signal.o(i.CP_ReadState)
    i.CP_SetMaxCurrentPWM                    0x00001030   Section        0  cp_signal.o(i.CP_SetMaxCurrentPWM)
    i.CP_Signal_Init                         0x000010bc   Section        0  cp_signal.o(i.CP_Signal_Init)
    i.Calculate_HLW8032_Checksum             0x000010e8   Section        0  ac_measurement.o(i.Calculate_HLW8032_Checksum)
    Calculate_HLW8032_Checksum               0x000010e9   Thumb Code    24  ac_measurement.o(i.Calculate_HLW8032_Checksum)
    i.Contactor_Close                        0x00001100   Section        0  contactor_control.o(i.Contactor_Close)
    i.Contactor_Init                         0x0000111c   Section        0  contactor_control.o(i.Contactor_Init)
    i.Contactor_Open                         0x00001138   Section        0  contactor_control.o(i.Contactor_Open)
    i.ErrorHandler_GetLast                   0x00001154   Section        0  error_handler.o(i.ErrorHandler_GetLast)
    i.ErrorHandler_Handle                    0x00001160   Section        0  error_handler.o(i.ErrorHandler_Handle)
    i.FLASHRAM_IRQHandler                    0x00001260   Section        0  interrupts_cw32f003.o(i.FLASHRAM_IRQHandler)
    i.FLASH_SetLatency                       0x00001264   Section        0  cw32f003_flash.o(i.FLASH_SetLatency)
    i.FirmwareDelay                          0x00001288   Section        0  system_cw32f003.o(i.FirmwareDelay)
    i.GPIOA_IRQHandler                       0x0000129a   Section        0  interrupts_cw32f003.o(i.GPIOA_IRQHandler)
    i.GPIOB_IRQHandler                       0x0000129c   Section        0  interrupts_cw32f003.o(i.GPIOB_IRQHandler)
    i.GPIOC_IRQHandler                       0x0000129e   Section        0  interrupts_cw32f003.o(i.GPIOC_IRQHandler)
    i.GPIO_Init                              0x000012a0   Section        0  cw32f003_gpio.o(i.GPIO_Init)
    i.GPIO_WritePin                          0x00001382   Section        0  cw32f003_gpio.o(i.GPIO_WritePin)
    i.GTIM_IRQHandler                        0x0000138e   Section        0  interrupts_cw32f003.o(i.GTIM_IRQHandler)
    i.HLW_RingBuffer_Init                    0x00001390   Section        0  hlw_uart_driver.o(i.HLW_RingBuffer_Init)
    HLW_RingBuffer_Init                      0x00001391   Thumb Code    16  hlw_uart_driver.o(i.HLW_RingBuffer_Init)
    i.HLW_RingBuffer_IsFull                  0x000013a0   Section        0  hlw_uart_driver.o(i.HLW_RingBuffer_IsFull)
    HLW_RingBuffer_IsFull                    0x000013a1   Thumb Code    18  hlw_uart_driver.o(i.HLW_RingBuffer_IsFull)
    i.HLW_RingBuffer_Put                     0x000013b2   Section        0  hlw_uart_driver.o(i.HLW_RingBuffer_Put)
    HLW_RingBuffer_Put                       0x000013b3   Thumb Code    70  hlw_uart_driver.o(i.HLW_RingBuffer_Put)
    i.HLW_UART_Handle_RC                     0x000013f8   Section        0  hlw_uart_driver.o(i.HLW_UART_Handle_RC)
    i.HLW_UART_Init                          0x00001448   Section        0  hlw_uart_driver.o(i.HLW_UART_Init)
    i.HardFault_Handler                      0x00001508   Section        0  interrupts_cw32f003.o(i.HardFault_Handler)
    i.I2C_IRQHandler                         0x0000150c   Section        0  interrupts_cw32f003.o(i.I2C_IRQHandler)
    i.IWDT_Cmd                               0x00001510   Section        0  cw32f003_iwdt.o(i.IWDT_Cmd)
    i.IWDT_Init                              0x00001520   Section        0  cw32f003_iwdt.o(i.IWDT_Init)
    i.IWDT_Refresh                           0x00001584   Section        0  cw32f003_iwdt.o(i.IWDT_Refresh)
    i.InitTick                               0x00001594   Section        0  cw32f003_systick.o(i.InitTick)
    i.LVD_IRQHandler                         0x00001600   Section        0  interrupts_cw32f003.o(i.LVD_IRQHandler)
    i.NMI_Handler                            0x00001602   Section        0  interrupts_cw32f003.o(i.NMI_Handler)
    i.OLED_Clear                             0x00001604   Section        0  spi_oled_driver.o(i.OLED_Clear)
    i.OLED_Init                              0x00001638   Section        0  spi_oled_driver.o(i.OLED_Init)
    i.OLED_SetCursor                         0x00001920   Section        0  spi_oled_driver.o(i.OLED_SetCursor)
    i.OLED_ShowChar                          0x0000195c   Section        0  spi_oled_driver.o(i.OLED_ShowChar)
    i.OLED_ShowChineseChar                   0x00001a18   Section        0  spi_oled_driver.o(i.OLED_ShowChineseChar)
    i.OLED_ShowChineseString                 0x00001a94   Section        0  spi_oled_driver.o(i.OLED_ShowChineseString)
    i.OLED_ShowString                        0x00001ade   Section        0  spi_oled_driver.o(i.OLED_ShowString)
    i.OLED_WriteCommand                      0x00001b54   Section        0  spi_oled_driver.o(i.OLED_WriteCommand)
    i.OLED_WriteData                         0x00001b8c   Section        0  spi_oled_driver.o(i.OLED_WriteData)
    i.PP_GetCableCapacity                    0x00001bc4   Section        0  pp_signal.o(i.PP_GetCableCapacity)
    i.PP_Signal_Init                         0x00001c90   Section        0  pp_signal.o(i.PP_Signal_Init)
    i.PWM_Driver_Init                        0x00001ca8   Section        0  pwm_driver.o(i.PWM_Driver_Init)
    i.PWM_Set_DutyCycle                      0x00001e78   Section        0  pwm_driver.o(i.PWM_Set_DutyCycle)
    i.PWM_Start                              0x00001ec8   Section        0  pwm_driver.o(i.PWM_Start)
    i.PendSV_Handler                         0x00001ed2   Section        0  interrupts_cw32f003.o(i.PendSV_Handler)
    i.RCC_AHBPeriphClk_Enable                0x00001ed4   Section        0  cw32f003_rcc.o(i.RCC_AHBPeriphClk_Enable)
    i.RCC_APBPeriphClk_Enable1               0x00001ef4   Section        0  cw32f003_rcc.o(i.RCC_APBPeriphClk_Enable1)
    i.RCC_APBPeriphClk_Enable2               0x00001f14   Section        0  cw32f003_rcc.o(i.RCC_APBPeriphClk_Enable2)
    i.RCC_GetStableFlag                      0x00001f34   Section        0  cw32f003_rcc.o(i.RCC_GetStableFlag)
    i.RCC_HSI_Enable                         0x00001f4c   Section        0  cw32f003_rcc.o(i.RCC_HSI_Enable)
    i.RCC_SysClk_Switch                      0x00001f84   Section        0  cw32f003_rcc.o(i.RCC_SysClk_Switch)
    i.RCC_Sysctrl_GetHClkFreq                0x00001fc4   Section        0  cw32f003_rcc.o(i.RCC_Sysctrl_GetHClkFreq)
    i.RCC_Sysctrl_GetPClkFreq                0x0000203c   Section        0  cw32f003_rcc.o(i.RCC_Sysctrl_GetPClkFreq)
    i.RCC_SystemCoreClockUpdate              0x0000205c   Section        0  cw32f003_rcc.o(i.RCC_SystemCoreClockUpdate)
    i.RingBuffer_Get                         0x00002068   Section        0  uart_driver.o(i.RingBuffer_Get)
    RingBuffer_Get                           0x00002069   Thumb Code    72  uart_driver.o(i.RingBuffer_Get)
    i.RingBuffer_Init                        0x000020b0   Section        0  uart_driver.o(i.RingBuffer_Init)
    RingBuffer_Init                          0x000020b1   Thumb Code    16  uart_driver.o(i.RingBuffer_Init)
    i.RingBuffer_IsEmpty                     0x000020c0   Section        0  uart_driver.o(i.RingBuffer_IsEmpty)
    RingBuffer_IsEmpty                       0x000020c1   Thumb Code    18  uart_driver.o(i.RingBuffer_IsEmpty)
    i.RingBuffer_IsFull                      0x000020d2   Section        0  uart_driver.o(i.RingBuffer_IsFull)
    RingBuffer_IsFull                        0x000020d3   Thumb Code    18  uart_driver.o(i.RingBuffer_IsFull)
    i.RingBuffer_Put                         0x000020e4   Section        0  uart_driver.o(i.RingBuffer_Put)
    RingBuffer_Put                           0x000020e5   Thumb Code    70  uart_driver.o(i.RingBuffer_Put)
    i.SM_GetCurrentState                     0x0000212c   Section        0  charging_sm.o(i.SM_GetCurrentState)
    i.SM_Init                                0x00002138   Section        0  charging_sm.o(i.SM_Init)
    i.SM_RunStateMachine                     0x0000219c   Section        0  charging_sm.o(i.SM_RunStateMachine)
    i.SPI_Cmd                                0x000025b0   Section        0  cw32f003_spi.o(i.SPI_Cmd)
    i.SPI_GetFlagStatus                      0x000025cc   Section        0  cw32f003_spi.o(i.SPI_GetFlagStatus)
    i.SPI_IRQHandler                         0x000025e4   Section        0  interrupts_cw32f003.o(i.SPI_IRQHandler)
    i.SPI_Init                               0x000025e8   Section        0  cw32f003_spi.o(i.SPI_Init)
    i.SPI_SendData                           0x00002624   Section        0  cw32f003_spi.o(i.SPI_SendData)
    i.SPI_StructInit                         0x00002630   Section        0  cw32f003_spi.o(i.SPI_StructInit)
    i.SPI_WriteByte                          0x0000264c   Section        0  spi_oled_driver.o(i.SPI_WriteByte)
    SPI_WriteByte                            0x0000264d   Thumb Code    96  spi_oled_driver.o(i.SPI_WriteByte)
    i.SVC_Handler                            0x000026d0   Section        0  interrupts_cw32f003.o(i.SVC_Handler)
    i.SYSCTRL_IRQHandler                     0x000026d2   Section        0  interrupts_cw32f003.o(i.SYSCTRL_IRQHandler)
    i.SysTick_Handler                        0x000026d4   Section        0  interrupts_cw32f003.o(i.SysTick_Handler)
    i.SystemCoreClockUpdate                  0x0000272c   Section        0  system_cw32f003.o(i.SystemCoreClockUpdate)
    i.SystemInit                             0x00002798   Section        0  system_cw32f003.o(i.SystemInit)
    i.System_Init                            0x000027f4   Section        0  main.o(i.System_Init)
    System_Init                              0x000027f5   Thumb Code   178  main.o(i.System_Init)
    i.UART1_IRQHandler                       0x00002974   Section        0  interrupts_cw32f003.o(i.UART1_IRQHandler)
    i.UART2_IRQHandler                       0x0000299c   Section        0  interrupts_cw32f003.o(i.UART2_IRQHandler)
    i.UART_Driver_Handle_RC                  0x000029a4   Section        0  uart_driver.o(i.UART_Driver_Handle_RC)
    i.UART_Driver_Handle_TXE                 0x000029f4   Section        0  uart_driver.o(i.UART_Driver_Handle_TXE)
    i.UART_Driver_Init                       0x00002a24   Section        0  uart_driver.o(i.UART_Driver_Init)
    i.UI_Display_Init                        0x00002b18   Section        0  ui_display.o(i.UI_Display_Init)
    i.UI_UpdateDisplay                       0x00002b20   Section        0  ui_display.o(i.UI_UpdateDisplay)
    i.USART_ClearITPendingBit                0x00002cd4   Section        0  cw32f003_uart.o(i.USART_ClearITPendingBit)
    i.USART_GetFlagStatus                    0x00002cdc   Section        0  cw32f003_uart.o(i.USART_GetFlagStatus)
    i.USART_GetITStatus                      0x00002cee   Section        0  cw32f003_uart.o(i.USART_GetITStatus)
    i.USART_ITConfig                         0x00002d00   Section        0  cw32f003_uart.o(i.USART_ITConfig)
    i.USART_Init                             0x00002d1c   Section        0  cw32f003_uart.o(i.USART_Init)
    i.USART_ReceiveData_8bit                 0x00002e90   Section        0  cw32f003_uart.o(i.USART_ReceiveData_8bit)
    i.USART_SendData_8bit                    0x00002e98   Section        0  cw32f003_uart.o(i.USART_SendData_8bit)
    i.VC1_IRQHandler                         0x00002e9c   Section        0  interrupts_cw32f003.o(i.VC1_IRQHandler)
    i.VC2_IRQHandler                         0x00002e9e   Section        0  interrupts_cw32f003.o(i.VC2_IRQHandler)
    i.WDT_IRQHandler                         0x00002ea0   Section        0  interrupts_cw32f003.o(i.WDT_IRQHandler)
    i.__0printf                              0x00002ea4   Section        0  printfa.o(i.__0printf)
    i.__0sprintf                             0x00002ec4   Section        0  printfa.o(i.__0sprintf)
    i.__ARM_clz                              0x00002eec   Section        0  depilogue.o(i.__ARM_clz)
    i.__ARM_common_switch8                   0x00002f1a   Section        0  charging_sm.o(i.__ARM_common_switch8)
    i.__NVIC_SetPriority                     0x00002f38   Section        0  uart_driver.o(i.__NVIC_SetPriority)
    __NVIC_SetPriority                       0x00002f39   Thumb Code   110  uart_driver.o(i.__NVIC_SetPriority)
    i.__NVIC_SetPriority                     0x00002fb0   Section        0  hlw_uart_driver.o(i.__NVIC_SetPriority)
    __NVIC_SetPriority                       0x00002fb1   Thumb Code   110  hlw_uart_driver.o(i.__NVIC_SetPriority)
    i.__NVIC_SetPriority                     0x00003028   Section        0  cw32f003_systick.o(i.__NVIC_SetPriority)
    __NVIC_SetPriority                       0x00003029   Thumb Code   110  cw32f003_systick.o(i.__NVIC_SetPriority)
    i.__scatterload_copy                     0x000030a0   Section       14  handlers.o(i.__scatterload_copy)
    i.__scatterload_null                     0x000030ae   Section        2  handlers.o(i.__scatterload_null)
    i.__scatterload_zeroinit                 0x000030b0   Section       14  handlers.o(i.__scatterload_zeroinit)
    i._fp_digits                             0x000030c0   Section        0  printfa.o(i._fp_digits)
    _fp_digits                               0x000030c1   Thumb Code   344  printfa.o(i._fp_digits)
    i._printf_core                           0x00003234   Section        0  printfa.o(i._printf_core)
    _printf_core                             0x00003235   Thumb Code  1754  printfa.o(i._printf_core)
    i._printf_post_padding                   0x00003920   Section        0  printfa.o(i._printf_post_padding)
    _printf_post_padding                     0x00003921   Thumb Code    32  printfa.o(i._printf_post_padding)
    i._printf_pre_padding                    0x00003940   Section        0  printfa.o(i._printf_pre_padding)
    _printf_pre_padding                      0x00003941   Thumb Code    44  printfa.o(i._printf_pre_padding)
    i._sputc                                 0x0000396c   Section        0  printfa.o(i._sputc)
    _sputc                                   0x0000396d   Thumb Code    10  printfa.o(i._sputc)
    i.fputc                                  0x00003978   Section        0  uart_driver.o(i.fputc)
    i.main                                   0x000039bc   Section        0  main.o(i.main)
    .constdata                               0x00003a68   Section       40  ui_display.o(.constdata)
    .constdata                               0x00003a90   Section     2264  spi_oled_driver.o(.constdata)
    .constdata                               0x00004368   Section       64  cw32f003_rcc.o(.constdata)
    .conststring                             0x000043a8   Section       83  charging_sm.o(.conststring)
    .data                                    0x20000000   Section        2  main.o(.data)
    .data                                    0x20000004   Section        8  interrupts_cw32f003.o(.data)
    counter_10ms                             0x20000004   Data           4  interrupts_cw32f003.o(.data)
    counter_100ms                            0x20000008   Data           4  interrupts_cw32f003.o(.data)
    .data                                    0x2000000c   Section        5  pwm_driver.o(.data)
    pwm_frequency                            0x2000000c   Data           4  pwm_driver.o(.data)
    pwm_duty_cycle                           0x20000010   Data           1  pwm_driver.o(.data)
    .data                                    0x20000014   Section       16  ac_measurement.o(.data)
    hlw8032_rx_byte_count                    0x20000014   Data           1  ac_measurement.o(.data)
    ac_rms_current                           0x20000018   Data           4  ac_measurement.o(.data)
    ac_rms_voltage                           0x2000001c   Data           4  ac_measurement.o(.data)
    ac_active_power                          0x20000020   Data           4  ac_measurement.o(.data)
    .data                                    0x20000024   Section        5  charging_sm.o(.data)
    current_state                            0x20000024   Data           1  charging_sm.o(.data)
    cable_capacity_amps                      0x20000026   Data           2  charging_sm.o(.data)
    max_charging_current_amps                0x20000028   Data           1  charging_sm.o(.data)
    .data                                    0x20000029   Section        1  contactor_control.o(.data)
    contactor_is_closed                      0x20000029   Data           1  contactor_control.o(.data)
    .data                                    0x2000002a   Section        1  error_handler.o(.data)
    last_error_code                          0x2000002a   Data           1  error_handler.o(.data)
    .data                                    0x2000002c   Section        9  cw32f003_systick.o(.data)
    .data                                    0x20000038   Section        4  system_cw32f003.o(.data)
    .data                                    0x2000003c   Section        4  stdout.o(.data)
    .bss                                     0x20000040   Section      140  uart_driver.o(.bss)
    tx_buffer                                0x20000040   Data          70  uart_driver.o(.bss)
    rx_buffer                                0x20000086   Data          70  uart_driver.o(.bss)
    .bss                                     0x200000cc   Section       24  ac_measurement.o(.bss)
    hlw8032_rx_packet_buffer                 0x200000cc   Data          24  ac_measurement.o(.bss)
    .bss                                     0x200000e4   Section       70  hlw_uart_driver.o(.bss)
    hlw_rx_buffer                            0x200000e4   Data          70  hlw_uart_driver.o(.bss)
    STACK                                    0x20000130   Section      512  startup_cw32f003.o(STACK)

    Global Symbols

    Symbol Name                              Value     Ov Type        Size  Object(Section)

    BuildAttributes$$THM_ISAv3M$S$PE$A:L22$X:L11$S22$IEEE1$IW$USESV6$~STKCKD$USESV7$~SHL$OTIME$ROPI$EBA8$MICROLIB$REQ8$PRES8$EABIv2 0x00000000   Number         0  anon$$obj.o ABSOLUTE
    __ARM_use_no_argv                        0x00000000   Number         0  main.o ABSOLUTE
    __Vectors                                0x00000000   Data           0  startup_cw32f003.o(RESET)
    _printf_a                                0x00000000   Number         0  stubs.o ABSOLUTE
    _printf_c                                0x00000000   Number         0  stubs.o ABSOLUTE
    _printf_charcount                        0x00000000   Number         0  stubs.o ABSOLUTE
    _printf_d                                0x00000000   Number         0  stubs.o ABSOLUTE
    _printf_e                                0x00000000   Number         0  stubs.o ABSOLUTE
    _printf_f                                0x00000000   Number         0  stubs.o ABSOLUTE
    _printf_flags                            0x00000000   Number         0  stubs.o ABSOLUTE
    _printf_fp_dec                           0x00000000   Number         0  stubs.o ABSOLUTE
    _printf_fp_hex                           0x00000000   Number         0  stubs.o ABSOLUTE
    _printf_g                                0x00000000   Number         0  stubs.o ABSOLUTE
    _printf_i                                0x00000000   Number         0  stubs.o ABSOLUTE
    _printf_int_dec                          0x00000000   Number         0  stubs.o ABSOLUTE
    _printf_l                                0x00000000   Number         0  stubs.o ABSOLUTE
    _printf_lc                               0x00000000   Number         0  stubs.o ABSOLUTE
    _printf_ll                               0x00000000   Number         0  stubs.o ABSOLUTE
    _printf_lld                              0x00000000   Number         0  stubs.o ABSOLUTE
    _printf_lli                              0x00000000   Number         0  stubs.o ABSOLUTE
    _printf_llo                              0x00000000   Number         0  stubs.o ABSOLUTE
    _printf_llu                              0x00000000   Number         0  stubs.o ABSOLUTE
    _printf_llx                              0x00000000   Number         0  stubs.o ABSOLUTE
    _printf_longlong_dec                     0x00000000   Number         0  stubs.o ABSOLUTE
    _printf_longlong_hex                     0x00000000   Number         0  stubs.o ABSOLUTE
    _printf_longlong_oct                     0x00000000   Number         0  stubs.o ABSOLUTE
    _printf_ls                               0x00000000   Number         0  stubs.o ABSOLUTE
    _printf_mbtowc                           0x00000000   Number         0  stubs.o ABSOLUTE
    _printf_n                                0x00000000   Number         0  stubs.o ABSOLUTE
    _printf_o                                0x00000000   Number         0  stubs.o ABSOLUTE
    _printf_p                                0x00000000   Number         0  stubs.o ABSOLUTE
    _printf_percent                          0x00000000   Number         0  stubs.o ABSOLUTE
    _printf_pre_padding                      0x00000000   Number         0  stubs.o ABSOLUTE
    _printf_return_value                     0x00000000   Number         0  stubs.o ABSOLUTE
    _printf_s                                0x00000000   Number         0  stubs.o ABSOLUTE
    _printf_sizespec                         0x00000000   Number         0  stubs.o ABSOLUTE
    _printf_str                              0x00000000   Number         0  stubs.o ABSOLUTE
    _printf_truncate_signed                  0x00000000   Number         0  stubs.o ABSOLUTE
    _printf_truncate_unsigned                0x00000000   Number         0  stubs.o ABSOLUTE
    _printf_u                                0x00000000   Number         0  stubs.o ABSOLUTE
    _printf_wc                               0x00000000   Number         0  stubs.o ABSOLUTE
    _printf_wctomb                           0x00000000   Number         0  stubs.o ABSOLUTE
    _printf_widthprec                        0x00000000   Number         0  stubs.o ABSOLUTE
    _printf_x                                0x00000000   Number         0  stubs.o ABSOLUTE
    __cpp_initialize__aeabi_                  - Undefined Weak Reference
    __cxa_finalize                            - Undefined Weak Reference
    __decompress                              - Undefined Weak Reference
    _clock_init                               - Undefined Weak Reference
    _microlib_exit                            - Undefined Weak Reference
    __Vectors_End                            0x000000c0   Data           0  startup_cw32f003.o(RESET)
    __Vectors_Size                           0x000000c0   Number         0  startup_cw32f003.o ABSOLUTE
    __main                                   0x000000c1   Thumb Code     0  entry.o(.ARM.Collect$$$$00000000)
    _main_stk                                0x000000c1   Thumb Code     0  entry2.o(.ARM.Collect$$$$00000001)
    _main_scatterload                        0x000000c5   Thumb Code     0  entry5.o(.ARM.Collect$$$$00000004)
    __main_after_scatterload                 0x000000c9   Thumb Code     0  entry5.o(.ARM.Collect$$$$00000004)
    _main_clock                              0x000000c9   Thumb Code     0  entry7b.o(.ARM.Collect$$$$00000008)
    _main_cpp_init                           0x000000c9   Thumb Code     0  entry8b.o(.ARM.Collect$$$$0000000A)
    _main_init                               0x000000c9   Thumb Code     0  entry9a.o(.ARM.Collect$$$$0000000B)
    __rt_final_cpp                           0x000000d1   Thumb Code     0  entry10a.o(.ARM.Collect$$$$0000000D)
    __rt_final_exit                          0x000000d1   Thumb Code     0  entry11a.o(.ARM.Collect$$$$0000000F)
    Reset_Handler                            0x000000d5   Thumb Code    26  startup_cw32f003.o(.text)
    __aeabi_uidiv                            0x00000111   Thumb Code     0  uidiv.o(.text)
    __aeabi_uidivmod                         0x00000111   Thumb Code    44  uidiv.o(.text)
    __aeabi_memcpy                           0x0000013d   Thumb Code    36  memcpya.o(.text)
    __aeabi_memcpy4                          0x0000013d   Thumb Code     0  memcpya.o(.text)
    __aeabi_memcpy8                          0x0000013d   Thumb Code     0  memcpya.o(.text)
    __aeabi_memset                           0x00000161   Thumb Code    14  memseta.o(.text)
    __aeabi_memset4                          0x00000161   Thumb Code     0  memseta.o(.text)
    __aeabi_memset8                          0x00000161   Thumb Code     0  memseta.o(.text)
    __aeabi_memclr                           0x0000016f   Thumb Code     4  memseta.o(.text)
    __aeabi_memclr4                          0x0000016f   Thumb Code     0  memseta.o(.text)
    __aeabi_memclr8                          0x0000016f   Thumb Code     0  memseta.o(.text)
    _memset$wrapper                          0x00000173   Thumb Code    18  memseta.o(.text)
    strcat                                   0x00000185   Thumb Code    24  strcat.o(.text)
    __aeabi_fadd                             0x0000019d   Thumb Code   162  fadd.o(.text)
    __aeabi_fsub                             0x0000023f   Thumb Code     8  fadd.o(.text)
    __aeabi_frsub                            0x00000247   Thumb Code     8  fadd.o(.text)
    __aeabi_fmul                             0x0000024f   Thumb Code   122  fmul.o(.text)
    __aeabi_fdiv                             0x000002c9   Thumb Code   124  fdiv.o(.text)
    __aeabi_dadd                             0x00000345   Thumb Code   328  dadd.o(.text)
    __aeabi_dsub                             0x0000048d   Thumb Code    12  dadd.o(.text)
    __aeabi_drsub                            0x00000499   Thumb Code    12  dadd.o(.text)
    __aeabi_ui2f                             0x000004a9   Thumb Code    14  ffltui.o(.text)
    __aeabi_f2uiz                            0x000004b7   Thumb Code    40  ffixui.o(.text)
    __aeabi_d2uiz                            0x000004e1   Thumb Code    50  dfixui.o(.text)
    __aeabi_f2d                              0x0000051d   Thumb Code    40  f2d.o(.text)
    __aeabi_uldivmod                         0x00000545   Thumb Code    96  uldiv.o(.text)
    __aeabi_llsl                             0x000005a5   Thumb Code    32  llshl.o(.text)
    _ll_shift_l                              0x000005a5   Thumb Code     0  llshl.o(.text)
    __aeabi_llsr                             0x000005c5   Thumb Code    34  llushr.o(.text)
    _ll_ushift_r                             0x000005c5   Thumb Code     0  llushr.o(.text)
    __aeabi_lasr                             0x000005e7   Thumb Code    38  llsshr.o(.text)
    _ll_sshift_r                             0x000005e7   Thumb Code     0  llsshr.o(.text)
    __I$use$fp                               0x0000060d   Thumb Code     0  iusefp.o(.text)
    _float_round                             0x0000060d   Thumb Code    16  fepilogue.o(.text)
    _float_epilogue                          0x0000061d   Thumb Code   114  fepilogue.o(.text)
    _double_round                            0x0000068f   Thumb Code    26  depilogue.o(.text)
    _double_epilogue                         0x000006a9   Thumb Code   164  depilogue.o(.text)
    __aeabi_dmul                             0x0000074d   Thumb Code   202  dmul.o(.text)
    __aeabi_ddiv                             0x0000081d   Thumb Code   234  ddiv.o(.text)
    __aeabi_d2ulz                            0x0000090d   Thumb Code    54  dfixul.o(.text)
    __aeabi_cdrcmple                         0x0000094d   Thumb Code    38  cdrcmple.o(.text)
    __scatterload                            0x00000975   Thumb Code    28  init.o(.text)
    __scatterload_rt2                        0x00000975   Thumb Code     0  init.o(.text)
    AC_GetCurrent                            0x00000999   Thumb Code     6  ac_measurement.o(i.AC_GetCurrent)
    AC_Measurement_Init                      0x000009a5   Thumb Code    52  ac_measurement.o(i.AC_Measurement_Init)
    AC_Process_HLW8032_Packet                0x00000a11   Thumb Code   180  ac_measurement.o(i.AC_Process_HLW8032_Packet)
    ADC_BufEnSingleCh                        0x00000af5   Thumb Code    62  cw32f003_adc.o(i.ADC_BufEnSingleCh)
    ADC_ClearITPendingBit                    0x00000b39   Thumb Code    12  cw32f003_adc.o(i.ADC_ClearITPendingBit)
    ADC_DeInit                               0x00000b49   Thumb Code    26  cw32f003_adc.o(i.ADC_DeInit)
    ADC_Driver_Init                          0x00000b69   Thumb Code   104  adc_driver.o(i.ADC_Driver_Init)
    ADC_Enable                               0x00000c01   Thumb Code    28  cw32f003_adc.o(i.ADC_Enable)
    ADC_GetConversionValue                   0x00000c21   Thumb Code     8  cw32f003_adc.o(i.ADC_GetConversionValue)
    ADC_GetITStatus                          0x00000c2d   Thumb Code    20  cw32f003_adc.o(i.ADC_GetITStatus)
    ADC_IRQHandler                           0x00000c45   Thumb Code     2  interrupts_cw32f003.o(i.ADC_IRQHandler)
    ADC_Init                                 0x00000c49   Thumb Code   116  cw32f003_adc.o(i.ADC_Init)
    ADC_Read_Channel_Raw                     0x00000ccd   Thumb Code   128  adc_driver.o(i.ADC_Read_Channel_Raw)
    ADC_SingleChCommon                       0x00000d65   Thumb Code    58  cw32f003_adc.o(i.ADC_SingleChCommon)
    ADC_SingleChOneModeCfg                   0x00000da5   Thumb Code    24  cw32f003_adc.o(i.ADC_SingleChOneModeCfg)
    ADC_SoftwareStartConvCmd                 0x00000dc1   Thumb Code    32  cw32f003_adc.o(i.ADC_SoftwareStartConvCmd)
    ADC_WdtConfig                            0x00000de5   Thumb Code    78  cw32f003_adc.o(i.ADC_WdtConfig)
    ADC_WdtInit                              0x00000e39   Thumb Code    22  cw32f003_adc.o(i.ADC_WdtInit)
    ATIM_ClearITPendingBit                   0x00000e55   Thumb Code     8  cw32f003_atim.o(i.ATIM_ClearITPendingBit)
    ATIM_Cmd                                 0x00000e61   Thumb Code    20  cw32f003_atim.o(i.ATIM_Cmd)
    ATIM_CtrlPWMOutputs                      0x00000e79   Thumb Code    26  cw32f003_atim.o(i.ATIM_CtrlPWMOutputs)
    ATIM_GetITStatus                         0x00000e99   Thumb Code    20  cw32f003_atim.o(i.ATIM_GetITStatus)
    ATIM_IRQHandler                          0x00000eb1   Thumb Code    20  interrupts_cw32f003.o(i.ATIM_IRQHandler)
    ATIM_Init                                0x00000ec5   Thumb Code    94  cw32f003_atim.o(i.ATIM_Init)
    ATIM_OC2BInit                            0x00000f2d   Thumb Code    78  cw32f003_atim.o(i.ATIM_OC2BInit)
    ATIM_SetCompare2B                        0x00000f81   Thumb Code     6  cw32f003_atim.o(i.ATIM_SetCompare2B)
    AWT_IRQHandler                           0x00000f8d   Thumb Code     2  interrupts_cw32f003.o(i.AWT_IRQHandler)
    BTIM1_IRQHandler                         0x00000f8f   Thumb Code     2  interrupts_cw32f003.o(i.BTIM1_IRQHandler)
    BTIM2_IRQHandler                         0x00000f91   Thumb Code     2  interrupts_cw32f003.o(i.BTIM2_IRQHandler)
    BTIM3_IRQHandler                         0x00000f93   Thumb Code     2  interrupts_cw32f003.o(i.BTIM3_IRQHandler)
    CP_ReadState                             0x00000f95   Thumb Code   132  cp_signal.o(i.CP_ReadState)
    CP_SetMaxCurrentPWM                      0x00001031   Thumb Code   132  cp_signal.o(i.CP_SetMaxCurrentPWM)
    CP_Signal_Init                           0x000010bd   Thumb Code    44  cp_signal.o(i.CP_Signal_Init)
    Contactor_Close                          0x00001101   Thumb Code    20  contactor_control.o(i.Contactor_Close)
    Contactor_Init                           0x0000111d   Thumb Code    24  contactor_control.o(i.Contactor_Init)
    Contactor_Open                           0x00001139   Thumb Code    20  contactor_control.o(i.Contactor_Open)
    ErrorHandler_GetLast                     0x00001155   Thumb Code     6  error_handler.o(i.ErrorHandler_GetLast)
    ErrorHandler_Handle                      0x00001161   Thumb Code   120  error_handler.o(i.ErrorHandler_Handle)
    FLASHRAM_IRQHandler                      0x00001261   Thumb Code     2  interrupts_cw32f003.o(i.FLASHRAM_IRQHandler)
    FLASH_SetLatency                         0x00001265   Thumb Code    24  cw32f003_flash.o(i.FLASH_SetLatency)
    FirmwareDelay                            0x00001289   Thumb Code    18  system_cw32f003.o(i.FirmwareDelay)
    GPIOA_IRQHandler                         0x0000129b   Thumb Code     2  interrupts_cw32f003.o(i.GPIOA_IRQHandler)
    GPIOB_IRQHandler                         0x0000129d   Thumb Code     2  interrupts_cw32f003.o(i.GPIOB_IRQHandler)
    GPIOC_IRQHandler                         0x0000129f   Thumb Code     2  interrupts_cw32f003.o(i.GPIOC_IRQHandler)
    GPIO_Init                                0x000012a1   Thumb Code   226  cw32f003_gpio.o(i.GPIO_Init)
    GPIO_WritePin                            0x00001383   Thumb Code    12  cw32f003_gpio.o(i.GPIO_WritePin)
    GTIM_IRQHandler                          0x0000138f   Thumb Code     2  interrupts_cw32f003.o(i.GTIM_IRQHandler)
    HLW_UART_Handle_RC                       0x000013f9   Thumb Code    56  hlw_uart_driver.o(i.HLW_UART_Handle_RC)
    HLW_UART_Init                            0x00001449   Thumb Code   170  hlw_uart_driver.o(i.HLW_UART_Init)
    HardFault_Handler                        0x00001509   Thumb Code     4  interrupts_cw32f003.o(i.HardFault_Handler)
    I2C_IRQHandler                           0x0000150d   Thumb Code     2  interrupts_cw32f003.o(i.I2C_IRQHandler)
    IWDT_Cmd                                 0x00001511   Thumb Code     8  cw32f003_iwdt.o(i.IWDT_Cmd)
    IWDT_Init                                0x00001521   Thumb Code    82  cw32f003_iwdt.o(i.IWDT_Init)
    IWDT_Refresh                             0x00001585   Thumb Code     8  cw32f003_iwdt.o(i.IWDT_Refresh)
    InitTick                                 0x00001595   Thumb Code    90  cw32f003_systick.o(i.InitTick)
    LVD_IRQHandler                           0x00001601   Thumb Code     2  interrupts_cw32f003.o(i.LVD_IRQHandler)
    NMI_Handler                              0x00001603   Thumb Code     2  interrupts_cw32f003.o(i.NMI_Handler)
    OLED_Clear                               0x00001605   Thumb Code    50  spi_oled_driver.o(i.OLED_Clear)
    OLED_Init                                0x00001639   Thumb Code   716  spi_oled_driver.o(i.OLED_Init)
    OLED_SetCursor                           0x00001921   Thumb Code    58  spi_oled_driver.o(i.OLED_SetCursor)
    OLED_ShowChar                            0x0000195d   Thumb Code   180  spi_oled_driver.o(i.OLED_ShowChar)
    OLED_ShowChineseChar                     0x00001a19   Thumb Code   118  spi_oled_driver.o(i.OLED_ShowChineseChar)
    OLED_ShowChineseString                   0x00001a95   Thumb Code    74  spi_oled_driver.o(i.OLED_ShowChineseString)
    OLED_ShowString                          0x00001adf   Thumb Code   118  spi_oled_driver.o(i.OLED_ShowString)
    OLED_WriteCommand                        0x00001b55   Thumb Code    46  spi_oled_driver.o(i.OLED_WriteCommand)
    OLED_WriteData                           0x00001b8d   Thumb Code    46  spi_oled_driver.o(i.OLED_WriteData)
    PP_GetCableCapacity                      0x00001bc5   Thumb Code   170  pp_signal.o(i.PP_GetCableCapacity)
    PP_Signal_Init                           0x00001c91   Thumb Code    22  pp_signal.o(i.PP_Signal_Init)
    PWM_Driver_Init                          0x00001ca9   Thumb Code   390  pwm_driver.o(i.PWM_Driver_Init)
    PWM_Set_DutyCycle                        0x00001e79   Thumb Code    60  pwm_driver.o(i.PWM_Set_DutyCycle)
    PWM_Start                                0x00001ec9   Thumb Code    10  pwm_driver.o(i.PWM_Start)
    PendSV_Handler                           0x00001ed3   Thumb Code     2  interrupts_cw32f003.o(i.PendSV_Handler)
    RCC_AHBPeriphClk_Enable                  0x00001ed5   Thumb Code    28  cw32f003_rcc.o(i.RCC_AHBPeriphClk_Enable)
    RCC_APBPeriphClk_Enable1                 0x00001ef5   Thumb Code    28  cw32f003_rcc.o(i.RCC_APBPeriphClk_Enable1)
    RCC_APBPeriphClk_Enable2                 0x00001f15   Thumb Code    28  cw32f003_rcc.o(i.RCC_APBPeriphClk_Enable2)
    RCC_GetStableFlag                        0x00001f35   Thumb Code    20  cw32f003_rcc.o(i.RCC_GetStableFlag)
    RCC_HSI_Enable                           0x00001f4d   Thumb Code    42  cw32f003_rcc.o(i.RCC_HSI_Enable)
    RCC_SysClk_Switch                        0x00001f85   Thumb Code    54  cw32f003_rcc.o(i.RCC_SysClk_Switch)
    RCC_Sysctrl_GetHClkFreq                  0x00001fc5   Thumb Code    98  cw32f003_rcc.o(i.RCC_Sysctrl_GetHClkFreq)
    RCC_Sysctrl_GetPClkFreq                  0x0000203d   Thumb Code    28  cw32f003_rcc.o(i.RCC_Sysctrl_GetPClkFreq)
    RCC_SystemCoreClockUpdate                0x0000205d   Thumb Code     6  cw32f003_rcc.o(i.RCC_SystemCoreClockUpdate)
    SM_GetCurrentState                       0x0000212d   Thumb Code     6  charging_sm.o(i.SM_GetCurrentState)
    SM_Init                                  0x00002139   Thumb Code    42  charging_sm.o(i.SM_Init)
    SM_RunStateMachine                       0x0000219d   Thumb Code   424  charging_sm.o(i.SM_RunStateMachine)
    SPI_Cmd                                  0x000025b1   Thumb Code    22  cw32f003_spi.o(i.SPI_Cmd)
    SPI_GetFlagStatus                        0x000025cd   Thumb Code    20  cw32f003_spi.o(i.SPI_GetFlagStatus)
    SPI_IRQHandler                           0x000025e5   Thumb Code     2  interrupts_cw32f003.o(i.SPI_IRQHandler)
    SPI_Init                                 0x000025e9   Thumb Code    50  cw32f003_spi.o(i.SPI_Init)
    SPI_SendData                             0x00002625   Thumb Code     6  cw32f003_spi.o(i.SPI_SendData)
    SPI_StructInit                           0x00002631   Thumb Code    28  cw32f003_spi.o(i.SPI_StructInit)
    SVC_Handler                              0x000026d1   Thumb Code     2  interrupts_cw32f003.o(i.SVC_Handler)
    SYSCTRL_IRQHandler                       0x000026d3   Thumb Code     2  interrupts_cw32f003.o(i.SYSCTRL_IRQHandler)
    SysTick_Handler                          0x000026d5   Thumb Code    68  interrupts_cw32f003.o(i.SysTick_Handler)
    SystemCoreClockUpdate                    0x0000272d   Thumb Code    86  system_cw32f003.o(i.SystemCoreClockUpdate)
    SystemInit                               0x00002799   Thumb Code    82  system_cw32f003.o(i.SystemInit)
    UART1_IRQHandler                         0x00002975   Thumb Code    36  interrupts_cw32f003.o(i.UART1_IRQHandler)
    UART2_IRQHandler                         0x0000299d   Thumb Code     8  interrupts_cw32f003.o(i.UART2_IRQHandler)
    UART_Driver_Handle_RC                    0x000029a5   Thumb Code    58  uart_driver.o(i.UART_Driver_Handle_RC)
    UART_Driver_Handle_TXE                   0x000029f5   Thumb Code    38  uart_driver.o(i.UART_Driver_Handle_TXE)
    UART_Driver_Init                         0x00002a25   Thumb Code   218  uart_driver.o(i.UART_Driver_Init)
    UI_Display_Init                          0x00002b19   Thumb Code     8  ui_display.o(i.UI_Display_Init)
    UI_UpdateDisplay                         0x00002b21   Thumb Code   296  ui_display.o(i.UI_UpdateDisplay)
    USART_ClearITPendingBit                  0x00002cd5   Thumb Code     8  cw32f003_uart.o(i.USART_ClearITPendingBit)
    USART_GetFlagStatus                      0x00002cdd   Thumb Code    18  cw32f003_uart.o(i.USART_GetFlagStatus)
    USART_GetITStatus                        0x00002cef   Thumb Code    18  cw32f003_uart.o(i.USART_GetITStatus)
    USART_ITConfig                           0x00002d01   Thumb Code    26  cw32f003_uart.o(i.USART_ITConfig)
    USART_Init                               0x00002d1d   Thumb Code   362  cw32f003_uart.o(i.USART_Init)
    USART_ReceiveData_8bit                   0x00002e91   Thumb Code     8  cw32f003_uart.o(i.USART_ReceiveData_8bit)
    USART_SendData_8bit                      0x00002e99   Thumb Code     4  cw32f003_uart.o(i.USART_SendData_8bit)
    VC1_IRQHandler                           0x00002e9d   Thumb Code     2  interrupts_cw32f003.o(i.VC1_IRQHandler)
    VC2_IRQHandler                           0x00002e9f   Thumb Code     2  interrupts_cw32f003.o(i.VC2_IRQHandler)
    WDT_IRQHandler                           0x00002ea1   Thumb Code     2  interrupts_cw32f003.o(i.WDT_IRQHandler)
    __0printf                                0x00002ea5   Thumb Code    24  printfa.o(i.__0printf)
    __1printf                                0x00002ea5   Thumb Code     0  printfa.o(i.__0printf)
    __2printf                                0x00002ea5   Thumb Code     0  printfa.o(i.__0printf)
    __c89printf                              0x00002ea5   Thumb Code     0  printfa.o(i.__0printf)
    printf                                   0x00002ea5   Thumb Code     0  printfa.o(i.__0printf)
    __0sprintf                               0x00002ec5   Thumb Code    36  printfa.o(i.__0sprintf)
    __1sprintf                               0x00002ec5   Thumb Code     0  printfa.o(i.__0sprintf)
    __2sprintf                               0x00002ec5   Thumb Code     0  printfa.o(i.__0sprintf)
    __c89sprintf                             0x00002ec5   Thumb Code     0  printfa.o(i.__0sprintf)
    sprintf                                  0x00002ec5   Thumb Code     0  printfa.o(i.__0sprintf)
    __ARM_clz                                0x00002eed   Thumb Code    46  depilogue.o(i.__ARM_clz)
    __ARM_common_switch8                     0x00002f1b   Thumb Code    28  charging_sm.o(i.__ARM_common_switch8)
    __scatterload_copy                       0x000030a1   Thumb Code    14  handlers.o(i.__scatterload_copy)
    __scatterload_null                       0x000030af   Thumb Code     2  handlers.o(i.__scatterload_null)
    __scatterload_zeroinit                   0x000030b1   Thumb Code    14  handlers.o(i.__scatterload_zeroinit)
    fputc                                    0x00003979   Thumb Code    58  uart_driver.o(i.fputc)
    main                                     0x000039bd   Thumb Code   112  main.o(i.main)
    F6x8                                     0x00003a90   Data         552  spi_oled_driver.o(.constdata)
    F8X16                                    0x00003cb8   Data        1520  spi_oled_driver.o(.constdata)
    aFontChinese16                           0x000042a8   Data         192  spi_oled_driver.o(.constdata)
    hsiprs_tbl                               0x00004368   Data          64  cw32f003_rcc.o(.constdata)
    Region$$Table$$Base                      0x000043fc   Number         0  anon$$obj.o(Region$$Table)
    Region$$Table$$Limit                     0x0000441c   Number         0  anon$$obj.o(Region$$Table)
    flag_run_state_machine                   0x20000000   Data           1  main.o(.data)
    flag_update_display                      0x20000001   Data           1  main.o(.data)
    hlw8032_packet_ready                     0x20000015   Data           1  ac_measurement.o(.data)
    uwTick                                   0x2000002c   Data           4  cw32f003_systick.o(.data)
    uwTickPrio                               0x20000030   Data           4  cw32f003_systick.o(.data)
    uwTickFreq                               0x20000034   Data           1  cw32f003_systick.o(.data)
    SystemCoreClock                          0x20000038   Data           4  system_cw32f003.o(.data)
    __stdout                                 0x2000003c   Data           4  stdout.o(.data)
    __initial_sp                             0x20000330   Data           0  startup_cw32f003.o(STACK)



==============================================================================

Memory Map of the image

  Image Entry point : 0x000000c1

  Load Region LR_IROM1 (Base: 0x00000000, Size: 0x0000445c, Max: 0x00005000, ABSOLUTE)

    Execution Region ER_IROM1 (Exec base: 0x00000000, Load base: 0x00000000, Size: 0x0000441c, Max: 0x00005000, ABSOLUTE)

    Exec Addr    Load Addr    Size         Type   Attr      Idx    E Section Name        Object

    0x00000000   0x00000000   0x000000c0   Data   RO            3    RESET               startup_cw32f003.o
    0x000000c0   0x000000c0   0x00000000   Code   RO         3670  * .ARM.Collect$$$$00000000  mc_p.l(entry.o)
    0x000000c0   0x000000c0   0x00000004   Code   RO         3962    .ARM.Collect$$$$00000001  mc_p.l(entry2.o)
    0x000000c4   0x000000c4   0x00000004   Code   RO         3965    .ARM.Collect$$$$00000004  mc_p.l(entry5.o)
    0x000000c8   0x000000c8   0x00000000   Code   RO         3967    .ARM.Collect$$$$00000008  mc_p.l(entry7b.o)
    0x000000c8   0x000000c8   0x00000000   Code   RO         3969    .ARM.Collect$$$$0000000A  mc_p.l(entry8b.o)
    0x000000c8   0x000000c8   0x00000008   Code   RO         3970    .ARM.Collect$$$$0000000B  mc_p.l(entry9a.o)
    0x000000d0   0x000000d0   0x00000000   Code   RO         3972    .ARM.Collect$$$$0000000D  mc_p.l(entry10a.o)
    0x000000d0   0x000000d0   0x00000000   Code   RO         3974    .ARM.Collect$$$$0000000F  mc_p.l(entry11a.o)
    0x000000d0   0x000000d0   0x00000004   Code   RO         3963    .ARM.Collect$$$$00002712  mc_p.l(entry2.o)
    0x000000d4   0x000000d4   0x0000003c   Code   RO            4    .text               startup_cw32f003.o
    0x00000110   0x00000110   0x0000002c   Code   RO         3673    .text               mc_p.l(uidiv.o)
    0x0000013c   0x0000013c   0x00000024   Code   RO         3675    .text               mc_p.l(memcpya.o)
    0x00000160   0x00000160   0x00000024   Code   RO         3677    .text               mc_p.l(memseta.o)
    0x00000184   0x00000184   0x00000018   Code   RO         3679    .text               mc_p.l(strcat.o)
    0x0000019c   0x0000019c   0x000000b2   Code   RO         3944    .text               mf_p.l(fadd.o)
    0x0000024e   0x0000024e   0x0000007a   Code   RO         3946    .text               mf_p.l(fmul.o)
    0x000002c8   0x000002c8   0x0000007c   Code   RO         3948    .text               mf_p.l(fdiv.o)
    0x00000344   0x00000344   0x00000164   Code   RO         3950    .text               mf_p.l(dadd.o)
    0x000004a8   0x000004a8   0x0000000e   Code   RO         3954    .text               mf_p.l(ffltui.o)
    0x000004b6   0x000004b6   0x00000028   Code   RO         3956    .text               mf_p.l(ffixui.o)
    0x000004de   0x000004de   0x00000002   PAD
    0x000004e0   0x000004e0   0x0000003c   Code   RO         3958    .text               mf_p.l(dfixui.o)
    0x0000051c   0x0000051c   0x00000028   Code   RO         3960    .text               mf_p.l(f2d.o)
    0x00000544   0x00000544   0x00000060   Code   RO         3977    .text               mc_p.l(uldiv.o)
    0x000005a4   0x000005a4   0x00000020   Code   RO         3979    .text               mc_p.l(llshl.o)
    0x000005c4   0x000005c4   0x00000022   Code   RO         3981    .text               mc_p.l(llushr.o)
    0x000005e6   0x000005e6   0x00000026   Code   RO         3983    .text               mc_p.l(llsshr.o)
    0x0000060c   0x0000060c   0x00000000   Code   RO         3985    .text               mc_p.l(iusefp.o)
    0x0000060c   0x0000060c   0x00000082   Code   RO         3986    .text               mf_p.l(fepilogue.o)
    0x0000068e   0x0000068e   0x000000be   Code   RO         3988    .text               mf_p.l(depilogue.o)
    0x0000074c   0x0000074c   0x000000d0   Code   RO         3992    .text               mf_p.l(dmul.o)
    0x0000081c   0x0000081c   0x000000f0   Code   RO         3994    .text               mf_p.l(ddiv.o)
    0x0000090c   0x0000090c   0x00000040   Code   RO         3996    .text               mf_p.l(dfixul.o)
    0x0000094c   0x0000094c   0x00000028   Code   RO         3998    .text               mf_p.l(cdrcmple.o)
    0x00000974   0x00000974   0x00000024   Code   RO         4000    .text               mc_p.l(init.o)
    0x00000998   0x00000998   0x0000000c   Code   RO          516    i.AC_GetCurrent     ac_measurement.o
    0x000009a4   0x000009a4   0x0000006c   Code   RO          519    i.AC_Measurement_Init  ac_measurement.o
    0x00000a10   0x00000a10   0x000000e4   Code   RO          520    i.AC_Process_HLW8032_Packet  ac_measurement.o
    0x00000af4   0x00000af4   0x00000044   Code   RO          976    i.ADC_BufEnSingleCh  cw32f003_adc.o
    0x00000b38   0x00000b38   0x00000010   Code   RO          978    i.ADC_ClearITPendingBit  cw32f003_adc.o
    0x00000b48   0x00000b48   0x00000020   Code   RO          980    i.ADC_DeInit        cw32f003_adc.o
    0x00000b68   0x00000b68   0x00000098   Code   RO          468    i.ADC_Driver_Init   adc_driver.o
    0x00000c00   0x00000c00   0x00000020   Code   RO          984    i.ADC_Enable        cw32f003_adc.o
    0x00000c20   0x00000c20   0x0000000c   Code   RO          989    i.ADC_GetConversionValue  cw32f003_adc.o
    0x00000c2c   0x00000c2c   0x00000018   Code   RO          990    i.ADC_GetITStatus   cw32f003_adc.o
    0x00000c44   0x00000c44   0x00000002   Code   RO          135    i.ADC_IRQHandler    interrupts_cw32f003.o
    0x00000c46   0x00000c46   0x00000002   PAD
    0x00000c48   0x00000c48   0x00000084   Code   RO          999    i.ADC_Init          cw32f003_adc.o
    0x00000ccc   0x00000ccc   0x00000098   Code   RO          469    i.ADC_Read_Channel_Raw  adc_driver.o
    0x00000d64   0x00000d64   0x00000040   Code   RO         1009    i.ADC_SingleChCommon  cw32f003_adc.o
    0x00000da4   0x00000da4   0x0000001c   Code   RO         1012    i.ADC_SingleChOneModeCfg  cw32f003_adc.o
    0x00000dc0   0x00000dc0   0x00000024   Code   RO         1013    i.ADC_SoftwareStartConvCmd  cw32f003_adc.o
    0x00000de4   0x00000de4   0x00000054   Code   RO         1019    i.ADC_WdtConfig     cw32f003_adc.o
    0x00000e38   0x00000e38   0x0000001c   Code   RO         1020    i.ADC_WdtInit       cw32f003_adc.o
    0x00000e54   0x00000e54   0x0000000c   Code   RO         1289    i.ATIM_ClearITPendingBit  cw32f003_atim.o
    0x00000e60   0x00000e60   0x00000018   Code   RO         1290    i.ATIM_Cmd          cw32f003_atim.o
    0x00000e78   0x00000e78   0x00000020   Code   RO         1291    i.ATIM_CtrlPWMOutputs  cw32f003_atim.o
    0x00000e98   0x00000e98   0x00000018   Code   RO         1301    i.ATIM_GetITStatus  cw32f003_atim.o
    0x00000eb0   0x00000eb0   0x00000014   Code   RO          136    i.ATIM_IRQHandler   interrupts_cw32f003.o
    0x00000ec4   0x00000ec4   0x00000068   Code   RO         1310    i.ATIM_Init         cw32f003_atim.o
    0x00000f2c   0x00000f2c   0x00000054   Code   RO         1315    i.ATIM_OC2BInit     cw32f003_atim.o
    0x00000f80   0x00000f80   0x0000000c   Code   RO         1323    i.ATIM_SetCompare2B  cw32f003_atim.o
    0x00000f8c   0x00000f8c   0x00000002   Code   RO          137    i.AWT_IRQHandler    interrupts_cw32f003.o
    0x00000f8e   0x00000f8e   0x00000002   Code   RO          138    i.BTIM1_IRQHandler  interrupts_cw32f003.o
    0x00000f90   0x00000f90   0x00000002   Code   RO          139    i.BTIM2_IRQHandler  interrupts_cw32f003.o
    0x00000f92   0x00000f92   0x00000002   Code   RO          140    i.BTIM3_IRQHandler  interrupts_cw32f003.o
    0x00000f94   0x00000f94   0x0000009c   Code   RO          667    i.CP_ReadState      cp_signal.o
    0x00001030   0x00001030   0x0000008c   Code   RO          668    i.CP_SetMaxCurrentPWM  cp_signal.o
    0x000010bc   0x000010bc   0x0000002c   Code   RO          669    i.CP_Signal_Init    cp_signal.o
    0x000010e8   0x000010e8   0x00000018   Code   RO          522    i.Calculate_HLW8032_Checksum  ac_measurement.o
    0x00001100   0x00001100   0x0000001c   Code   RO          627    i.Contactor_Close   contactor_control.o
    0x0000111c   0x0000111c   0x0000001c   Code   RO          628    i.Contactor_Init    contactor_control.o
    0x00001138   0x00001138   0x0000001c   Code   RO          630    i.Contactor_Open    contactor_control.o
    0x00001154   0x00001154   0x0000000c   Code   RO          946    i.ErrorHandler_GetLast  error_handler.o
    0x00001160   0x00001160   0x00000100   Code   RO          947    i.ErrorHandler_Handle  error_handler.o
    0x00001260   0x00001260   0x00000002   Code   RO          141    i.FLASHRAM_IRQHandler  interrupts_cw32f003.o
    0x00001262   0x00001262   0x00000002   PAD
    0x00001264   0x00001264   0x00000024   Code   RO         1914    i.FLASH_SetLatency  cw32f003_flash.o
    0x00001288   0x00001288   0x00000012   Code   RO         3628    i.FirmwareDelay     system_cw32f003.o
    0x0000129a   0x0000129a   0x00000002   Code   RO          142    i.GPIOA_IRQHandler  interrupts_cw32f003.o
    0x0000129c   0x0000129c   0x00000002   Code   RO          143    i.GPIOB_IRQHandler  interrupts_cw32f003.o
    0x0000129e   0x0000129e   0x00000002   Code   RO          144    i.GPIOC_IRQHandler  interrupts_cw32f003.o
    0x000012a0   0x000012a0   0x000000e2   Code   RO         2021    i.GPIO_Init         cw32f003_gpio.o
    0x00001382   0x00001382   0x0000000c   Code   RO         2026    i.GPIO_WritePin     cw32f003_gpio.o
    0x0000138e   0x0000138e   0x00000002   Code   RO          145    i.GTIM_IRQHandler   interrupts_cw32f003.o
    0x00001390   0x00001390   0x00000010   Code   RO          753    i.HLW_RingBuffer_Init  hlw_uart_driver.o
    0x000013a0   0x000013a0   0x00000012   Code   RO          755    i.HLW_RingBuffer_IsFull  hlw_uart_driver.o
    0x000013b2   0x000013b2   0x00000046   Code   RO          756    i.HLW_RingBuffer_Put  hlw_uart_driver.o
    0x000013f8   0x000013f8   0x00000050   Code   RO          758    i.HLW_UART_Handle_RC  hlw_uart_driver.o
    0x00001448   0x00001448   0x000000c0   Code   RO          759    i.HLW_UART_Init     hlw_uart_driver.o
    0x00001508   0x00001508   0x00000004   Code   RO          146    i.HardFault_Handler  interrupts_cw32f003.o
    0x0000150c   0x0000150c   0x00000002   Code   RO          147    i.I2C_IRQHandler    interrupts_cw32f003.o
    0x0000150e   0x0000150e   0x00000002   PAD
    0x00001510   0x00001510   0x00000010   Code   RO         2482    i.IWDT_Cmd          cw32f003_iwdt.o
    0x00001520   0x00001520   0x00000064   Code   RO         2429    i.IWDT_Init         cw32f003_iwdt.o
    0x00001584   0x00001584   0x00000010   Code   RO         2488    i.IWDT_Refresh      cw32f003_iwdt.o
    0x00001594   0x00001594   0x0000006c   Code   RO         3087    i.InitTick          cw32f003_systick.o
    0x00001600   0x00001600   0x00000002   Code   RO          148    i.LVD_IRQHandler    interrupts_cw32f003.o
    0x00001602   0x00001602   0x00000002   Code   RO          149    i.NMI_Handler       interrupts_cw32f003.o
    0x00001604   0x00001604   0x00000032   Code   RO          822    i.OLED_Clear        spi_oled_driver.o
    0x00001636   0x00001636   0x00000002   PAD
    0x00001638   0x00001638   0x000002e8   Code   RO          826    i.OLED_Init         spi_oled_driver.o
    0x00001920   0x00001920   0x0000003a   Code   RO          827    i.OLED_SetCursor    spi_oled_driver.o
    0x0000195a   0x0000195a   0x00000002   PAD
    0x0000195c   0x0000195c   0x000000bc   Code   RO          828    i.OLED_ShowChar     spi_oled_driver.o
    0x00001a18   0x00001a18   0x0000007c   Code   RO          829    i.OLED_ShowChineseChar  spi_oled_driver.o
    0x00001a94   0x00001a94   0x0000004a   Code   RO          830    i.OLED_ShowChineseString  spi_oled_driver.o
    0x00001ade   0x00001ade   0x00000076   Code   RO          833    i.OLED_ShowString   spi_oled_driver.o
    0x00001b54   0x00001b54   0x00000038   Code   RO          835    i.OLED_WriteCommand  spi_oled_driver.o
    0x00001b8c   0x00001b8c   0x00000038   Code   RO          836    i.OLED_WriteData    spi_oled_driver.o
    0x00001bc4   0x00001bc4   0x000000cc   Code   RO          699    i.PP_GetCableCapacity  pp_signal.o
    0x00001c90   0x00001c90   0x00000016   Code   RO          700    i.PP_Signal_Init    pp_signal.o
    0x00001ca6   0x00001ca6   0x00000002   PAD
    0x00001ca8   0x00001ca8   0x000001d0   Code   RO          407    i.PWM_Driver_Init   pwm_driver.o
    0x00001e78   0x00001e78   0x00000050   Code   RO          410    i.PWM_Set_DutyCycle  pwm_driver.o
    0x00001ec8   0x00001ec8   0x0000000a   Code   RO          412    i.PWM_Start         pwm_driver.o
    0x00001ed2   0x00001ed2   0x00000002   Code   RO          150    i.PendSV_Handler    interrupts_cw32f003.o
    0x00001ed4   0x00001ed4   0x00000020   Code   RO         2701    i.RCC_AHBPeriphClk_Enable  cw32f003_rcc.o
    0x00001ef4   0x00001ef4   0x00000020   Code   RO         2703    i.RCC_APBPeriphClk_Enable1  cw32f003_rcc.o
    0x00001f14   0x00001f14   0x00000020   Code   RO         2704    i.RCC_APBPeriphClk_Enable2  cw32f003_rcc.o
    0x00001f34   0x00001f34   0x00000018   Code   RO         2721    i.RCC_GetStableFlag  cw32f003_rcc.o
    0x00001f4c   0x00001f4c   0x00000038   Code   RO         2727    i.RCC_HSI_Enable    cw32f003_rcc.o
    0x00001f84   0x00001f84   0x00000040   Code   RO         2739    i.RCC_SysClk_Switch  cw32f003_rcc.o
    0x00001fc4   0x00001fc4   0x00000078   Code   RO         2740    i.RCC_Sysctrl_GetHClkFreq  cw32f003_rcc.o
    0x0000203c   0x0000203c   0x00000020   Code   RO         2741    i.RCC_Sysctrl_GetPClkFreq  cw32f003_rcc.o
    0x0000205c   0x0000205c   0x0000000c   Code   RO         2742    i.RCC_SystemCoreClockUpdate  cw32f003_rcc.o
    0x00002068   0x00002068   0x00000048   Code   RO          316    i.RingBuffer_Get    uart_driver.o
    0x000020b0   0x000020b0   0x00000010   Code   RO          317    i.RingBuffer_Init   uart_driver.o
    0x000020c0   0x000020c0   0x00000012   Code   RO          318    i.RingBuffer_IsEmpty  uart_driver.o
    0x000020d2   0x000020d2   0x00000012   Code   RO          319    i.RingBuffer_IsFull  uart_driver.o
    0x000020e4   0x000020e4   0x00000046   Code   RO          320    i.RingBuffer_Put    uart_driver.o
    0x0000212a   0x0000212a   0x00000002   PAD
    0x0000212c   0x0000212c   0x0000000c   Code   RO          581    i.SM_GetCurrentState  charging_sm.o
    0x00002138   0x00002138   0x00000064   Code   RO          582    i.SM_Init           charging_sm.o
    0x0000219c   0x0000219c   0x00000414   Code   RO          583    i.SM_RunStateMachine  charging_sm.o
    0x000025b0   0x000025b0   0x0000001c   Code   RO         2979    i.SPI_Cmd           cw32f003_spi.o
    0x000025cc   0x000025cc   0x00000018   Code   RO         2983    i.SPI_GetFlagStatus  cw32f003_spi.o
    0x000025e4   0x000025e4   0x00000002   Code   RO          151    i.SPI_IRQHandler    interrupts_cw32f003.o
    0x000025e6   0x000025e6   0x00000002   PAD
    0x000025e8   0x000025e8   0x0000003c   Code   RO         2986    i.SPI_Init          cw32f003_spi.o
    0x00002624   0x00002624   0x0000000c   Code   RO         2990    i.SPI_SendData      cw32f003_spi.o
    0x00002630   0x00002630   0x0000001c   Code   RO         2991    i.SPI_StructInit    cw32f003_spi.o
    0x0000264c   0x0000264c   0x00000084   Code   RO          837    i.SPI_WriteByte     spi_oled_driver.o
    0x000026d0   0x000026d0   0x00000002   Code   RO          152    i.SVC_Handler       interrupts_cw32f003.o
    0x000026d2   0x000026d2   0x00000002   Code   RO          153    i.SYSCTRL_IRQHandler  interrupts_cw32f003.o
    0x000026d4   0x000026d4   0x00000058   Code   RO          154    i.SysTick_Handler   interrupts_cw32f003.o
    0x0000272c   0x0000272c   0x0000006c   Code   RO         3630    i.SystemCoreClockUpdate  system_cw32f003.o
    0x00002798   0x00002798   0x0000005c   Code   RO         3631    i.SystemInit        system_cw32f003.o
    0x000027f4   0x000027f4   0x00000180   Code   RO           12    i.System_Init       main.o
    0x00002974   0x00002974   0x00000028   Code   RO          155    i.UART1_IRQHandler  interrupts_cw32f003.o
    0x0000299c   0x0000299c   0x00000008   Code   RO          156    i.UART2_IRQHandler  interrupts_cw32f003.o
    0x000029a4   0x000029a4   0x00000050   Code   RO          322    i.UART_Driver_Handle_RC  uart_driver.o
    0x000029f4   0x000029f4   0x00000030   Code   RO          323    i.UART_Driver_Handle_TXE  uart_driver.o
    0x00002a24   0x00002a24   0x000000f4   Code   RO          324    i.UART_Driver_Init  uart_driver.o
    0x00002b18   0x00002b18   0x00000008   Code   RO          725    i.UI_Display_Init   ui_display.o
    0x00002b20   0x00002b20   0x000001b4   Code   RO          726    i.UI_UpdateDisplay  ui_display.o
    0x00002cd4   0x00002cd4   0x00000008   Code   RO         3153    i.USART_ClearITPendingBit  cw32f003_uart.o
    0x00002cdc   0x00002cdc   0x00000012   Code   RO         3157    i.USART_GetFlagStatus  cw32f003_uart.o
    0x00002cee   0x00002cee   0x00000012   Code   RO         3158    i.USART_GetITStatus  cw32f003_uart.o
    0x00002d00   0x00002d00   0x0000001a   Code   RO         3160    i.USART_ITConfig    cw32f003_uart.o
    0x00002d1a   0x00002d1a   0x00000002   PAD
    0x00002d1c   0x00002d1c   0x00000174   Code   RO         3161    i.USART_Init        cw32f003_uart.o
    0x00002e90   0x00002e90   0x00000008   Code   RO         3164    i.USART_ReceiveData_8bit  cw32f003_uart.o
    0x00002e98   0x00002e98   0x00000004   Code   RO         3166    i.USART_SendData_8bit  cw32f003_uart.o
    0x00002e9c   0x00002e9c   0x00000002   Code   RO          157    i.VC1_IRQHandler    interrupts_cw32f003.o
    0x00002e9e   0x00002e9e   0x00000002   Code   RO          158    i.VC2_IRQHandler    interrupts_cw32f003.o
    0x00002ea0   0x00002ea0   0x00000002   Code   RO          159    i.WDT_IRQHandler    interrupts_cw32f003.o
    0x00002ea2   0x00002ea2   0x00000002   PAD
    0x00002ea4   0x00002ea4   0x00000020   Code   RO         3916    i.__0printf         mc_p.l(printfa.o)
    0x00002ec4   0x00002ec4   0x00000028   Code   RO         3918    i.__0sprintf        mc_p.l(printfa.o)
    0x00002eec   0x00002eec   0x0000002e   Code   RO         3990    i.__ARM_clz         mf_p.l(depilogue.o)
    0x00002f1a   0x00002f1a   0x0000001c   Code   RO          611    i.__ARM_common_switch8  charging_sm.o
    0x00002f36   0x00002f36   0x00000002   PAD
    0x00002f38   0x00002f38   0x00000078   Code   RO          327    i.__NVIC_SetPriority  uart_driver.o
    0x00002fb0   0x00002fb0   0x00000078   Code   RO          761    i.__NVIC_SetPriority  hlw_uart_driver.o
    0x00003028   0x00003028   0x00000078   Code   RO         3092    i.__NVIC_SetPriority  cw32f003_systick.o
    0x000030a0   0x000030a0   0x0000000e   Code   RO         4004    i.__scatterload_copy  mc_p.l(handlers.o)
    0x000030ae   0x000030ae   0x00000002   Code   RO         4005    i.__scatterload_null  mc_p.l(handlers.o)
    0x000030b0   0x000030b0   0x0000000e   Code   RO         4006    i.__scatterload_zeroinit  mc_p.l(handlers.o)
    0x000030be   0x000030be   0x00000002   PAD
    0x000030c0   0x000030c0   0x00000174   Code   RO         3923    i._fp_digits        mc_p.l(printfa.o)
    0x00003234   0x00003234   0x000006ec   Code   RO         3924    i._printf_core      mc_p.l(printfa.o)
    0x00003920   0x00003920   0x00000020   Code   RO         3925    i._printf_post_padding  mc_p.l(printfa.o)
    0x00003940   0x00003940   0x0000002c   Code   RO         3926    i._printf_pre_padding  mc_p.l(printfa.o)
    0x0000396c   0x0000396c   0x0000000a   Code   RO         3928    i._sputc            mc_p.l(printfa.o)
    0x00003976   0x00003976   0x00000002   PAD
    0x00003978   0x00003978   0x00000044   Code   RO          328    i.fputc             uart_driver.o
    0x000039bc   0x000039bc   0x000000ac   Code   RO           13    i.main              main.o
    0x00003a68   0x00003a68   0x00000028   Data   RO          727    .constdata          ui_display.o
    0x00003a90   0x00003a90   0x000008d8   Data   RO          839    .constdata          spi_oled_driver.o
    0x00004368   0x00004368   0x00000040   Data   RO         2744    .constdata          cw32f003_rcc.o
    0x000043a8   0x000043a8   0x00000053   Data   RO          584    .conststring        charging_sm.o
    0x000043fb   0x000043fb   0x00000001   PAD
    0x000043fc   0x000043fc   0x00000020   Data   RO         4002    Region$$Table       anon$$obj.o


    Execution Region RW_IRAM1 (Exec base: 0x20000000, Load base: 0x0000441c, Size: 0x00000330, Max: 0x00000c00, ABSOLUTE)

    Exec Addr    Load Addr    Size         Type   Attr      Idx    E Section Name        Object

    0x20000000   0x0000441c   0x00000002   Data   RW           14    .data               main.o
    0x20000002   0x0000441e   0x00000002   PAD
    0x20000004   0x00004420   0x00000008   Data   RW          160    .data               interrupts_cw32f003.o
    0x2000000c   0x00004428   0x00000005   Data   RW          414    .data               pwm_driver.o
    0x20000011   0x0000442d   0x00000003   PAD
    0x20000014   0x00004430   0x00000010   Data   RW          524    .data               ac_measurement.o
    0x20000024   0x00004440   0x00000005   Data   RW          585    .data               charging_sm.o
    0x20000029   0x00004445   0x00000001   Data   RW          631    .data               contactor_control.o
    0x2000002a   0x00004446   0x00000001   Data   RW          948    .data               error_handler.o
    0x2000002b   0x00004447   0x00000001   PAD
    0x2000002c   0x00004448   0x00000009   Data   RW         3093    .data               cw32f003_systick.o
    0x20000035   0x00004451   0x00000003   PAD
    0x20000038   0x00004454   0x00000004   Data   RW         3632    .data               system_cw32f003.o
    0x2000003c   0x00004458   0x00000004   Data   RW         3976    .data               mc_p.l(stdout.o)
    0x20000040        -       0x0000008c   Zero   RW          329    .bss                uart_driver.o
    0x200000cc        -       0x00000018   Zero   RW          523    .bss                ac_measurement.o
    0x200000e4        -       0x00000046   Zero   RW          762    .bss                hlw_uart_driver.o
    0x2000012a   0x0000445c   0x00000006   PAD
    0x20000130        -       0x00000200   Zero   RW            1    STACK               startup_cw32f003.o


==============================================================================

Image component sizes


      Code (inc. data)   RO Data    RW Data    ZI Data      Debug   Object Name

       372        110          0         16         24       3725   ac_measurement.o
       304         72          0          0          0       1929   adc_driver.o
      1184        694         83          5          0       2568   charging_sm.o
        84         20          0          1          0       1520   contactor_control.o
       340         32          0          0          0       2594   cp_signal.o
       556         70          0          0          0       5991   cw32f003_adc.o
       292         40          0          0          0       3553   cw32f003_atim.o
        36         12          0          0          0        459   cw32f003_flash.o
       238          0          0          0          0       1424   cw32f003_gpio.o
       132         34          0          0          0       1554   cw32f003_iwdt.o
       404         72         64          0          0       5078   cw32f003_rcc.o
       152         26          0          0          0       2553   cw32f003_spi.o
       228         28          0          9          0       9434   cw32f003_systick.o
       454         10          0          0          0       4213   cw32f003_uart.o
       268        152          0          1          0       1293   error_handler.o
       496         56          0          0         70       3909   hlw_uart_driver.o
       200         24          0          8          0      10314   interrupts_cw32f003.o
       556        266          0          2          0     131168   main.o
       226         34          0          0          0       2159   pp_signal.o
       554         94          0          5          0      10378   pwm_driver.o
      1600         98       2264          0          0      13377   spi_oled_driver.o
        60         22        192          0        512        608   startup_cw32f003.o
       218         32          0          4          0       2159   system_cw32f003.o
       754         78          0          0        140      13108   uart_driver.o
       444        150         40          0          0       1853   ui_display.o

    ----------------------------------------------------------------------
     10174       2226       2676         60        752     236921   Object Totals
         0          0         32          0          0          0   (incl. Generated)
        22          0          1          9          6          0   (incl. Padding)

    ----------------------------------------------------------------------

      Code (inc. data)   RO Data    RW Data    ZI Data      Debug   Library Member Name

         0          0          0          0          0          0   entry.o
         0          0          0          0          0          0   entry10a.o
         0          0          0          0          0          0   entry11a.o
         8          4          0          0          0          0   entry2.o
         4          0          0          0          0          0   entry5.o
         0          0          0          0          0          0   entry7b.o
         0          0          0          0          0          0   entry8b.o
         8          4          0          0          0          0   entry9a.o
        30          0          0          0          0          0   handlers.o
        36          8          0          0          0         68   init.o
         0          0          0          0          0          0   iusefp.o
        32          0          0          0          0         68   llshl.o
        38          0          0          0          0         68   llsshr.o
        34          0          0          0          0         68   llushr.o
        36          0          0          0          0         60   memcpya.o
        36          0          0          0          0        100   memseta.o
      2302        102          0          0          0        556   printfa.o
         0          0          0          4          0          0   stdout.o
        24          0          0          0          0         60   strcat.o
        44          0          0          0          0         72   uidiv.o
        96          0          0          0          0         84   uldiv.o
        40          2          0          0          0         68   cdrcmple.o
       356          4          0          0          0        140   dadd.o
       240          6          0          0          0         84   ddiv.o
       236          0          0          0          0        216   depilogue.o
        60         10          0          0          0         68   dfixui.o
        64         10          0          0          0         68   dfixul.o
       208          6          0          0          0         88   dmul.o
        40          0          0          0          0         60   f2d.o
       178          0          0          0          0        108   fadd.o
       124          0          0          0          0         72   fdiv.o
       130          0          0          0          0        144   fepilogue.o
        40          0          0          0          0         60   ffixui.o
        14          0          0          0          0         68   ffltui.o
       122          0          0          0          0         72   fmul.o

    ----------------------------------------------------------------------
      4586        156          0          4          0       2520   Library Totals
         6          0          0          0          0          0   (incl. Padding)

    ----------------------------------------------------------------------

      Code (inc. data)   RO Data    RW Data    ZI Data      Debug   Library Name

      2728        118          0          4          0       1204   mc_p.l
      1852         38          0          0          0       1316   mf_p.l

    ----------------------------------------------------------------------
      4586        156          0          4          0       2520   Library Totals

    ----------------------------------------------------------------------

==============================================================================


      Code (inc. data)   RO Data    RW Data    ZI Data      Debug   

     14760       2382       2676         64        752     232853   Grand Totals
     14760       2382       2676         64        752     232853   ELF Image Totals
     14760       2382       2676         64          0          0   ROM Totals

==============================================================================

    Total RO  Size (Code + RO Data)                17436 (  17.03kB)
    Total RW  Size (RW Data + ZI Data)               816 (   0.80kB)
    Total ROM Size (Code + RO Data + RW Data)      17500 (  17.09kB)

==============================================================================

