Component: ARM Compiler 5.06 update 5 (build 528) Tool: armlink [4d35e2]

==============================================================================

Image Symbol Table

    Local Symbols

    Symbol Name                              Value     Ov Type        Size  Object(Section)

    RESET                                    0x00000000   Section      192  startup_cw32f003.o(RESET)
    ../clib/microlib/division.c              0x00000000   Number         0  uidiv.o ABSOLUTE
    ../clib/microlib/division.c              0x00000000   Number         0  uldiv.o ABSOLUTE
    ../clib/microlib/init/entry.s            0x00000000   Number         0  entry.o ABSOLUTE
    ../clib/microlib/init/entry.s            0x00000000   Number         0  entry2.o ABSOLUTE
    ../clib/microlib/init/entry.s            0x00000000   Number         0  entry5.o ABSOLUTE
    ../clib/microlib/init/entry.s            0x00000000   Number         0  entry8a.o ABSOLUTE
    ../clib/microlib/init/entry.s            0x00000000   Number         0  entry7b.o ABSOLUTE
    ../clib/microlib/init/entry.s            0x00000000   Number         0  entry7a.o ABSOLUTE
    ../clib/microlib/init/entry.s            0x00000000   Number         0  entry10a.o ABSOLUTE
    ../clib/microlib/init/entry.s            0x00000000   Number         0  entry8b.o ABSOLUTE
    ../clib/microlib/init/entry.s            0x00000000   Number         0  entry9a.o ABSOLUTE
    ../clib/microlib/init/entry.s            0x00000000   Number         0  entry9b.o ABSOLUTE
    ../clib/microlib/init/entry.s            0x00000000   Number         0  entry11b.o ABSOLUTE
    ../clib/microlib/init/entry.s            0x00000000   Number         0  entry10b.o ABSOLUTE
    ../clib/microlib/init/entry.s            0x00000000   Number         0  entry11a.o ABSOLUTE
    ../clib/microlib/longlong.c              0x00000000   Number         0  llsshr.o ABSOLUTE
    ../clib/microlib/longlong.c              0x00000000   Number         0  llushr.o ABSOLUTE
    ../clib/microlib/longlong.c              0x00000000   Number         0  llshl.o ABSOLUTE
    ../clib/microlib/printf/printf.c         0x00000000   Number         0  printf5.o ABSOLUTE
    ../clib/microlib/printf/printf.c         0x00000000   Number         0  printf2.o ABSOLUTE
    ../clib/microlib/printf/printf.c         0x00000000   Number         0  printf6.o ABSOLUTE
    ../clib/microlib/printf/printf.c         0x00000000   Number         0  printf1.o ABSOLUTE
    ../clib/microlib/printf/printf.c         0x00000000   Number         0  printfb.o ABSOLUTE
    ../clib/microlib/printf/printf.c         0x00000000   Number         0  printf7.o ABSOLUTE
    ../clib/microlib/printf/printf.c         0x00000000   Number         0  printf8.o ABSOLUTE
    ../clib/microlib/printf/printf.c         0x00000000   Number         0  printfa.o ABSOLUTE
    ../clib/microlib/printf/printf.c         0x00000000   Number         0  printf0.o ABSOLUTE
    ../clib/microlib/printf/printf.c         0x00000000   Number         0  printf3.o ABSOLUTE
    ../clib/microlib/printf/printf.c         0x00000000   Number         0  printf4.o ABSOLUTE
    ../clib/microlib/printf/stubs.s          0x00000000   Number         0  stubs.o ABSOLUTE
    ../clib/microlib/stdio/streams.c         0x00000000   Number         0  stdout.o ABSOLUTE
    ../clib/microlib/string/memcpy.c         0x00000000   Number         0  memcpyb.o ABSOLUTE
    ../clib/microlib/string/memcpy.c         0x00000000   Number         0  memcpya.o ABSOLUTE
    ../clib/microlib/string/strcat.c         0x00000000   Number         0  strcat.o ABSOLUTE
    ../clib/microlib/stubs.s                 0x00000000   Number         0  iusefp.o ABSOLUTE
    ../fplib/microlib/f2d.c                  0x00000000   Number         0  f2d.o ABSOLUTE
    ../fplib/microlib/fpadd.c                0x00000000   Number         0  fadd.o ABSOLUTE
    ../fplib/microlib/fpadd.c                0x00000000   Number         0  dadd.o ABSOLUTE
    ../fplib/microlib/fpdiv.c                0x00000000   Number         0  ddiv.o ABSOLUTE
    ../fplib/microlib/fpdiv.c                0x00000000   Number         0  fdiv.o ABSOLUTE
    ../fplib/microlib/fpepilogue.c           0x00000000   Number         0  depilogue.o ABSOLUTE
    ../fplib/microlib/fpepilogue.c           0x00000000   Number         0  fepilogue.o ABSOLUTE
    ../fplib/microlib/fpfix.c                0x00000000   Number         0  dfixui.o ABSOLUTE
    ../fplib/microlib/fpfix.c                0x00000000   Number         0  dfixul.o ABSOLUTE
    ../fplib/microlib/fpfix.c                0x00000000   Number         0  ffixui.o ABSOLUTE
    ../fplib/microlib/fpflt.c                0x00000000   Number         0  ffltui.o ABSOLUTE
    ../fplib/microlib/fpflt.c                0x00000000   Number         0  fflti.o ABSOLUTE
    ../fplib/microlib/fpmul.c                0x00000000   Number         0  fmul.o ABSOLUTE
    ../fplib/microlib/fpmul.c                0x00000000   Number         0  dmul.o ABSOLUTE
    ..\Libraries\src\cw32f003_adc.c          0x00000000   Number         0  cw32f003_adc.o ABSOLUTE
    ..\Libraries\src\cw32f003_atim.c         0x00000000   Number         0  cw32f003_atim.o ABSOLUTE
    ..\Libraries\src\cw32f003_awt.c          0x00000000   Number         0  cw32f003_awt.o ABSOLUTE
    ..\Libraries\src\cw32f003_btim.c         0x00000000   Number         0  cw32f003_btim.o ABSOLUTE
    ..\Libraries\src\cw32f003_crc.c          0x00000000   Number         0  cw32f003_crc.o ABSOLUTE
    ..\Libraries\src\cw32f003_debug.c        0x00000000   Number         0  cw32f003_debug.o ABSOLUTE
    ..\Libraries\src\cw32f003_digitalsign.c  0x00000000   Number         0  cw32f003_digitalsign.o ABSOLUTE
    ..\Libraries\src\cw32f003_flash.c        0x00000000   Number         0  cw32f003_flash.o ABSOLUTE
    ..\Libraries\src\cw32f003_gpio.c         0x00000000   Number         0  cw32f003_gpio.o ABSOLUTE
    ..\Libraries\src\cw32f003_gtim.c         0x00000000   Number         0  cw32f003_gtim.o ABSOLUTE
    ..\Libraries\src\cw32f003_i2c.c          0x00000000   Number         0  cw32f003_i2c.o ABSOLUTE
    ..\Libraries\src\cw32f003_iwdt.c         0x00000000   Number         0  cw32f003_iwdt.o ABSOLUTE
    ..\Libraries\src\cw32f003_lvd.c          0x00000000   Number         0  cw32f003_lvd.o ABSOLUTE
    ..\Libraries\src\cw32f003_pwr.c          0x00000000   Number         0  cw32f003_pwr.o ABSOLUTE
    ..\Libraries\src\cw32f003_ram.c          0x00000000   Number         0  cw32f003_ram.o ABSOLUTE
    ..\Libraries\src\cw32f003_rcc.c          0x00000000   Number         0  cw32f003_rcc.o ABSOLUTE
    ..\Libraries\src\cw32f003_spi.c          0x00000000   Number         0  cw32f003_spi.o ABSOLUTE
    ..\Libraries\src\cw32f003_systick.c      0x00000000   Number         0  cw32f003_systick.o ABSOLUTE
    ..\Libraries\src\cw32f003_uart.c         0x00000000   Number         0  cw32f003_uart.o ABSOLUTE
    ..\Libraries\src\cw32f003_vc.c           0x00000000   Number         0  cw32f003_vc.o ABSOLUTE
    ..\Libraries\src\cw32f003_wwdt.c         0x00000000   Number         0  cw32f003_wwdt.o ABSOLUTE
    ..\Libraries\src\system_cw32f003.c       0x00000000   Number         0  system_cw32f003.o ABSOLUTE
    ..\USER\src\ac_measurement.c             0x00000000   Number         0  ac_measurement.o ABSOLUTE
    ..\USER\src\adc_driver.c                 0x00000000   Number         0  adc_driver.o ABSOLUTE
    ..\USER\src\charging_sm.c                0x00000000   Number         0  charging_sm.o ABSOLUTE
    ..\USER\src\contactor_control.c          0x00000000   Number         0  contactor_control.o ABSOLUTE
    ..\USER\src\cp_signal.c                  0x00000000   Number         0  cp_signal.o ABSOLUTE
    ..\USER\src\interrupts_cw32f003.c        0x00000000   Number         0  interrupts_cw32f003.o ABSOLUTE
    ..\USER\src\main.c                       0x00000000   Number         0  main.o ABSOLUTE
    ..\USER\src\oled_driver.c                0x00000000   Number         0  oled_driver.o ABSOLUTE
    ..\USER\src\pp_signal.c                  0x00000000   Number         0  pp_signal.o ABSOLUTE
    ..\USER\src\pwm_driver.c                 0x00000000   Number         0  pwm_driver.o ABSOLUTE
    ..\USER\src\uart_driver.c                0x00000000   Number         0  uart_driver.o ABSOLUTE
    ..\USER\src\ui_display.c                 0x00000000   Number         0  ui_display.o ABSOLUTE
    ..\\Libraries\\src\\cw32f003_adc.c       0x00000000   Number         0  cw32f003_adc.o ABSOLUTE
    ..\\Libraries\\src\\cw32f003_atim.c      0x00000000   Number         0  cw32f003_atim.o ABSOLUTE
    ..\\Libraries\\src\\cw32f003_awt.c       0x00000000   Number         0  cw32f003_awt.o ABSOLUTE
    ..\\Libraries\\src\\cw32f003_btim.c      0x00000000   Number         0  cw32f003_btim.o ABSOLUTE
    ..\\Libraries\\src\\cw32f003_crc.c       0x00000000   Number         0  cw32f003_crc.o ABSOLUTE
    ..\\Libraries\\src\\cw32f003_debug.c     0x00000000   Number         0  cw32f003_debug.o ABSOLUTE
    ..\\Libraries\\src\\cw32f003_digitalsign.c 0x00000000   Number         0  cw32f003_digitalsign.o ABSOLUTE
    ..\\Libraries\\src\\cw32f003_flash.c     0x00000000   Number         0  cw32f003_flash.o ABSOLUTE
    ..\\Libraries\\src\\cw32f003_gpio.c      0x00000000   Number         0  cw32f003_gpio.o ABSOLUTE
    ..\\Libraries\\src\\cw32f003_gtim.c      0x00000000   Number         0  cw32f003_gtim.o ABSOLUTE
    ..\\Libraries\\src\\cw32f003_i2c.c       0x00000000   Number         0  cw32f003_i2c.o ABSOLUTE
    ..\\Libraries\\src\\cw32f003_iwdt.c      0x00000000   Number         0  cw32f003_iwdt.o ABSOLUTE
    ..\\Libraries\\src\\cw32f003_lvd.c       0x00000000   Number         0  cw32f003_lvd.o ABSOLUTE
    ..\\Libraries\\src\\cw32f003_pwr.c       0x00000000   Number         0  cw32f003_pwr.o ABSOLUTE
    ..\\Libraries\\src\\cw32f003_ram.c       0x00000000   Number         0  cw32f003_ram.o ABSOLUTE
    ..\\Libraries\\src\\cw32f003_rcc.c       0x00000000   Number         0  cw32f003_rcc.o ABSOLUTE
    ..\\Libraries\\src\\cw32f003_spi.c       0x00000000   Number         0  cw32f003_spi.o ABSOLUTE
    ..\\Libraries\\src\\cw32f003_systick.c   0x00000000   Number         0  cw32f003_systick.o ABSOLUTE
    ..\\Libraries\\src\\cw32f003_uart.c      0x00000000   Number         0  cw32f003_uart.o ABSOLUTE
    ..\\Libraries\\src\\cw32f003_vc.c        0x00000000   Number         0  cw32f003_vc.o ABSOLUTE
    ..\\Libraries\\src\\cw32f003_wwdt.c      0x00000000   Number         0  cw32f003_wwdt.o ABSOLUTE
    ..\\Libraries\\src\\system_cw32f003.c    0x00000000   Number         0  system_cw32f003.o ABSOLUTE
    ..\\USER\\src\\ac_measurement.c          0x00000000   Number         0  ac_measurement.o ABSOLUTE
    ..\\USER\\src\\adc_driver.c              0x00000000   Number         0  adc_driver.o ABSOLUTE
    ..\\USER\\src\\charging_sm.c             0x00000000   Number         0  charging_sm.o ABSOLUTE
    ..\\USER\\src\\contactor_control.c       0x00000000   Number         0  contactor_control.o ABSOLUTE
    ..\\USER\\src\\cp_signal.c               0x00000000   Number         0  cp_signal.o ABSOLUTE
    ..\\USER\\src\\interrupts_cw32f003.c     0x00000000   Number         0  interrupts_cw32f003.o ABSOLUTE
    ..\\USER\\src\\main.c                    0x00000000   Number         0  main.o ABSOLUTE
    ..\\USER\\src\\oled_driver.c             0x00000000   Number         0  oled_driver.o ABSOLUTE
    ..\\USER\\src\\pp_signal.c               0x00000000   Number         0  pp_signal.o ABSOLUTE
    ..\\USER\\src\\pwm_driver.c              0x00000000   Number         0  pwm_driver.o ABSOLUTE
    ..\\USER\\src\\uart_driver.c             0x00000000   Number         0  uart_driver.o ABSOLUTE
    ..\\USER\\src\\ui_display.c              0x00000000   Number         0  ui_display.o ABSOLUTE
    ..\startup_cw32f003.s                    0x00000000   Number         0  startup_cw32f003.o ABSOLUTE
    cdrcmple.s                               0x00000000   Number         0  cdrcmple.o ABSOLUTE
    dc.s                                     0x00000000   Number         0  dc.o ABSOLUTE
    handlers.s                               0x00000000   Number         0  handlers.o ABSOLUTE
    init.s                                   0x00000000   Number         0  init.o ABSOLUTE
    .ARM.Collect$$$$00000000                 0x000000c0   Section        0  entry.o(.ARM.Collect$$$$00000000)
    .ARM.Collect$$$$00000001                 0x000000c0   Section        4  entry2.o(.ARM.Collect$$$$00000001)
    .ARM.Collect$$$$00000004                 0x000000c4   Section        4  entry5.o(.ARM.Collect$$$$00000004)
    .ARM.Collect$$$$00000008                 0x000000c8   Section        0  entry7b.o(.ARM.Collect$$$$00000008)
    .ARM.Collect$$$$0000000A                 0x000000c8   Section        0  entry8b.o(.ARM.Collect$$$$0000000A)
    .ARM.Collect$$$$0000000B                 0x000000c8   Section        8  entry9a.o(.ARM.Collect$$$$0000000B)
    .ARM.Collect$$$$0000000D                 0x000000d0   Section        0  entry10a.o(.ARM.Collect$$$$0000000D)
    .ARM.Collect$$$$0000000F                 0x000000d0   Section        0  entry11a.o(.ARM.Collect$$$$0000000F)
    .ARM.Collect$$$$00002712                 0x000000d0   Section        4  entry2.o(.ARM.Collect$$$$00002712)
    __lit__00000000                          0x000000d0   Data           4  entry2.o(.ARM.Collect$$$$00002712)
    .text                                    0x000000d4   Section       60  startup_cw32f003.o(.text)
    .text                                    0x00000110   Section        0  uidiv.o(.text)
    .text                                    0x0000013c   Section        0  memcpya.o(.text)
    .text                                    0x00000160   Section        0  strcat.o(.text)
    .text                                    0x00000178   Section        0  fadd.o(.text)
    .text                                    0x0000022a   Section        0  fmul.o(.text)
    .text                                    0x000002a4   Section        0  fdiv.o(.text)
    .text                                    0x00000320   Section        0  dadd.o(.text)
    .text                                    0x00000484   Section        0  ffltui.o(.text)
    .text                                    0x00000492   Section        0  ffixui.o(.text)
    .text                                    0x000004bc   Section        0  dfixui.o(.text)
    .text                                    0x000004f8   Section        0  f2d.o(.text)
    .text                                    0x00000520   Section        0  uldiv.o(.text)
    .text                                    0x00000580   Section        0  llshl.o(.text)
    .text                                    0x000005a0   Section        0  llushr.o(.text)
    .text                                    0x000005c2   Section        0  llsshr.o(.text)
    .text                                    0x000005e8   Section        0  fepilogue.o(.text)
    .text                                    0x000005e8   Section        0  iusefp.o(.text)
    .text                                    0x0000066a   Section        0  depilogue.o(.text)
    .text                                    0x00000728   Section        0  dmul.o(.text)
    .text                                    0x000007f8   Section        0  ddiv.o(.text)
    .text                                    0x000008e8   Section        0  dfixul.o(.text)
    .text                                    0x00000928   Section       40  cdrcmple.o(.text)
    .text                                    0x00000950   Section       36  init.o(.text)
    i.AC_GetCurrent                          0x00000974   Section        0  ac_measurement.o(i.AC_GetCurrent)
    i.AC_Measurement_Init                    0x00000980   Section        0  ac_measurement.o(i.AC_Measurement_Init)
    i.ADC_BufEnSingleCh                      0x00000998   Section        0  cw32f003_adc.o(i.ADC_BufEnSingleCh)
    i.ADC_DeInit                             0x000009dc   Section        0  cw32f003_adc.o(i.ADC_DeInit)
    i.ADC_Driver_Init                        0x000009fc   Section        0  adc_driver.o(i.ADC_Driver_Init)
    i.ADC_Enable                             0x00000a88   Section        0  cw32f003_adc.o(i.ADC_Enable)
    i.ADC_GetITStatus                        0x00000aa8   Section        0  cw32f003_adc.o(i.ADC_GetITStatus)
    i.ADC_IRQHandler                         0x00000ac0   Section        0  interrupts_cw32f003.o(i.ADC_IRQHandler)
    i.ADC_Init                               0x00000ac4   Section        0  cw32f003_adc.o(i.ADC_Init)
    i.ADC_SingleChCommon                     0x00000b48   Section        0  cw32f003_adc.o(i.ADC_SingleChCommon)
    i.ADC_SingleChOneModeCfg                 0x00000b88   Section        0  cw32f003_adc.o(i.ADC_SingleChOneModeCfg)
    i.ADC_WdtConfig                          0x00000ba4   Section        0  cw32f003_adc.o(i.ADC_WdtConfig)
    i.ADC_WdtInit                            0x00000bf8   Section        0  cw32f003_adc.o(i.ADC_WdtInit)
    i.ATIM_ClearITPendingBit                 0x00000c14   Section        0  cw32f003_atim.o(i.ATIM_ClearITPendingBit)
    i.ATIM_Cmd                               0x00000c20   Section        0  cw32f003_atim.o(i.ATIM_Cmd)
    i.ATIM_CtrlPWMOutputs                    0x00000c38   Section        0  cw32f003_atim.o(i.ATIM_CtrlPWMOutputs)
    i.ATIM_GetITStatus                       0x00000c58   Section        0  cw32f003_atim.o(i.ATIM_GetITStatus)
    i.ATIM_IRQHandler                        0x00000c70   Section        0  interrupts_cw32f003.o(i.ATIM_IRQHandler)
    i.ATIM_Init                              0x00000c84   Section        0  cw32f003_atim.o(i.ATIM_Init)
    i.ATIM_OC2BInit                          0x00000cec   Section        0  cw32f003_atim.o(i.ATIM_OC2BInit)
    i.ATIM_SetCompare2B                      0x00000d40   Section        0  cw32f003_atim.o(i.ATIM_SetCompare2B)
    i.AWT_IRQHandler                         0x00000d4c   Section        0  interrupts_cw32f003.o(i.AWT_IRQHandler)
    i.BTIM1_IRQHandler                       0x00000d4e   Section        0  interrupts_cw32f003.o(i.BTIM1_IRQHandler)
    i.BTIM2_IRQHandler                       0x00000d50   Section        0  interrupts_cw32f003.o(i.BTIM2_IRQHandler)
    i.BTIM3_IRQHandler                       0x00000d52   Section        0  interrupts_cw32f003.o(i.BTIM3_IRQHandler)
    i.CP_ReadState                           0x00000d54   Section        0  cp_signal.o(i.CP_ReadState)
    i.CP_SetMaxCurrentPWM                    0x00000d60   Section        0  cp_signal.o(i.CP_SetMaxCurrentPWM)
    i.CP_Signal_Init                         0x00000db4   Section        0  cp_signal.o(i.CP_Signal_Init)
    i.Contactor_Close                        0x00000e28   Section        0  contactor_control.o(i.Contactor_Close)
    i.Contactor_Init                         0x00000e44   Section        0  contactor_control.o(i.Contactor_Init)
    i.Contactor_Open                         0x00000e60   Section        0  contactor_control.o(i.Contactor_Open)
    i.Error_Handler                          0x00000e7c   Section        0  main.o(i.Error_Handler)
    Error_Handler                            0x00000e7d   Thumb Code    10  main.o(i.Error_Handler)
    i.FLASHRAM_IRQHandler                    0x00000ebc   Section        0  interrupts_cw32f003.o(i.FLASHRAM_IRQHandler)
    i.FLASH_SetLatency                       0x00000ec0   Section        0  cw32f003_flash.o(i.FLASH_SetLatency)
    i.FirmwareDelay                          0x00000ee4   Section        0  system_cw32f003.o(i.FirmwareDelay)
    i.GPIOA_IRQHandler                       0x00000ef6   Section        0  interrupts_cw32f003.o(i.GPIOA_IRQHandler)
    i.GPIOB_IRQHandler                       0x00000ef8   Section        0  interrupts_cw32f003.o(i.GPIOB_IRQHandler)
    i.GPIOC_IRQHandler                       0x00000efa   Section        0  interrupts_cw32f003.o(i.GPIOC_IRQHandler)
    i.GPIO_Init                              0x00000efc   Section        0  cw32f003_gpio.o(i.GPIO_Init)
    i.GPIO_WritePin                          0x00000fde   Section        0  cw32f003_gpio.o(i.GPIO_WritePin)
    i.GTIM_IRQHandler                        0x00000fea   Section        0  interrupts_cw32f003.o(i.GTIM_IRQHandler)
    i.HardFault_Handler                      0x00000fec   Section        0  interrupts_cw32f003.o(i.HardFault_Handler)
    i.I2C_AcknowledgeConfig                  0x00000ff0   Section        0  cw32f003_i2c.o(i.I2C_AcknowledgeConfig)
    i.I2C_BaudGeneratorEnable                0x00001018   Section        0  cw32f003_i2c.o(i.I2C_BaudGeneratorEnable)
    i.I2C_ClearIrq                           0x00001040   Section        0  cw32f003_i2c.o(i.I2C_ClearIrq)
    i.I2C_Cmd                                0x00001054   Section        0  cw32f003_i2c.o(i.I2C_Cmd)
    i.I2C_DeInit                             0x0000107c   Section        0  cw32f003_i2c.o(i.I2C_DeInit)
    i.I2C_FilterConfig                       0x000010a8   Section        0  cw32f003_i2c.o(i.I2C_FilterConfig)
    i.I2C_GenerateSTART                      0x000010d0   Section        0  cw32f003_i2c.o(i.I2C_GenerateSTART)
    i.I2C_GenerateSTOP                       0x00001134   Section        0  cw32f003_i2c.o(i.I2C_GenerateSTOP)
    i.I2C_GetIrq                             0x0000115c   Section        0  cw32f003_i2c.o(i.I2C_GetIrq)
    i.I2C_GetState                           0x0000116c   Section        0  cw32f003_i2c.o(i.I2C_GetState)
    i.I2C_IRQHandler                         0x00001178   Section        0  interrupts_cw32f003.o(i.I2C_IRQHandler)
    i.I2C_Master_Init                        0x0000117a   Section        0  cw32f003_i2c.o(i.I2C_Master_Init)
    i.I2C_Send7bitAddress                    0x000011a4   Section        0  cw32f003_i2c.o(i.I2C_Send7bitAddress)
    i.I2C_SendData                           0x000011bc   Section        0  cw32f003_i2c.o(i.I2C_SendData)
    i.I2C_SetBaud                            0x000011c8   Section        0  cw32f003_i2c.o(i.I2C_SetBaud)
    i.IWDT_Cmd                               0x000011d4   Section        0  cw32f003_iwdt.o(i.IWDT_Cmd)
    i.IWDT_Init                              0x000011e4   Section        0  cw32f003_iwdt.o(i.IWDT_Init)
    i.IWDT_Refresh                           0x00001248   Section        0  cw32f003_iwdt.o(i.IWDT_Refresh)
    i.IWDT_Unlock                            0x00001258   Section        0  cw32f003_iwdt.o(i.IWDT_Unlock)
    i.LVD_IRQHandler                         0x00001268   Section        0  interrupts_cw32f003.o(i.LVD_IRQHandler)
    i.NMI_Handler                            0x0000126a   Section        0  interrupts_cw32f003.o(i.NMI_Handler)
    i.OLED_Clear                             0x0000126c   Section        0  oled_driver.o(i.OLED_Clear)
    i.OLED_Init                              0x00001298   Section        0  oled_driver.o(i.OLED_Init)
    i.OLED_SetCursor                         0x000013bc   Section        0  oled_driver.o(i.OLED_SetCursor)
    i.OLED_ShowChar                          0x000013e8   Section        0  oled_driver.o(i.OLED_ShowChar)
    i.OLED_ShowString                        0x00001480   Section        0  oled_driver.o(i.OLED_ShowString)
    i.OLED_WriteBytes                        0x000014f0   Section        0  oled_driver.o(i.OLED_WriteBytes)
    i.OLED_WriteCommand                      0x000015d8   Section        0  oled_driver.o(i.OLED_WriteCommand)
    i.OLED_WriteData                         0x000015e6   Section        0  oled_driver.o(i.OLED_WriteData)
    i.PP_GetCableCapacity                    0x000015f4   Section        0  pp_signal.o(i.PP_GetCableCapacity)
    i.PP_Signal_Init                         0x00001600   Section        0  pp_signal.o(i.PP_Signal_Init)
    i.PWM_Driver_Init                        0x00001618   Section        0  pwm_driver.o(i.PWM_Driver_Init)
    i.PWM_Set_DutyCycle                      0x00001798   Section        0  pwm_driver.o(i.PWM_Set_DutyCycle)
    i.PWM_Start                              0x000017d4   Section        0  pwm_driver.o(i.PWM_Start)
    i.PendSV_Handler                         0x000017de   Section        0  interrupts_cw32f003.o(i.PendSV_Handler)
    i.RCC_AHBPeriphClk_Enable                0x000017e0   Section        0  cw32f003_rcc.o(i.RCC_AHBPeriphClk_Enable)
    i.RCC_APBPeriphClk_Enable1               0x00001800   Section        0  cw32f003_rcc.o(i.RCC_APBPeriphClk_Enable1)
    i.RCC_APBPeriphClk_Enable2               0x00001820   Section        0  cw32f003_rcc.o(i.RCC_APBPeriphClk_Enable2)
    i.RCC_GetStableFlag                      0x00001840   Section        0  cw32f003_rcc.o(i.RCC_GetStableFlag)
    i.RCC_HSI_Enable                         0x00001858   Section        0  cw32f003_rcc.o(i.RCC_HSI_Enable)
    i.RCC_SysClk_Switch                      0x00001890   Section        0  cw32f003_rcc.o(i.RCC_SysClk_Switch)
    i.RCC_Sysctrl_GetHClkFreq                0x000018d0   Section        0  cw32f003_rcc.o(i.RCC_Sysctrl_GetHClkFreq)
    i.RCC_Sysctrl_GetPClkFreq                0x00001948   Section        0  cw32f003_rcc.o(i.RCC_Sysctrl_GetPClkFreq)
    i.RCC_SystemCoreClockUpdate              0x00001968   Section        0  cw32f003_rcc.o(i.RCC_SystemCoreClockUpdate)
    i.RingBuffer_Get                         0x00001974   Section        0  uart_driver.o(i.RingBuffer_Get)
    RingBuffer_Get                           0x00001975   Thumb Code    72  uart_driver.o(i.RingBuffer_Get)
    i.RingBuffer_Init                        0x000019bc   Section        0  uart_driver.o(i.RingBuffer_Init)
    RingBuffer_Init                          0x000019bd   Thumb Code    16  uart_driver.o(i.RingBuffer_Init)
    i.RingBuffer_IsEmpty                     0x000019cc   Section        0  uart_driver.o(i.RingBuffer_IsEmpty)
    RingBuffer_IsEmpty                       0x000019cd   Thumb Code    18  uart_driver.o(i.RingBuffer_IsEmpty)
    i.RingBuffer_IsFull                      0x000019de   Section        0  uart_driver.o(i.RingBuffer_IsFull)
    RingBuffer_IsFull                        0x000019df   Thumb Code    18  uart_driver.o(i.RingBuffer_IsFull)
    i.RingBuffer_Put                         0x000019f0   Section        0  uart_driver.o(i.RingBuffer_Put)
    RingBuffer_Put                           0x000019f1   Thumb Code    70  uart_driver.o(i.RingBuffer_Put)
    i.SM_GetCurrentState                     0x00001a38   Section        0  charging_sm.o(i.SM_GetCurrentState)
    i.SM_Init                                0x00001a44   Section        0  charging_sm.o(i.SM_Init)
    i.SM_RunStateMachine                     0x00001aa8   Section        0  charging_sm.o(i.SM_RunStateMachine)
    i.SPI_IRQHandler                         0x00001eb4   Section        0  interrupts_cw32f003.o(i.SPI_IRQHandler)
    i.SVC_Handler                            0x00001eb6   Section        0  interrupts_cw32f003.o(i.SVC_Handler)
    i.SYSCTRL_IRQHandler                     0x00001eb8   Section        0  interrupts_cw32f003.o(i.SYSCTRL_IRQHandler)
    i.SysTick_Handler                        0x00001eba   Section        0  interrupts_cw32f003.o(i.SysTick_Handler)
    i.SystemCoreClockUpdate                  0x00001ebc   Section        0  system_cw32f003.o(i.SystemCoreClockUpdate)
    i.SystemInit                             0x00001f28   Section        0  system_cw32f003.o(i.SystemInit)
    i.System_Init                            0x00001f84   Section        0  main.o(i.System_Init)
    System_Init                              0x00001f85   Thumb Code   144  main.o(i.System_Init)
    i.UART1_IRQHandler                       0x000020ac   Section        0  interrupts_cw32f003.o(i.UART1_IRQHandler)
    i.UART2_IRQHandler                       0x000020d4   Section        0  interrupts_cw32f003.o(i.UART2_IRQHandler)
    i.UART_Driver_Handle_RC                  0x000020d8   Section        0  uart_driver.o(i.UART_Driver_Handle_RC)
    i.UART_Driver_Handle_TXE                 0x0000210c   Section        0  uart_driver.o(i.UART_Driver_Handle_TXE)
    i.UART_Driver_Init                       0x0000213c   Section        0  uart_driver.o(i.UART_Driver_Init)
    i.UI_Display_Init                        0x00002234   Section        0  ui_display.o(i.UI_Display_Init)
    i.UI_UpdateDisplay                       0x0000223c   Section        0  ui_display.o(i.UI_UpdateDisplay)
    i.USART_ClearITPendingBit                0x0000239c   Section        0  cw32f003_uart.o(i.USART_ClearITPendingBit)
    i.USART_GetFlagStatus                    0x000023a4   Section        0  cw32f003_uart.o(i.USART_GetFlagStatus)
    i.USART_GetITStatus                      0x000023b6   Section        0  cw32f003_uart.o(i.USART_GetITStatus)
    i.USART_ITConfig                         0x000023c8   Section        0  cw32f003_uart.o(i.USART_ITConfig)
    i.USART_Init                             0x000023e4   Section        0  cw32f003_uart.o(i.USART_Init)
    i.USART_ReceiveData_8bit                 0x00002558   Section        0  cw32f003_uart.o(i.USART_ReceiveData_8bit)
    i.USART_SendData_8bit                    0x00002560   Section        0  cw32f003_uart.o(i.USART_SendData_8bit)
    i.VC1_IRQHandler                         0x00002564   Section        0  interrupts_cw32f003.o(i.VC1_IRQHandler)
    i.VC2_IRQHandler                         0x00002566   Section        0  interrupts_cw32f003.o(i.VC2_IRQHandler)
    i.WDT_IRQHandler                         0x00002568   Section        0  interrupts_cw32f003.o(i.WDT_IRQHandler)
    i.__0printf                              0x0000256c   Section        0  printfa.o(i.__0printf)
    i.__0sprintf                             0x0000258c   Section        0  printfa.o(i.__0sprintf)
    i.__ARM_clz                              0x000025b4   Section        0  depilogue.o(i.__ARM_clz)
    i.__ARM_common_switch8                   0x000025e2   Section        0  charging_sm.o(i.__ARM_common_switch8)
    i.__NVIC_SetPriority                     0x00002600   Section        0  uart_driver.o(i.__NVIC_SetPriority)
    __NVIC_SetPriority                       0x00002601   Thumb Code   110  uart_driver.o(i.__NVIC_SetPriority)
    i.__scatterload_copy                     0x00002678   Section       14  handlers.o(i.__scatterload_copy)
    i.__scatterload_null                     0x00002686   Section        2  handlers.o(i.__scatterload_null)
    i.__scatterload_zeroinit                 0x00002688   Section       14  handlers.o(i.__scatterload_zeroinit)
    i._fp_digits                             0x00002698   Section        0  printfa.o(i._fp_digits)
    _fp_digits                               0x00002699   Thumb Code   344  printfa.o(i._fp_digits)
    i._printf_core                           0x0000280c   Section        0  printfa.o(i._printf_core)
    _printf_core                             0x0000280d   Thumb Code  1754  printfa.o(i._printf_core)
    i._printf_post_padding                   0x00002ef8   Section        0  printfa.o(i._printf_post_padding)
    _printf_post_padding                     0x00002ef9   Thumb Code    32  printfa.o(i._printf_post_padding)
    i._printf_pre_padding                    0x00002f18   Section        0  printfa.o(i._printf_pre_padding)
    _printf_pre_padding                      0x00002f19   Thumb Code    44  printfa.o(i._printf_pre_padding)
    i._sputc                                 0x00002f44   Section        0  printfa.o(i._sputc)
    _sputc                                   0x00002f45   Thumb Code    10  printfa.o(i._sputc)
    i.fputc                                  0x00002f50   Section        0  uart_driver.o(i.fputc)
    i.main                                   0x00002f94   Section        0  main.o(i.main)
    .constdata                               0x00002fdc   Section     2072  oled_driver.o(.constdata)
    .constdata                               0x000037f4   Section       40  ui_display.o(.constdata)
    .constdata                               0x0000381c   Section       64  cw32f003_rcc.o(.constdata)
    .data                                    0x20000000   Section        5  pwm_driver.o(.data)
    pwm_frequency                            0x20000000   Data           4  pwm_driver.o(.data)
    pwm_duty_cycle                           0x20000004   Data           1  pwm_driver.o(.data)
    .data                                    0x20000008   Section        4  ac_measurement.o(.data)
    simulated_current                        0x20000008   Data           4  ac_measurement.o(.data)
    .data                                    0x2000000c   Section        5  charging_sm.o(.data)
    current_state                            0x2000000c   Data           1  charging_sm.o(.data)
    cable_capacity_amps                      0x2000000e   Data           2  charging_sm.o(.data)
    max_charging_current_amps                0x20000010   Data           1  charging_sm.o(.data)
    .data                                    0x20000011   Section        1  contactor_control.o(.data)
    contactor_is_closed                      0x20000011   Data           1  contactor_control.o(.data)
    .data                                    0x20000012   Section        1  cp_signal.o(.data)
    simulated_state                          0x20000012   Data           1  cp_signal.o(.data)
    .data                                    0x20000014   Section        2  pp_signal.o(.data)
    simulated_capacity                       0x20000014   Data           2  pp_signal.o(.data)
    .data                                    0x20000018   Section        4  system_cw32f003.o(.data)
    .data                                    0x2000001c   Section        4  stdout.o(.data)
    .bss                                     0x20000020   Section      140  uart_driver.o(.bss)
    tx_buffer                                0x20000020   Data          70  uart_driver.o(.bss)
    rx_buffer                                0x20000066   Data          70  uart_driver.o(.bss)
    STACK                                    0x200000b0   Section      512  startup_cw32f003.o(STACK)

    Global Symbols

    Symbol Name                              Value     Ov Type        Size  Object(Section)

    BuildAttributes$$THM_ISAv3M$S$PE$A:L22$X:L11$S22$IEEE1$IW$USESV6$~STKCKD$USESV7$~SHL$OTIME$ROPI$EBA8$MICROLIB$REQ8$PRES8$EABIv2 0x00000000   Number         0  anon$$obj.o ABSOLUTE
    __ARM_use_no_argv                        0x00000000   Number         0  main.o ABSOLUTE
    __Vectors                                0x00000000   Data           0  startup_cw32f003.o(RESET)
    _printf_a                                0x00000000   Number         0  stubs.o ABSOLUTE
    _printf_c                                0x00000000   Number         0  stubs.o ABSOLUTE
    _printf_charcount                        0x00000000   Number         0  stubs.o ABSOLUTE
    _printf_d                                0x00000000   Number         0  stubs.o ABSOLUTE
    _printf_e                                0x00000000   Number         0  stubs.o ABSOLUTE
    _printf_f                                0x00000000   Number         0  stubs.o ABSOLUTE
    _printf_flags                            0x00000000   Number         0  stubs.o ABSOLUTE
    _printf_fp_dec                           0x00000000   Number         0  stubs.o ABSOLUTE
    _printf_fp_hex                           0x00000000   Number         0  stubs.o ABSOLUTE
    _printf_g                                0x00000000   Number         0  stubs.o ABSOLUTE
    _printf_i                                0x00000000   Number         0  stubs.o ABSOLUTE
    _printf_int_dec                          0x00000000   Number         0  stubs.o ABSOLUTE
    _printf_l                                0x00000000   Number         0  stubs.o ABSOLUTE
    _printf_lc                               0x00000000   Number         0  stubs.o ABSOLUTE
    _printf_ll                               0x00000000   Number         0  stubs.o ABSOLUTE
    _printf_lld                              0x00000000   Number         0  stubs.o ABSOLUTE
    _printf_lli                              0x00000000   Number         0  stubs.o ABSOLUTE
    _printf_llo                              0x00000000   Number         0  stubs.o ABSOLUTE
    _printf_llu                              0x00000000   Number         0  stubs.o ABSOLUTE
    _printf_llx                              0x00000000   Number         0  stubs.o ABSOLUTE
    _printf_longlong_dec                     0x00000000   Number         0  stubs.o ABSOLUTE
    _printf_longlong_hex                     0x00000000   Number         0  stubs.o ABSOLUTE
    _printf_longlong_oct                     0x00000000   Number         0  stubs.o ABSOLUTE
    _printf_ls                               0x00000000   Number         0  stubs.o ABSOLUTE
    _printf_mbtowc                           0x00000000   Number         0  stubs.o ABSOLUTE
    _printf_n                                0x00000000   Number         0  stubs.o ABSOLUTE
    _printf_o                                0x00000000   Number         0  stubs.o ABSOLUTE
    _printf_p                                0x00000000   Number         0  stubs.o ABSOLUTE
    _printf_percent                          0x00000000   Number         0  stubs.o ABSOLUTE
    _printf_pre_padding                      0x00000000   Number         0  stubs.o ABSOLUTE
    _printf_return_value                     0x00000000   Number         0  stubs.o ABSOLUTE
    _printf_s                                0x00000000   Number         0  stubs.o ABSOLUTE
    _printf_sizespec                         0x00000000   Number         0  stubs.o ABSOLUTE
    _printf_str                              0x00000000   Number         0  stubs.o ABSOLUTE
    _printf_truncate_signed                  0x00000000   Number         0  stubs.o ABSOLUTE
    _printf_truncate_unsigned                0x00000000   Number         0  stubs.o ABSOLUTE
    _printf_u                                0x00000000   Number         0  stubs.o ABSOLUTE
    _printf_wc                               0x00000000   Number         0  stubs.o ABSOLUTE
    _printf_wctomb                           0x00000000   Number         0  stubs.o ABSOLUTE
    _printf_widthprec                        0x00000000   Number         0  stubs.o ABSOLUTE
    _printf_x                                0x00000000   Number         0  stubs.o ABSOLUTE
    __cpp_initialize__aeabi_                  - Undefined Weak Reference
    __cxa_finalize                            - Undefined Weak Reference
    __decompress                              - Undefined Weak Reference
    _clock_init                               - Undefined Weak Reference
    _microlib_exit                            - Undefined Weak Reference
    __Vectors_End                            0x000000c0   Data           0  startup_cw32f003.o(RESET)
    __Vectors_Size                           0x000000c0   Number         0  startup_cw32f003.o ABSOLUTE
    __main                                   0x000000c1   Thumb Code     0  entry.o(.ARM.Collect$$$$00000000)
    _main_stk                                0x000000c1   Thumb Code     0  entry2.o(.ARM.Collect$$$$00000001)
    _main_scatterload                        0x000000c5   Thumb Code     0  entry5.o(.ARM.Collect$$$$00000004)
    __main_after_scatterload                 0x000000c9   Thumb Code     0  entry5.o(.ARM.Collect$$$$00000004)
    _main_clock                              0x000000c9   Thumb Code     0  entry7b.o(.ARM.Collect$$$$00000008)
    _main_cpp_init                           0x000000c9   Thumb Code     0  entry8b.o(.ARM.Collect$$$$0000000A)
    _main_init                               0x000000c9   Thumb Code     0  entry9a.o(.ARM.Collect$$$$0000000B)
    __rt_final_cpp                           0x000000d1   Thumb Code     0  entry10a.o(.ARM.Collect$$$$0000000D)
    __rt_final_exit                          0x000000d1   Thumb Code     0  entry11a.o(.ARM.Collect$$$$0000000F)
    Reset_Handler                            0x000000d5   Thumb Code    26  startup_cw32f003.o(.text)
    __aeabi_uidiv                            0x00000111   Thumb Code     0  uidiv.o(.text)
    __aeabi_uidivmod                         0x00000111   Thumb Code    44  uidiv.o(.text)
    __aeabi_memcpy                           0x0000013d   Thumb Code    36  memcpya.o(.text)
    __aeabi_memcpy4                          0x0000013d   Thumb Code     0  memcpya.o(.text)
    __aeabi_memcpy8                          0x0000013d   Thumb Code     0  memcpya.o(.text)
    strcat                                   0x00000161   Thumb Code    24  strcat.o(.text)
    __aeabi_fadd                             0x00000179   Thumb Code   162  fadd.o(.text)
    __aeabi_fsub                             0x0000021b   Thumb Code     8  fadd.o(.text)
    __aeabi_frsub                            0x00000223   Thumb Code     8  fadd.o(.text)
    __aeabi_fmul                             0x0000022b   Thumb Code   122  fmul.o(.text)
    __aeabi_fdiv                             0x000002a5   Thumb Code   124  fdiv.o(.text)
    __aeabi_dadd                             0x00000321   Thumb Code   328  dadd.o(.text)
    __aeabi_dsub                             0x00000469   Thumb Code    12  dadd.o(.text)
    __aeabi_drsub                            0x00000475   Thumb Code    12  dadd.o(.text)
    __aeabi_ui2f                             0x00000485   Thumb Code    14  ffltui.o(.text)
    __aeabi_f2uiz                            0x00000493   Thumb Code    40  ffixui.o(.text)
    __aeabi_d2uiz                            0x000004bd   Thumb Code    50  dfixui.o(.text)
    __aeabi_f2d                              0x000004f9   Thumb Code    40  f2d.o(.text)
    __aeabi_uldivmod                         0x00000521   Thumb Code    96  uldiv.o(.text)
    __aeabi_llsl                             0x00000581   Thumb Code    32  llshl.o(.text)
    _ll_shift_l                              0x00000581   Thumb Code     0  llshl.o(.text)
    __aeabi_llsr                             0x000005a1   Thumb Code    34  llushr.o(.text)
    _ll_ushift_r                             0x000005a1   Thumb Code     0  llushr.o(.text)
    __aeabi_lasr                             0x000005c3   Thumb Code    38  llsshr.o(.text)
    _ll_sshift_r                             0x000005c3   Thumb Code     0  llsshr.o(.text)
    __I$use$fp                               0x000005e9   Thumb Code     0  iusefp.o(.text)
    _float_round                             0x000005e9   Thumb Code    16  fepilogue.o(.text)
    _float_epilogue                          0x000005f9   Thumb Code   114  fepilogue.o(.text)
    _double_round                            0x0000066b   Thumb Code    26  depilogue.o(.text)
    _double_epilogue                         0x00000685   Thumb Code   164  depilogue.o(.text)
    __aeabi_dmul                             0x00000729   Thumb Code   202  dmul.o(.text)
    __aeabi_ddiv                             0x000007f9   Thumb Code   234  ddiv.o(.text)
    __aeabi_d2ulz                            0x000008e9   Thumb Code    54  dfixul.o(.text)
    __aeabi_cdrcmple                         0x00000929   Thumb Code    38  cdrcmple.o(.text)
    __scatterload                            0x00000951   Thumb Code    28  init.o(.text)
    __scatterload_rt2                        0x00000951   Thumb Code     0  init.o(.text)
    AC_GetCurrent                            0x00000975   Thumb Code     6  ac_measurement.o(i.AC_GetCurrent)
    AC_Measurement_Init                      0x00000981   Thumb Code    22  ac_measurement.o(i.AC_Measurement_Init)
    ADC_BufEnSingleCh                        0x00000999   Thumb Code    62  cw32f003_adc.o(i.ADC_BufEnSingleCh)
    ADC_DeInit                               0x000009dd   Thumb Code    26  cw32f003_adc.o(i.ADC_DeInit)
    ADC_Driver_Init                          0x000009fd   Thumb Code   104  adc_driver.o(i.ADC_Driver_Init)
    ADC_Enable                               0x00000a89   Thumb Code    28  cw32f003_adc.o(i.ADC_Enable)
    ADC_GetITStatus                          0x00000aa9   Thumb Code    20  cw32f003_adc.o(i.ADC_GetITStatus)
    ADC_IRQHandler                           0x00000ac1   Thumb Code     2  interrupts_cw32f003.o(i.ADC_IRQHandler)
    ADC_Init                                 0x00000ac5   Thumb Code   116  cw32f003_adc.o(i.ADC_Init)
    ADC_SingleChCommon                       0x00000b49   Thumb Code    58  cw32f003_adc.o(i.ADC_SingleChCommon)
    ADC_SingleChOneModeCfg                   0x00000b89   Thumb Code    24  cw32f003_adc.o(i.ADC_SingleChOneModeCfg)
    ADC_WdtConfig                            0x00000ba5   Thumb Code    78  cw32f003_adc.o(i.ADC_WdtConfig)
    ADC_WdtInit                              0x00000bf9   Thumb Code    22  cw32f003_adc.o(i.ADC_WdtInit)
    ATIM_ClearITPendingBit                   0x00000c15   Thumb Code     8  cw32f003_atim.o(i.ATIM_ClearITPendingBit)
    ATIM_Cmd                                 0x00000c21   Thumb Code    20  cw32f003_atim.o(i.ATIM_Cmd)
    ATIM_CtrlPWMOutputs                      0x00000c39   Thumb Code    26  cw32f003_atim.o(i.ATIM_CtrlPWMOutputs)
    ATIM_GetITStatus                         0x00000c59   Thumb Code    20  cw32f003_atim.o(i.ATIM_GetITStatus)
    ATIM_IRQHandler                          0x00000c71   Thumb Code    20  interrupts_cw32f003.o(i.ATIM_IRQHandler)
    ATIM_Init                                0x00000c85   Thumb Code    94  cw32f003_atim.o(i.ATIM_Init)
    ATIM_OC2BInit                            0x00000ced   Thumb Code    78  cw32f003_atim.o(i.ATIM_OC2BInit)
    ATIM_SetCompare2B                        0x00000d41   Thumb Code     6  cw32f003_atim.o(i.ATIM_SetCompare2B)
    AWT_IRQHandler                           0x00000d4d   Thumb Code     2  interrupts_cw32f003.o(i.AWT_IRQHandler)
    BTIM1_IRQHandler                         0x00000d4f   Thumb Code     2  interrupts_cw32f003.o(i.BTIM1_IRQHandler)
    BTIM2_IRQHandler                         0x00000d51   Thumb Code     2  interrupts_cw32f003.o(i.BTIM2_IRQHandler)
    BTIM3_IRQHandler                         0x00000d53   Thumb Code     2  interrupts_cw32f003.o(i.BTIM3_IRQHandler)
    CP_ReadState                             0x00000d55   Thumb Code     6  cp_signal.o(i.CP_ReadState)
    CP_SetMaxCurrentPWM                      0x00000d61   Thumb Code    80  cp_signal.o(i.CP_SetMaxCurrentPWM)
    CP_Signal_Init                           0x00000db5   Thumb Code    82  cp_signal.o(i.CP_Signal_Init)
    Contactor_Close                          0x00000e29   Thumb Code    20  contactor_control.o(i.Contactor_Close)
    Contactor_Init                           0x00000e45   Thumb Code    24  contactor_control.o(i.Contactor_Init)
    Contactor_Open                           0x00000e61   Thumb Code    20  contactor_control.o(i.Contactor_Open)
    FLASHRAM_IRQHandler                      0x00000ebd   Thumb Code     2  interrupts_cw32f003.o(i.FLASHRAM_IRQHandler)
    FLASH_SetLatency                         0x00000ec1   Thumb Code    24  cw32f003_flash.o(i.FLASH_SetLatency)
    FirmwareDelay                            0x00000ee5   Thumb Code    18  system_cw32f003.o(i.FirmwareDelay)
    GPIOA_IRQHandler                         0x00000ef7   Thumb Code     2  interrupts_cw32f003.o(i.GPIOA_IRQHandler)
    GPIOB_IRQHandler                         0x00000ef9   Thumb Code     2  interrupts_cw32f003.o(i.GPIOB_IRQHandler)
    GPIOC_IRQHandler                         0x00000efb   Thumb Code     2  interrupts_cw32f003.o(i.GPIOC_IRQHandler)
    GPIO_Init                                0x00000efd   Thumb Code   226  cw32f003_gpio.o(i.GPIO_Init)
    GPIO_WritePin                            0x00000fdf   Thumb Code    12  cw32f003_gpio.o(i.GPIO_WritePin)
    GTIM_IRQHandler                          0x00000feb   Thumb Code     2  interrupts_cw32f003.o(i.GTIM_IRQHandler)
    HardFault_Handler                        0x00000fed   Thumb Code     4  interrupts_cw32f003.o(i.HardFault_Handler)
    I2C_AcknowledgeConfig                    0x00000ff1   Thumb Code    34  cw32f003_i2c.o(i.I2C_AcknowledgeConfig)
    I2C_BaudGeneratorEnable                  0x00001019   Thumb Code    34  cw32f003_i2c.o(i.I2C_BaudGeneratorEnable)
    I2C_ClearIrq                             0x00001041   Thumb Code    14  cw32f003_i2c.o(i.I2C_ClearIrq)
    I2C_Cmd                                  0x00001055   Thumb Code    34  cw32f003_i2c.o(i.I2C_Cmd)
    I2C_DeInit                               0x0000107d   Thumb Code    36  cw32f003_i2c.o(i.I2C_DeInit)
    I2C_FilterConfig                         0x000010a9   Thumb Code    34  cw32f003_i2c.o(i.I2C_FilterConfig)
    I2C_GenerateSTART                        0x000010d1   Thumb Code    96  cw32f003_i2c.o(i.I2C_GenerateSTART)
    I2C_GenerateSTOP                         0x00001135   Thumb Code    34  cw32f003_i2c.o(i.I2C_GenerateSTOP)
    I2C_GetIrq                               0x0000115d   Thumb Code    12  cw32f003_i2c.o(i.I2C_GetIrq)
    I2C_GetState                             0x0000116d   Thumb Code     8  cw32f003_i2c.o(i.I2C_GetState)
    I2C_IRQHandler                           0x00001179   Thumb Code     2  interrupts_cw32f003.o(i.I2C_IRQHandler)
    I2C_Master_Init                          0x0000117b   Thumb Code    42  cw32f003_i2c.o(i.I2C_Master_Init)
    I2C_Send7bitAddress                      0x000011a5   Thumb Code    20  cw32f003_i2c.o(i.I2C_Send7bitAddress)
    I2C_SendData                             0x000011bd   Thumb Code     6  cw32f003_i2c.o(i.I2C_SendData)
    I2C_SetBaud                              0x000011c9   Thumb Code     6  cw32f003_i2c.o(i.I2C_SetBaud)
    IWDT_Cmd                                 0x000011d5   Thumb Code     8  cw32f003_iwdt.o(i.IWDT_Cmd)
    IWDT_Init                                0x000011e5   Thumb Code    82  cw32f003_iwdt.o(i.IWDT_Init)
    IWDT_Refresh                             0x00001249   Thumb Code     8  cw32f003_iwdt.o(i.IWDT_Refresh)
    IWDT_Unlock                              0x00001259   Thumb Code     8  cw32f003_iwdt.o(i.IWDT_Unlock)
    LVD_IRQHandler                           0x00001269   Thumb Code     2  interrupts_cw32f003.o(i.LVD_IRQHandler)
    NMI_Handler                              0x0000126b   Thumb Code     2  interrupts_cw32f003.o(i.NMI_Handler)
    OLED_Clear                               0x0000126d   Thumb Code    42  oled_driver.o(i.OLED_Clear)
    OLED_Init                                0x00001299   Thumb Code   280  oled_driver.o(i.OLED_Init)
    OLED_SetCursor                           0x000013bd   Thumb Code    44  oled_driver.o(i.OLED_SetCursor)
    OLED_ShowChar                            0x000013e9   Thumb Code   142  oled_driver.o(i.OLED_ShowChar)
    OLED_ShowString                          0x00001481   Thumb Code   110  oled_driver.o(i.OLED_ShowString)
    OLED_WriteBytes                          0x000014f1   Thumb Code   228  oled_driver.o(i.OLED_WriteBytes)
    OLED_WriteCommand                        0x000015d9   Thumb Code    14  oled_driver.o(i.OLED_WriteCommand)
    OLED_WriteData                           0x000015e7   Thumb Code    14  oled_driver.o(i.OLED_WriteData)
    PP_GetCableCapacity                      0x000015f5   Thumb Code     6  pp_signal.o(i.PP_GetCableCapacity)
    PP_Signal_Init                           0x00001601   Thumb Code    22  pp_signal.o(i.PP_Signal_Init)
    PWM_Driver_Init                          0x00001619   Thumb Code   366  pwm_driver.o(i.PWM_Driver_Init)
    PWM_Set_DutyCycle                        0x00001799   Thumb Code    50  pwm_driver.o(i.PWM_Set_DutyCycle)
    PWM_Start                                0x000017d5   Thumb Code    10  pwm_driver.o(i.PWM_Start)
    PendSV_Handler                           0x000017df   Thumb Code     2  interrupts_cw32f003.o(i.PendSV_Handler)
    RCC_AHBPeriphClk_Enable                  0x000017e1   Thumb Code    28  cw32f003_rcc.o(i.RCC_AHBPeriphClk_Enable)
    RCC_APBPeriphClk_Enable1                 0x00001801   Thumb Code    28  cw32f003_rcc.o(i.RCC_APBPeriphClk_Enable1)
    RCC_APBPeriphClk_Enable2                 0x00001821   Thumb Code    28  cw32f003_rcc.o(i.RCC_APBPeriphClk_Enable2)
    RCC_GetStableFlag                        0x00001841   Thumb Code    20  cw32f003_rcc.o(i.RCC_GetStableFlag)
    RCC_HSI_Enable                           0x00001859   Thumb Code    42  cw32f003_rcc.o(i.RCC_HSI_Enable)
    RCC_SysClk_Switch                        0x00001891   Thumb Code    54  cw32f003_rcc.o(i.RCC_SysClk_Switch)
    RCC_Sysctrl_GetHClkFreq                  0x000018d1   Thumb Code    98  cw32f003_rcc.o(i.RCC_Sysctrl_GetHClkFreq)
    RCC_Sysctrl_GetPClkFreq                  0x00001949   Thumb Code    28  cw32f003_rcc.o(i.RCC_Sysctrl_GetPClkFreq)
    RCC_SystemCoreClockUpdate                0x00001969   Thumb Code     6  cw32f003_rcc.o(i.RCC_SystemCoreClockUpdate)
    SM_GetCurrentState                       0x00001a39   Thumb Code     6  charging_sm.o(i.SM_GetCurrentState)
    SM_Init                                  0x00001a45   Thumb Code    42  charging_sm.o(i.SM_Init)
    SM_RunStateMachine                       0x00001aa9   Thumb Code   382  charging_sm.o(i.SM_RunStateMachine)
    SPI_IRQHandler                           0x00001eb5   Thumb Code     2  interrupts_cw32f003.o(i.SPI_IRQHandler)
    SVC_Handler                              0x00001eb7   Thumb Code     2  interrupts_cw32f003.o(i.SVC_Handler)
    SYSCTRL_IRQHandler                       0x00001eb9   Thumb Code     2  interrupts_cw32f003.o(i.SYSCTRL_IRQHandler)
    SysTick_Handler                          0x00001ebb   Thumb Code     2  interrupts_cw32f003.o(i.SysTick_Handler)
    SystemCoreClockUpdate                    0x00001ebd   Thumb Code    86  system_cw32f003.o(i.SystemCoreClockUpdate)
    SystemInit                               0x00001f29   Thumb Code    82  system_cw32f003.o(i.SystemInit)
    UART1_IRQHandler                         0x000020ad   Thumb Code    36  interrupts_cw32f003.o(i.UART1_IRQHandler)
    UART2_IRQHandler                         0x000020d5   Thumb Code     2  interrupts_cw32f003.o(i.UART2_IRQHandler)
    UART_Driver_Handle_RC                    0x000020d9   Thumb Code    42  uart_driver.o(i.UART_Driver_Handle_RC)
    UART_Driver_Handle_TXE                   0x0000210d   Thumb Code    38  uart_driver.o(i.UART_Driver_Handle_TXE)
    UART_Driver_Init                         0x0000213d   Thumb Code   224  uart_driver.o(i.UART_Driver_Init)
    UI_Display_Init                          0x00002235   Thumb Code     8  ui_display.o(i.UI_Display_Init)
    UI_UpdateDisplay                         0x0000223d   Thumb Code   232  ui_display.o(i.UI_UpdateDisplay)
    USART_ClearITPendingBit                  0x0000239d   Thumb Code     8  cw32f003_uart.o(i.USART_ClearITPendingBit)
    USART_GetFlagStatus                      0x000023a5   Thumb Code    18  cw32f003_uart.o(i.USART_GetFlagStatus)
    USART_GetITStatus                        0x000023b7   Thumb Code    18  cw32f003_uart.o(i.USART_GetITStatus)
    USART_ITConfig                           0x000023c9   Thumb Code    26  cw32f003_uart.o(i.USART_ITConfig)
    USART_Init                               0x000023e5   Thumb Code   362  cw32f003_uart.o(i.USART_Init)
    USART_ReceiveData_8bit                   0x00002559   Thumb Code     8  cw32f003_uart.o(i.USART_ReceiveData_8bit)
    USART_SendData_8bit                      0x00002561   Thumb Code     4  cw32f003_uart.o(i.USART_SendData_8bit)
    VC1_IRQHandler                           0x00002565   Thumb Code     2  interrupts_cw32f003.o(i.VC1_IRQHandler)
    VC2_IRQHandler                           0x00002567   Thumb Code     2  interrupts_cw32f003.o(i.VC2_IRQHandler)
    WDT_IRQHandler                           0x00002569   Thumb Code     2  interrupts_cw32f003.o(i.WDT_IRQHandler)
    __0printf                                0x0000256d   Thumb Code    24  printfa.o(i.__0printf)
    __1printf                                0x0000256d   Thumb Code     0  printfa.o(i.__0printf)
    __2printf                                0x0000256d   Thumb Code     0  printfa.o(i.__0printf)
    __c89printf                              0x0000256d   Thumb Code     0  printfa.o(i.__0printf)
    printf                                   0x0000256d   Thumb Code     0  printfa.o(i.__0printf)
    __0sprintf                               0x0000258d   Thumb Code    36  printfa.o(i.__0sprintf)
    __1sprintf                               0x0000258d   Thumb Code     0  printfa.o(i.__0sprintf)
    __2sprintf                               0x0000258d   Thumb Code     0  printfa.o(i.__0sprintf)
    __c89sprintf                             0x0000258d   Thumb Code     0  printfa.o(i.__0sprintf)
    sprintf                                  0x0000258d   Thumb Code     0  printfa.o(i.__0sprintf)
    __ARM_clz                                0x000025b5   Thumb Code    46  depilogue.o(i.__ARM_clz)
    __ARM_common_switch8                     0x000025e3   Thumb Code    28  charging_sm.o(i.__ARM_common_switch8)
    __scatterload_copy                       0x00002679   Thumb Code    14  handlers.o(i.__scatterload_copy)
    __scatterload_null                       0x00002687   Thumb Code     2  handlers.o(i.__scatterload_null)
    __scatterload_zeroinit                   0x00002689   Thumb Code    14  handlers.o(i.__scatterload_zeroinit)
    fputc                                    0x00002f51   Thumb Code    58  uart_driver.o(i.fputc)
    main                                     0x00002f95   Thumb Code    64  main.o(i.main)
    F6x8                                     0x00002fdc   Data         552  oled_driver.o(.constdata)
    F8X16                                    0x00003204   Data        1520  oled_driver.o(.constdata)
    hsiprs_tbl                               0x0000381c   Data          64  cw32f003_rcc.o(.constdata)
    Region$$Table$$Base                      0x0000385c   Number         0  anon$$obj.o(Region$$Table)
    Region$$Table$$Limit                     0x0000387c   Number         0  anon$$obj.o(Region$$Table)
    SystemCoreClock                          0x20000018   Data           4  system_cw32f003.o(.data)
    __stdout                                 0x2000001c   Data           4  stdout.o(.data)
    __initial_sp                             0x200002b0   Data           0  startup_cw32f003.o(STACK)



==============================================================================

Memory Map of the image

  Image Entry point : 0x000000c1

  Load Region LR_IROM1 (Base: 0x00000000, Size: 0x0000389c, Max: 0x00005000, ABSOLUTE)

    Execution Region ER_IROM1 (Exec base: 0x00000000, Load base: 0x00000000, Size: 0x0000387c, Max: 0x00005000, ABSOLUTE)

    Exec Addr    Load Addr    Size         Type   Attr      Idx    E Section Name        Object

    0x00000000   0x00000000   0x000000c0   Data   RO            3    RESET               startup_cw32f003.o
    0x000000c0   0x000000c0   0x00000000   Code   RO         3505  * .ARM.Collect$$$$00000000  mc_p.l(entry.o)
    0x000000c0   0x000000c0   0x00000004   Code   RO         3795    .ARM.Collect$$$$00000001  mc_p.l(entry2.o)
    0x000000c4   0x000000c4   0x00000004   Code   RO         3798    .ARM.Collect$$$$00000004  mc_p.l(entry5.o)
    0x000000c8   0x000000c8   0x00000000   Code   RO         3800    .ARM.Collect$$$$00000008  mc_p.l(entry7b.o)
    0x000000c8   0x000000c8   0x00000000   Code   RO         3802    .ARM.Collect$$$$0000000A  mc_p.l(entry8b.o)
    0x000000c8   0x000000c8   0x00000008   Code   RO         3803    .ARM.Collect$$$$0000000B  mc_p.l(entry9a.o)
    0x000000d0   0x000000d0   0x00000000   Code   RO         3805    .ARM.Collect$$$$0000000D  mc_p.l(entry10a.o)
    0x000000d0   0x000000d0   0x00000000   Code   RO         3807    .ARM.Collect$$$$0000000F  mc_p.l(entry11a.o)
    0x000000d0   0x000000d0   0x00000004   Code   RO         3796    .ARM.Collect$$$$00002712  mc_p.l(entry2.o)
    0x000000d4   0x000000d4   0x0000003c   Code   RO            4    .text               startup_cw32f003.o
    0x00000110   0x00000110   0x0000002c   Code   RO         3508    .text               mc_p.l(uidiv.o)
    0x0000013c   0x0000013c   0x00000024   Code   RO         3510    .text               mc_p.l(memcpya.o)
    0x00000160   0x00000160   0x00000018   Code   RO         3512    .text               mc_p.l(strcat.o)
    0x00000178   0x00000178   0x000000b2   Code   RO         3777    .text               mf_p.l(fadd.o)
    0x0000022a   0x0000022a   0x0000007a   Code   RO         3779    .text               mf_p.l(fmul.o)
    0x000002a4   0x000002a4   0x0000007c   Code   RO         3781    .text               mf_p.l(fdiv.o)
    0x00000320   0x00000320   0x00000164   Code   RO         3783    .text               mf_p.l(dadd.o)
    0x00000484   0x00000484   0x0000000e   Code   RO         3787    .text               mf_p.l(ffltui.o)
    0x00000492   0x00000492   0x00000028   Code   RO         3789    .text               mf_p.l(ffixui.o)
    0x000004ba   0x000004ba   0x00000002   PAD
    0x000004bc   0x000004bc   0x0000003c   Code   RO         3791    .text               mf_p.l(dfixui.o)
    0x000004f8   0x000004f8   0x00000028   Code   RO         3793    .text               mf_p.l(f2d.o)
    0x00000520   0x00000520   0x00000060   Code   RO         3810    .text               mc_p.l(uldiv.o)
    0x00000580   0x00000580   0x00000020   Code   RO         3812    .text               mc_p.l(llshl.o)
    0x000005a0   0x000005a0   0x00000022   Code   RO         3814    .text               mc_p.l(llushr.o)
    0x000005c2   0x000005c2   0x00000026   Code   RO         3816    .text               mc_p.l(llsshr.o)
    0x000005e8   0x000005e8   0x00000000   Code   RO         3818    .text               mc_p.l(iusefp.o)
    0x000005e8   0x000005e8   0x00000082   Code   RO         3819    .text               mf_p.l(fepilogue.o)
    0x0000066a   0x0000066a   0x000000be   Code   RO         3821    .text               mf_p.l(depilogue.o)
    0x00000728   0x00000728   0x000000d0   Code   RO         3825    .text               mf_p.l(dmul.o)
    0x000007f8   0x000007f8   0x000000f0   Code   RO         3827    .text               mf_p.l(ddiv.o)
    0x000008e8   0x000008e8   0x00000040   Code   RO         3829    .text               mf_p.l(dfixul.o)
    0x00000928   0x00000928   0x00000028   Code   RO         3831    .text               mf_p.l(cdrcmple.o)
    0x00000950   0x00000950   0x00000024   Code   RO         3833    .text               mc_p.l(init.o)
    0x00000974   0x00000974   0x0000000c   Code   RO          607    i.AC_GetCurrent     ac_measurement.o
    0x00000980   0x00000980   0x00000016   Code   RO          608    i.AC_Measurement_Init  ac_measurement.o
    0x00000996   0x00000996   0x00000002   PAD
    0x00000998   0x00000998   0x00000044   Code   RO          811    i.ADC_BufEnSingleCh  cw32f003_adc.o
    0x000009dc   0x000009dc   0x00000020   Code   RO          815    i.ADC_DeInit        cw32f003_adc.o
    0x000009fc   0x000009fc   0x0000008c   Code   RO          565    i.ADC_Driver_Init   adc_driver.o
    0x00000a88   0x00000a88   0x00000020   Code   RO          819    i.ADC_Enable        cw32f003_adc.o
    0x00000aa8   0x00000aa8   0x00000018   Code   RO          825    i.ADC_GetITStatus   cw32f003_adc.o
    0x00000ac0   0x00000ac0   0x00000002   Code   RO          123    i.ADC_IRQHandler    interrupts_cw32f003.o
    0x00000ac2   0x00000ac2   0x00000002   PAD
    0x00000ac4   0x00000ac4   0x00000084   Code   RO          834    i.ADC_Init          cw32f003_adc.o
    0x00000b48   0x00000b48   0x00000040   Code   RO          844    i.ADC_SingleChCommon  cw32f003_adc.o
    0x00000b88   0x00000b88   0x0000001c   Code   RO          847    i.ADC_SingleChOneModeCfg  cw32f003_adc.o
    0x00000ba4   0x00000ba4   0x00000054   Code   RO          854    i.ADC_WdtConfig     cw32f003_adc.o
    0x00000bf8   0x00000bf8   0x0000001c   Code   RO          855    i.ADC_WdtInit       cw32f003_adc.o
    0x00000c14   0x00000c14   0x0000000c   Code   RO         1124    i.ATIM_ClearITPendingBit  cw32f003_atim.o
    0x00000c20   0x00000c20   0x00000018   Code   RO         1125    i.ATIM_Cmd          cw32f003_atim.o
    0x00000c38   0x00000c38   0x00000020   Code   RO         1126    i.ATIM_CtrlPWMOutputs  cw32f003_atim.o
    0x00000c58   0x00000c58   0x00000018   Code   RO         1136    i.ATIM_GetITStatus  cw32f003_atim.o
    0x00000c70   0x00000c70   0x00000014   Code   RO          124    i.ATIM_IRQHandler   interrupts_cw32f003.o
    0x00000c84   0x00000c84   0x00000068   Code   RO         1145    i.ATIM_Init         cw32f003_atim.o
    0x00000cec   0x00000cec   0x00000054   Code   RO         1150    i.ATIM_OC2BInit     cw32f003_atim.o
    0x00000d40   0x00000d40   0x0000000c   Code   RO         1158    i.ATIM_SetCompare2B  cw32f003_atim.o
    0x00000d4c   0x00000d4c   0x00000002   Code   RO          125    i.AWT_IRQHandler    interrupts_cw32f003.o
    0x00000d4e   0x00000d4e   0x00000002   Code   RO          126    i.BTIM1_IRQHandler  interrupts_cw32f003.o
    0x00000d50   0x00000d50   0x00000002   Code   RO          127    i.BTIM2_IRQHandler  interrupts_cw32f003.o
    0x00000d52   0x00000d52   0x00000002   Code   RO          128    i.BTIM3_IRQHandler  interrupts_cw32f003.o
    0x00000d54   0x00000d54   0x0000000c   Code   RO          722    i.CP_ReadState      cp_signal.o
    0x00000d60   0x00000d60   0x00000054   Code   RO          723    i.CP_SetMaxCurrentPWM  cp_signal.o
    0x00000db4   0x00000db4   0x00000074   Code   RO          724    i.CP_Signal_Init    cp_signal.o
    0x00000e28   0x00000e28   0x0000001c   Code   RO          682    i.Contactor_Close   contactor_control.o
    0x00000e44   0x00000e44   0x0000001c   Code   RO          683    i.Contactor_Init    contactor_control.o
    0x00000e60   0x00000e60   0x0000001c   Code   RO          685    i.Contactor_Open    contactor_control.o
    0x00000e7c   0x00000e7c   0x00000040   Code   RO           12    i.Error_Handler     main.o
    0x00000ebc   0x00000ebc   0x00000002   Code   RO          129    i.FLASHRAM_IRQHandler  interrupts_cw32f003.o
    0x00000ebe   0x00000ebe   0x00000002   PAD
    0x00000ec0   0x00000ec0   0x00000024   Code   RO         1749    i.FLASH_SetLatency  cw32f003_flash.o
    0x00000ee4   0x00000ee4   0x00000012   Code   RO         3463    i.FirmwareDelay     system_cw32f003.o
    0x00000ef6   0x00000ef6   0x00000002   Code   RO          130    i.GPIOA_IRQHandler  interrupts_cw32f003.o
    0x00000ef8   0x00000ef8   0x00000002   Code   RO          131    i.GPIOB_IRQHandler  interrupts_cw32f003.o
    0x00000efa   0x00000efa   0x00000002   Code   RO          132    i.GPIOC_IRQHandler  interrupts_cw32f003.o
    0x00000efc   0x00000efc   0x000000e2   Code   RO         1856    i.GPIO_Init         cw32f003_gpio.o
    0x00000fde   0x00000fde   0x0000000c   Code   RO         1861    i.GPIO_WritePin     cw32f003_gpio.o
    0x00000fea   0x00000fea   0x00000002   Code   RO          133    i.GTIM_IRQHandler   interrupts_cw32f003.o
    0x00000fec   0x00000fec   0x00000004   Code   RO          134    i.HardFault_Handler  interrupts_cw32f003.o
    0x00000ff0   0x00000ff0   0x00000028   Code   RO         2081    i.I2C_AcknowledgeConfig  cw32f003_i2c.o
    0x00001018   0x00001018   0x00000028   Code   RO         2082    i.I2C_BaudGeneratorEnable  cw32f003_i2c.o
    0x00001040   0x00001040   0x00000014   Code   RO         2083    i.I2C_ClearIrq      cw32f003_i2c.o
    0x00001054   0x00001054   0x00000028   Code   RO         2084    i.I2C_Cmd           cw32f003_i2c.o
    0x0000107c   0x0000107c   0x0000002c   Code   RO         2085    i.I2C_DeInit        cw32f003_i2c.o
    0x000010a8   0x000010a8   0x00000028   Code   RO         2086    i.I2C_FilterConfig  cw32f003_i2c.o
    0x000010d0   0x000010d0   0x00000064   Code   RO         2088    i.I2C_GenerateSTART  cw32f003_i2c.o
    0x00001134   0x00001134   0x00000028   Code   RO         2089    i.I2C_GenerateSTOP  cw32f003_i2c.o
    0x0000115c   0x0000115c   0x00000010   Code   RO         2090    i.I2C_GetIrq        cw32f003_i2c.o
    0x0000116c   0x0000116c   0x0000000c   Code   RO         2091    i.I2C_GetState      cw32f003_i2c.o
    0x00001178   0x00001178   0x00000002   Code   RO          135    i.I2C_IRQHandler    interrupts_cw32f003.o
    0x0000117a   0x0000117a   0x0000002a   Code   RO         2096    i.I2C_Master_Init   cw32f003_i2c.o
    0x000011a4   0x000011a4   0x00000018   Code   RO         2098    i.I2C_Send7bitAddress  cw32f003_i2c.o
    0x000011bc   0x000011bc   0x0000000c   Code   RO         2099    i.I2C_SendData      cw32f003_i2c.o
    0x000011c8   0x000011c8   0x0000000c   Code   RO         2100    i.I2C_SetBaud       cw32f003_i2c.o
    0x000011d4   0x000011d4   0x00000010   Code   RO         2314    i.IWDT_Cmd          cw32f003_iwdt.o
    0x000011e4   0x000011e4   0x00000064   Code   RO         2261    i.IWDT_Init         cw32f003_iwdt.o
    0x00001248   0x00001248   0x00000010   Code   RO         2320    i.IWDT_Refresh      cw32f003_iwdt.o
    0x00001258   0x00001258   0x00000010   Code   RO         2326    i.IWDT_Unlock       cw32f003_iwdt.o
    0x00001268   0x00001268   0x00000002   Code   RO          136    i.LVD_IRQHandler    interrupts_cw32f003.o
    0x0000126a   0x0000126a   0x00000002   Code   RO          137    i.NMI_Handler       interrupts_cw32f003.o
    0x0000126c   0x0000126c   0x0000002a   Code   RO          451    i.OLED_Clear        oled_driver.o
    0x00001296   0x00001296   0x00000002   PAD
    0x00001298   0x00001298   0x00000124   Code   RO          455    i.OLED_Init         oled_driver.o
    0x000013bc   0x000013bc   0x0000002c   Code   RO          456    i.OLED_SetCursor    oled_driver.o
    0x000013e8   0x000013e8   0x00000098   Code   RO          457    i.OLED_ShowChar     oled_driver.o
    0x00001480   0x00001480   0x0000006e   Code   RO          460    i.OLED_ShowString   oled_driver.o
    0x000014ee   0x000014ee   0x00000002   PAD
    0x000014f0   0x000014f0   0x000000e8   Code   RO          462    i.OLED_WriteBytes   oled_driver.o
    0x000015d8   0x000015d8   0x0000000e   Code   RO          463    i.OLED_WriteCommand  oled_driver.o
    0x000015e6   0x000015e6   0x0000000e   Code   RO          464    i.OLED_WriteData    oled_driver.o
    0x000015f4   0x000015f4   0x0000000c   Code   RO          755    i.PP_GetCableCapacity  pp_signal.o
    0x00001600   0x00001600   0x00000016   Code   RO          756    i.PP_Signal_Init    pp_signal.o
    0x00001616   0x00001616   0x00000002   PAD
    0x00001618   0x00001618   0x00000180   Code   RO          390    i.PWM_Driver_Init   pwm_driver.o
    0x00001798   0x00001798   0x0000003c   Code   RO          393    i.PWM_Set_DutyCycle  pwm_driver.o
    0x000017d4   0x000017d4   0x0000000a   Code   RO          395    i.PWM_Start         pwm_driver.o
    0x000017de   0x000017de   0x00000002   Code   RO          138    i.PendSV_Handler    interrupts_cw32f003.o
    0x000017e0   0x000017e0   0x00000020   Code   RO         2533    i.RCC_AHBPeriphClk_Enable  cw32f003_rcc.o
    0x00001800   0x00001800   0x00000020   Code   RO         2535    i.RCC_APBPeriphClk_Enable1  cw32f003_rcc.o
    0x00001820   0x00001820   0x00000020   Code   RO         2536    i.RCC_APBPeriphClk_Enable2  cw32f003_rcc.o
    0x00001840   0x00001840   0x00000018   Code   RO         2553    i.RCC_GetStableFlag  cw32f003_rcc.o
    0x00001858   0x00001858   0x00000038   Code   RO         2559    i.RCC_HSI_Enable    cw32f003_rcc.o
    0x00001890   0x00001890   0x00000040   Code   RO         2571    i.RCC_SysClk_Switch  cw32f003_rcc.o
    0x000018d0   0x000018d0   0x00000078   Code   RO         2572    i.RCC_Sysctrl_GetHClkFreq  cw32f003_rcc.o
    0x00001948   0x00001948   0x00000020   Code   RO         2573    i.RCC_Sysctrl_GetPClkFreq  cw32f003_rcc.o
    0x00001968   0x00001968   0x0000000c   Code   RO         2574    i.RCC_SystemCoreClockUpdate  cw32f003_rcc.o
    0x00001974   0x00001974   0x00000048   Code   RO          299    i.RingBuffer_Get    uart_driver.o
    0x000019bc   0x000019bc   0x00000010   Code   RO          300    i.RingBuffer_Init   uart_driver.o
    0x000019cc   0x000019cc   0x00000012   Code   RO          301    i.RingBuffer_IsEmpty  uart_driver.o
    0x000019de   0x000019de   0x00000012   Code   RO          302    i.RingBuffer_IsFull  uart_driver.o
    0x000019f0   0x000019f0   0x00000046   Code   RO          303    i.RingBuffer_Put    uart_driver.o
    0x00001a36   0x00001a36   0x00000002   PAD
    0x00001a38   0x00001a38   0x0000000c   Code   RO          637    i.SM_GetCurrentState  charging_sm.o
    0x00001a44   0x00001a44   0x00000064   Code   RO          638    i.SM_Init           charging_sm.o
    0x00001aa8   0x00001aa8   0x0000040c   Code   RO          639    i.SM_RunStateMachine  charging_sm.o
    0x00001eb4   0x00001eb4   0x00000002   Code   RO          139    i.SPI_IRQHandler    interrupts_cw32f003.o
    0x00001eb6   0x00001eb6   0x00000002   Code   RO          140    i.SVC_Handler       interrupts_cw32f003.o
    0x00001eb8   0x00001eb8   0x00000002   Code   RO          141    i.SYSCTRL_IRQHandler  interrupts_cw32f003.o
    0x00001eba   0x00001eba   0x00000002   Code   RO          142    i.SysTick_Handler   interrupts_cw32f003.o
    0x00001ebc   0x00001ebc   0x0000006c   Code   RO         3465    i.SystemCoreClockUpdate  system_cw32f003.o
    0x00001f28   0x00001f28   0x0000005c   Code   RO         3466    i.SystemInit        system_cw32f003.o
    0x00001f84   0x00001f84   0x00000128   Code   RO           13    i.System_Init       main.o
    0x000020ac   0x000020ac   0x00000028   Code   RO          143    i.UART1_IRQHandler  interrupts_cw32f003.o
    0x000020d4   0x000020d4   0x00000002   Code   RO          144    i.UART2_IRQHandler  interrupts_cw32f003.o
    0x000020d6   0x000020d6   0x00000002   PAD
    0x000020d8   0x000020d8   0x00000034   Code   RO          305    i.UART_Driver_Handle_RC  uart_driver.o
    0x0000210c   0x0000210c   0x00000030   Code   RO          306    i.UART_Driver_Handle_TXE  uart_driver.o
    0x0000213c   0x0000213c   0x000000f8   Code   RO          307    i.UART_Driver_Init  uart_driver.o
    0x00002234   0x00002234   0x00000008   Code   RO          782    i.UI_Display_Init   ui_display.o
    0x0000223c   0x0000223c   0x00000160   Code   RO          783    i.UI_UpdateDisplay  ui_display.o
    0x0000239c   0x0000239c   0x00000008   Code   RO         2988    i.USART_ClearITPendingBit  cw32f003_uart.o
    0x000023a4   0x000023a4   0x00000012   Code   RO         2992    i.USART_GetFlagStatus  cw32f003_uart.o
    0x000023b6   0x000023b6   0x00000012   Code   RO         2993    i.USART_GetITStatus  cw32f003_uart.o
    0x000023c8   0x000023c8   0x0000001a   Code   RO         2995    i.USART_ITConfig    cw32f003_uart.o
    0x000023e2   0x000023e2   0x00000002   PAD
    0x000023e4   0x000023e4   0x00000174   Code   RO         2996    i.USART_Init        cw32f003_uart.o
    0x00002558   0x00002558   0x00000008   Code   RO         2999    i.USART_ReceiveData_8bit  cw32f003_uart.o
    0x00002560   0x00002560   0x00000004   Code   RO         3001    i.USART_SendData_8bit  cw32f003_uart.o
    0x00002564   0x00002564   0x00000002   Code   RO          145    i.VC1_IRQHandler    interrupts_cw32f003.o
    0x00002566   0x00002566   0x00000002   Code   RO          146    i.VC2_IRQHandler    interrupts_cw32f003.o
    0x00002568   0x00002568   0x00000002   Code   RO          147    i.WDT_IRQHandler    interrupts_cw32f003.o
    0x0000256a   0x0000256a   0x00000002   PAD
    0x0000256c   0x0000256c   0x00000020   Code   RO         3749    i.__0printf         mc_p.l(printfa.o)
    0x0000258c   0x0000258c   0x00000028   Code   RO         3751    i.__0sprintf        mc_p.l(printfa.o)
    0x000025b4   0x000025b4   0x0000002e   Code   RO         3823    i.__ARM_clz         mf_p.l(depilogue.o)
    0x000025e2   0x000025e2   0x0000001c   Code   RO          666    i.__ARM_common_switch8  charging_sm.o
    0x000025fe   0x000025fe   0x00000002   PAD
    0x00002600   0x00002600   0x00000078   Code   RO          310    i.__NVIC_SetPriority  uart_driver.o
    0x00002678   0x00002678   0x0000000e   Code   RO         3837    i.__scatterload_copy  mc_p.l(handlers.o)
    0x00002686   0x00002686   0x00000002   Code   RO         3838    i.__scatterload_null  mc_p.l(handlers.o)
    0x00002688   0x00002688   0x0000000e   Code   RO         3839    i.__scatterload_zeroinit  mc_p.l(handlers.o)
    0x00002696   0x00002696   0x00000002   PAD
    0x00002698   0x00002698   0x00000174   Code   RO         3756    i._fp_digits        mc_p.l(printfa.o)
    0x0000280c   0x0000280c   0x000006ec   Code   RO         3757    i._printf_core      mc_p.l(printfa.o)
    0x00002ef8   0x00002ef8   0x00000020   Code   RO         3758    i._printf_post_padding  mc_p.l(printfa.o)
    0x00002f18   0x00002f18   0x0000002c   Code   RO         3759    i._printf_pre_padding  mc_p.l(printfa.o)
    0x00002f44   0x00002f44   0x0000000a   Code   RO         3761    i._sputc            mc_p.l(printfa.o)
    0x00002f4e   0x00002f4e   0x00000002   PAD
    0x00002f50   0x00002f50   0x00000044   Code   RO          311    i.fputc             uart_driver.o
    0x00002f94   0x00002f94   0x00000048   Code   RO           14    i.main              main.o
    0x00002fdc   0x00002fdc   0x00000818   Data   RO          466    .constdata          oled_driver.o
    0x000037f4   0x000037f4   0x00000028   Data   RO          784    .constdata          ui_display.o
    0x0000381c   0x0000381c   0x00000040   Data   RO         2576    .constdata          cw32f003_rcc.o
    0x0000385c   0x0000385c   0x00000020   Data   RO         3835    Region$$Table       anon$$obj.o


    Execution Region RW_IRAM1 (Exec base: 0x20000000, Load base: 0x0000387c, Size: 0x000002b0, Max: 0x00000c00, ABSOLUTE)

    Exec Addr    Load Addr    Size         Type   Attr      Idx    E Section Name        Object

    0x20000000   0x0000387c   0x00000005   Data   RW          397    .data               pwm_driver.o
    0x20000005   0x00003881   0x00000003   PAD
    0x20000008   0x00003884   0x00000004   Data   RW          609    .data               ac_measurement.o
    0x2000000c   0x00003888   0x00000005   Data   RW          640    .data               charging_sm.o
    0x20000011   0x0000388d   0x00000001   Data   RW          686    .data               contactor_control.o
    0x20000012   0x0000388e   0x00000001   Data   RW          725    .data               cp_signal.o
    0x20000013   0x0000388f   0x00000001   PAD
    0x20000014   0x00003890   0x00000002   Data   RW          757    .data               pp_signal.o
    0x20000016   0x00003892   0x00000002   PAD
    0x20000018   0x00003894   0x00000004   Data   RW         3467    .data               system_cw32f003.o
    0x2000001c   0x00003898   0x00000004   Data   RW         3809    .data               mc_p.l(stdout.o)
    0x20000020        -       0x0000008c   Zero   RW          312    .bss                uart_driver.o
    0x200000ac   0x0000389c   0x00000004   PAD
    0x200000b0        -       0x00000200   Zero   RW            1    STACK               startup_cw32f003.o


==============================================================================

Image component sizes


      Code (inc. data)   RO Data    RW Data    ZI Data      Debug   Object Name

        34          6          0          4          0        914   ac_measurement.o
       140         36          0          0          0        602   adc_driver.o
      1176        728          0          5          0       2492   charging_sm.o
        84         20          0          1          0       1520   contactor_control.o
       212         44          0          1          0       1490   cp_signal.o
       492         58          0          0          0       4619   cw32f003_adc.o
       292         40          0          0          0       3553   cw32f003_atim.o
        36         12          0          0          0        459   cw32f003_flash.o
       238          0          0          0          0       1424   cw32f003_gpio.o
       482         72          0          0          0       6603   cw32f003_i2c.o
       148         42          0          0          0       1952   cw32f003_iwdt.o
       404         72         64          0          0       5078   cw32f003_rcc.o
       454         10          0          0          0       4213   cw32f003_uart.o
       108          4          0          0          0      10186   interrupts_cw32f003.o
       432        214          0          0          0     130267   main.o
       900         26       2072          0          0       7372   oled_driver.o
        34          6          0          2          0        895   pp_signal.o
       454         28          0          5          0      10366   pwm_driver.o
        60         22        192          0        512        608   startup_cw32f003.o
       218         32          0          4          0       2159   system_cw32f003.o
       730         64          0          0        140      13080   uart_driver.o
       360        130         40          0          0       1157   ui_display.o

    ----------------------------------------------------------------------
      7510       1666       2400         28        656     211009   Object Totals
         0          0         32          0          0          0   (incl. Generated)
        22          0          0          6          4          0   (incl. Padding)

    ----------------------------------------------------------------------

      Code (inc. data)   RO Data    RW Data    ZI Data      Debug   Library Member Name

         0          0          0          0          0          0   entry.o
         0          0          0          0          0          0   entry10a.o
         0          0          0          0          0          0   entry11a.o
         8          4          0          0          0          0   entry2.o
         4          0          0          0          0          0   entry5.o
         0          0          0          0          0          0   entry7b.o
         0          0          0          0          0          0   entry8b.o
         8          4          0          0          0          0   entry9a.o
        30          0          0          0          0          0   handlers.o
        36          8          0          0          0         68   init.o
         0          0          0          0          0          0   iusefp.o
        32          0          0          0          0         68   llshl.o
        38          0          0          0          0         68   llsshr.o
        34          0          0          0          0         68   llushr.o
        36          0          0          0          0         60   memcpya.o
      2302        102          0          0          0        556   printfa.o
         0          0          0          4          0          0   stdout.o
        24          0          0          0          0         60   strcat.o
        44          0          0          0          0         72   uidiv.o
        96          0          0          0          0         84   uldiv.o
        40          2          0          0          0         68   cdrcmple.o
       356          4          0          0          0        140   dadd.o
       240          6          0          0          0         84   ddiv.o
       236          0          0          0          0        216   depilogue.o
        60         10          0          0          0         68   dfixui.o
        64         10          0          0          0         68   dfixul.o
       208          6          0          0          0         88   dmul.o
        40          0          0          0          0         60   f2d.o
       178          0          0          0          0        108   fadd.o
       124          0          0          0          0         72   fdiv.o
       130          0          0          0          0        144   fepilogue.o
        40          0          0          0          0         60   ffixui.o
        14          0          0          0          0         68   ffltui.o
       122          0          0          0          0         72   fmul.o

    ----------------------------------------------------------------------
      4550        156          0          4          0       2420   Library Totals
         6          0          0          0          0          0   (incl. Padding)

    ----------------------------------------------------------------------

      Code (inc. data)   RO Data    RW Data    ZI Data      Debug   Library Name

      2692        118          0          4          0       1104   mc_p.l
      1852         38          0          0          0       1316   mf_p.l

    ----------------------------------------------------------------------
      4550        156          0          4          0       2420   Library Totals

    ----------------------------------------------------------------------

==============================================================================


      Code (inc. data)   RO Data    RW Data    ZI Data      Debug   

     12060       1822       2400         32        656     207193   Grand Totals
     12060       1822       2400         32        656     207193   ELF Image Totals
     12060       1822       2400         32          0          0   ROM Totals

==============================================================================

    Total RO  Size (Code + RO Data)                14460 (  14.12kB)
    Total RW  Size (RW Data + ZI Data)               688 (   0.67kB)
    Total ROM Size (Code + RO Data + RW Data)      14492 (  14.15kB)

==============================================================================

