Component: ARM Compiler 5.06 update 5 (build 528) Tool: armlink [4d35e2]

==============================================================================

Image Symbol Table

    Local Symbols

    Symbol Name                              Value     Ov Type        Size  Object(Section)

    RESET                                    0x00000000   Section      192  startup_cw32f003.o(RESET)
    ../clib/microlib/division.c              0x00000000   Number         0  idiv.o ABSOLUTE
    ../clib/microlib/division.c              0x00000000   Number         0  uldiv.o ABSOLUTE
    ../clib/microlib/division.c              0x00000000   Number         0  uidiv.o ABSOLUTE
    ../clib/microlib/init/entry.s            0x00000000   Number         0  entry9a.o ABSOLUTE
    ../clib/microlib/init/entry.s            0x00000000   Number         0  entry9b.o ABSOLUTE
    ../clib/microlib/init/entry.s            0x00000000   Number         0  entry10b.o ABSOLUTE
    ../clib/microlib/init/entry.s            0x00000000   Number         0  entry10a.o ABSOLUTE
    ../clib/microlib/init/entry.s            0x00000000   Number         0  entry2.o ABSOLUTE
    ../clib/microlib/init/entry.s            0x00000000   Number         0  entry5.o ABSOLUTE
    ../clib/microlib/init/entry.s            0x00000000   Number         0  entry8a.o ABSOLUTE
    ../clib/microlib/init/entry.s            0x00000000   Number         0  entry11a.o ABSOLUTE
    ../clib/microlib/init/entry.s            0x00000000   Number         0  entry7a.o ABSOLUTE
    ../clib/microlib/init/entry.s            0x00000000   Number         0  entry11b.o ABSOLUTE
    ../clib/microlib/init/entry.s            0x00000000   Number         0  entry7b.o ABSOLUTE
    ../clib/microlib/init/entry.s            0x00000000   Number         0  entry8b.o ABSOLUTE
    ../clib/microlib/init/entry.s            0x00000000   Number         0  entry.o ABSOLUTE
    ../clib/microlib/longlong.c              0x00000000   Number         0  llshl.o ABSOLUTE
    ../clib/microlib/longlong.c              0x00000000   Number         0  llushr.o ABSOLUTE
    ../clib/microlib/longlong.c              0x00000000   Number         0  llsshr.o ABSOLUTE
    ../clib/microlib/printf/printf.c         0x00000000   Number         0  printf3.o ABSOLUTE
    ../clib/microlib/printf/printf.c         0x00000000   Number         0  printf2.o ABSOLUTE
    ../clib/microlib/printf/printf.c         0x00000000   Number         0  printf1.o ABSOLUTE
    ../clib/microlib/printf/printf.c         0x00000000   Number         0  printfb.o ABSOLUTE
    ../clib/microlib/printf/printf.c         0x00000000   Number         0  printf0.o ABSOLUTE
    ../clib/microlib/printf/printf.c         0x00000000   Number         0  printfa.o ABSOLUTE
    ../clib/microlib/printf/printf.c         0x00000000   Number         0  printf8.o ABSOLUTE
    ../clib/microlib/printf/printf.c         0x00000000   Number         0  printf7.o ABSOLUTE
    ../clib/microlib/printf/printf.c         0x00000000   Number         0  printf6.o ABSOLUTE
    ../clib/microlib/printf/printf.c         0x00000000   Number         0  printf5.o ABSOLUTE
    ../clib/microlib/printf/printf.c         0x00000000   Number         0  printf4.o ABSOLUTE
    ../clib/microlib/printf/stubs.s          0x00000000   Number         0  stubs.o ABSOLUTE
    ../clib/microlib/stdio/streams.c         0x00000000   Number         0  stdout.o ABSOLUTE
    ../clib/microlib/stubs.s                 0x00000000   Number         0  iusefp.o ABSOLUTE
    ../fplib/microlib/f2d.c                  0x00000000   Number         0  f2d.o ABSOLUTE
    ../fplib/microlib/fpadd.c                0x00000000   Number         0  fadd.o ABSOLUTE
    ../fplib/microlib/fpadd.c                0x00000000   Number         0  dadd.o ABSOLUTE
    ../fplib/microlib/fpdiv.c                0x00000000   Number         0  fdiv.o ABSOLUTE
    ../fplib/microlib/fpdiv.c                0x00000000   Number         0  ddiv.o ABSOLUTE
    ../fplib/microlib/fpepilogue.c           0x00000000   Number         0  fepilogue.o ABSOLUTE
    ../fplib/microlib/fpepilogue.c           0x00000000   Number         0  depilogue.o ABSOLUTE
    ../fplib/microlib/fpfix.c                0x00000000   Number         0  dfixul.o ABSOLUTE
    ../fplib/microlib/fpfix.c                0x00000000   Number         0  ffixui.o ABSOLUTE
    ../fplib/microlib/fpfix.c                0x00000000   Number         0  dfixui.o ABSOLUTE
    ../fplib/microlib/fpflt.c                0x00000000   Number         0  fflti.o ABSOLUTE
    ../fplib/microlib/fpflt.c                0x00000000   Number         0  ffltui.o ABSOLUTE
    ../fplib/microlib/fpmul.c                0x00000000   Number         0  dmul.o ABSOLUTE
    ../fplib/microlib/fpmul.c                0x00000000   Number         0  fmul.o ABSOLUTE
    ..\Libraries\src\cw32f003_adc.c          0x00000000   Number         0  cw32f003_adc.o ABSOLUTE
    ..\Libraries\src\cw32f003_atim.c         0x00000000   Number         0  cw32f003_atim.o ABSOLUTE
    ..\Libraries\src\cw32f003_awt.c          0x00000000   Number         0  cw32f003_awt.o ABSOLUTE
    ..\Libraries\src\cw32f003_btim.c         0x00000000   Number         0  cw32f003_btim.o ABSOLUTE
    ..\Libraries\src\cw32f003_crc.c          0x00000000   Number         0  cw32f003_crc.o ABSOLUTE
    ..\Libraries\src\cw32f003_debug.c        0x00000000   Number         0  cw32f003_debug.o ABSOLUTE
    ..\Libraries\src\cw32f003_digitalsign.c  0x00000000   Number         0  cw32f003_digitalsign.o ABSOLUTE
    ..\Libraries\src\cw32f003_flash.c        0x00000000   Number         0  cw32f003_flash.o ABSOLUTE
    ..\Libraries\src\cw32f003_gpio.c         0x00000000   Number         0  cw32f003_gpio.o ABSOLUTE
    ..\Libraries\src\cw32f003_gtim.c         0x00000000   Number         0  cw32f003_gtim.o ABSOLUTE
    ..\Libraries\src\cw32f003_i2c.c          0x00000000   Number         0  cw32f003_i2c.o ABSOLUTE
    ..\Libraries\src\cw32f003_iwdt.c         0x00000000   Number         0  cw32f003_iwdt.o ABSOLUTE
    ..\Libraries\src\cw32f003_lvd.c          0x00000000   Number         0  cw32f003_lvd.o ABSOLUTE
    ..\Libraries\src\cw32f003_pwr.c          0x00000000   Number         0  cw32f003_pwr.o ABSOLUTE
    ..\Libraries\src\cw32f003_ram.c          0x00000000   Number         0  cw32f003_ram.o ABSOLUTE
    ..\Libraries\src\cw32f003_rcc.c          0x00000000   Number         0  cw32f003_rcc.o ABSOLUTE
    ..\Libraries\src\cw32f003_spi.c          0x00000000   Number         0  cw32f003_spi.o ABSOLUTE
    ..\Libraries\src\cw32f003_systick.c      0x00000000   Number         0  cw32f003_systick.o ABSOLUTE
    ..\Libraries\src\cw32f003_uart.c         0x00000000   Number         0  cw32f003_uart.o ABSOLUTE
    ..\Libraries\src\cw32f003_vc.c           0x00000000   Number         0  cw32f003_vc.o ABSOLUTE
    ..\Libraries\src\cw32f003_wwdt.c         0x00000000   Number         0  cw32f003_wwdt.o ABSOLUTE
    ..\Libraries\src\system_cw32f003.c       0x00000000   Number         0  system_cw32f003.o ABSOLUTE
    ..\USER\src\adc_driver.c                 0x00000000   Number         0  adc_driver.o ABSOLUTE
    ..\USER\src\interrupts_cw32f003.c        0x00000000   Number         0  interrupts_cw32f003.o ABSOLUTE
    ..\USER\src\main.c                       0x00000000   Number         0  main.o ABSOLUTE
    ..\USER\src\oled_driver.c                0x00000000   Number         0  oled_driver.o ABSOLUTE
    ..\USER\src\pwm_driver.c                 0x00000000   Number         0  pwm_driver.o ABSOLUTE
    ..\USER\src\uart_driver.c                0x00000000   Number         0  uart_driver.o ABSOLUTE
    ..\\Libraries\\src\\cw32f003_adc.c       0x00000000   Number         0  cw32f003_adc.o ABSOLUTE
    ..\\Libraries\\src\\cw32f003_atim.c      0x00000000   Number         0  cw32f003_atim.o ABSOLUTE
    ..\\Libraries\\src\\cw32f003_awt.c       0x00000000   Number         0  cw32f003_awt.o ABSOLUTE
    ..\\Libraries\\src\\cw32f003_btim.c      0x00000000   Number         0  cw32f003_btim.o ABSOLUTE
    ..\\Libraries\\src\\cw32f003_crc.c       0x00000000   Number         0  cw32f003_crc.o ABSOLUTE
    ..\\Libraries\\src\\cw32f003_debug.c     0x00000000   Number         0  cw32f003_debug.o ABSOLUTE
    ..\\Libraries\\src\\cw32f003_digitalsign.c 0x00000000   Number         0  cw32f003_digitalsign.o ABSOLUTE
    ..\\Libraries\\src\\cw32f003_flash.c     0x00000000   Number         0  cw32f003_flash.o ABSOLUTE
    ..\\Libraries\\src\\cw32f003_gpio.c      0x00000000   Number         0  cw32f003_gpio.o ABSOLUTE
    ..\\Libraries\\src\\cw32f003_gtim.c      0x00000000   Number         0  cw32f003_gtim.o ABSOLUTE
    ..\\Libraries\\src\\cw32f003_i2c.c       0x00000000   Number         0  cw32f003_i2c.o ABSOLUTE
    ..\\Libraries\\src\\cw32f003_iwdt.c      0x00000000   Number         0  cw32f003_iwdt.o ABSOLUTE
    ..\\Libraries\\src\\cw32f003_lvd.c       0x00000000   Number         0  cw32f003_lvd.o ABSOLUTE
    ..\\Libraries\\src\\cw32f003_pwr.c       0x00000000   Number         0  cw32f003_pwr.o ABSOLUTE
    ..\\Libraries\\src\\cw32f003_ram.c       0x00000000   Number         0  cw32f003_ram.o ABSOLUTE
    ..\\Libraries\\src\\cw32f003_rcc.c       0x00000000   Number         0  cw32f003_rcc.o ABSOLUTE
    ..\\Libraries\\src\\cw32f003_spi.c       0x00000000   Number         0  cw32f003_spi.o ABSOLUTE
    ..\\Libraries\\src\\cw32f003_systick.c   0x00000000   Number         0  cw32f003_systick.o ABSOLUTE
    ..\\Libraries\\src\\cw32f003_uart.c      0x00000000   Number         0  cw32f003_uart.o ABSOLUTE
    ..\\Libraries\\src\\cw32f003_vc.c        0x00000000   Number         0  cw32f003_vc.o ABSOLUTE
    ..\\Libraries\\src\\cw32f003_wwdt.c      0x00000000   Number         0  cw32f003_wwdt.o ABSOLUTE
    ..\\Libraries\\src\\system_cw32f003.c    0x00000000   Number         0  system_cw32f003.o ABSOLUTE
    ..\\USER\\src\\adc_driver.c              0x00000000   Number         0  adc_driver.o ABSOLUTE
    ..\\USER\\src\\interrupts_cw32f003.c     0x00000000   Number         0  interrupts_cw32f003.o ABSOLUTE
    ..\\USER\\src\\main.c                    0x00000000   Number         0  main.o ABSOLUTE
    ..\\USER\\src\\oled_driver.c             0x00000000   Number         0  oled_driver.o ABSOLUTE
    ..\\USER\\src\\pwm_driver.c              0x00000000   Number         0  pwm_driver.o ABSOLUTE
    ..\\USER\\src\\uart_driver.c             0x00000000   Number         0  uart_driver.o ABSOLUTE
    ..\startup_cw32f003.s                    0x00000000   Number         0  startup_cw32f003.o ABSOLUTE
    cdrcmple.s                               0x00000000   Number         0  cdrcmple.o ABSOLUTE
    dc.s                                     0x00000000   Number         0  dc.o ABSOLUTE
    handlers.s                               0x00000000   Number         0  handlers.o ABSOLUTE
    init.s                                   0x00000000   Number         0  init.o ABSOLUTE
    .ARM.Collect$$$$00000000                 0x000000c0   Section        0  entry.o(.ARM.Collect$$$$00000000)
    .ARM.Collect$$$$00000001                 0x000000c0   Section        4  entry2.o(.ARM.Collect$$$$00000001)
    .ARM.Collect$$$$00000004                 0x000000c4   Section        4  entry5.o(.ARM.Collect$$$$00000004)
    .ARM.Collect$$$$00000008                 0x000000c8   Section        0  entry7b.o(.ARM.Collect$$$$00000008)
    .ARM.Collect$$$$0000000A                 0x000000c8   Section        0  entry8b.o(.ARM.Collect$$$$0000000A)
    .ARM.Collect$$$$0000000B                 0x000000c8   Section        8  entry9a.o(.ARM.Collect$$$$0000000B)
    .ARM.Collect$$$$0000000D                 0x000000d0   Section        0  entry10a.o(.ARM.Collect$$$$0000000D)
    .ARM.Collect$$$$0000000F                 0x000000d0   Section        0  entry11a.o(.ARM.Collect$$$$0000000F)
    .ARM.Collect$$$$00002712                 0x000000d0   Section        4  entry2.o(.ARM.Collect$$$$00002712)
    __lit__00000000                          0x000000d0   Data           4  entry2.o(.ARM.Collect$$$$00002712)
    .text                                    0x000000d4   Section       60  startup_cw32f003.o(.text)
    .text                                    0x00000110   Section        0  uidiv.o(.text)
    .text                                    0x0000013c   Section        0  idiv.o(.text)
    .text                                    0x00000164   Section        0  fadd.o(.text)
    .text                                    0x00000216   Section        0  fmul.o(.text)
    .text                                    0x00000290   Section        0  fdiv.o(.text)
    .text                                    0x0000030c   Section        0  dadd.o(.text)
    .text                                    0x00000470   Section        0  ffltui.o(.text)
    .text                                    0x0000047e   Section        0  ffixui.o(.text)
    .text                                    0x000004a8   Section        0  dfixui.o(.text)
    .text                                    0x000004e4   Section        0  f2d.o(.text)
    .text                                    0x0000050c   Section        0  uldiv.o(.text)
    .text                                    0x0000056c   Section        0  llshl.o(.text)
    .text                                    0x0000058c   Section        0  llushr.o(.text)
    .text                                    0x000005ae   Section        0  llsshr.o(.text)
    .text                                    0x000005d4   Section        0  fepilogue.o(.text)
    .text                                    0x000005d4   Section        0  iusefp.o(.text)
    .text                                    0x00000656   Section        0  depilogue.o(.text)
    .text                                    0x00000714   Section        0  dmul.o(.text)
    .text                                    0x000007e4   Section        0  ddiv.o(.text)
    .text                                    0x000008d4   Section        0  dfixul.o(.text)
    .text                                    0x00000914   Section       40  cdrcmple.o(.text)
    .text                                    0x0000093c   Section       36  init.o(.text)
    i.ADC_BufEnSingleCh                      0x00000960   Section        0  cw32f003_adc.o(i.ADC_BufEnSingleCh)
    i.ADC_ClearITPendingBit                  0x000009a4   Section        0  cw32f003_adc.o(i.ADC_ClearITPendingBit)
    i.ADC_DeInit                             0x000009b4   Section        0  cw32f003_adc.o(i.ADC_DeInit)
    i.ADC_Driver_Init                        0x000009d4   Section        0  adc_driver.o(i.ADC_Driver_Init)
    i.ADC_Enable                             0x00000a60   Section        0  cw32f003_adc.o(i.ADC_Enable)
    i.ADC_GetConversionValue                 0x00000a80   Section        0  cw32f003_adc.o(i.ADC_GetConversionValue)
    i.ADC_GetITStatus                        0x00000a8c   Section        0  cw32f003_adc.o(i.ADC_GetITStatus)
    i.ADC_IRQHandler                         0x00000aa4   Section        0  interrupts_cw32f003.o(i.ADC_IRQHandler)
    i.ADC_Init                               0x00000aa8   Section        0  cw32f003_adc.o(i.ADC_Init)
    i.ADC_Read_Internal_Temperature          0x00000b2c   Section        0  adc_driver.o(i.ADC_Read_Internal_Temperature)
    i.ADC_Read_RawValue                      0x00000bf0   Section        0  adc_driver.o(i.ADC_Read_RawValue)
    i.ADC_Read_Voltage_mV                    0x00000c10   Section        0  adc_driver.o(i.ADC_Read_Voltage_mV)
    i.ADC_SingleChCommon                     0x00000c84   Section        0  cw32f003_adc.o(i.ADC_SingleChCommon)
    i.ADC_SingleChOneModeCfg                 0x00000cc4   Section        0  cw32f003_adc.o(i.ADC_SingleChOneModeCfg)
    i.ADC_SoftwareStartConvCmd               0x00000ce0   Section        0  cw32f003_adc.o(i.ADC_SoftwareStartConvCmd)
    i.ADC_WdtConfig                          0x00000d04   Section        0  cw32f003_adc.o(i.ADC_WdtConfig)
    i.ADC_WdtInit                            0x00000d58   Section        0  cw32f003_adc.o(i.ADC_WdtInit)
    i.ATIM_ClearITPendingBit                 0x00000d74   Section        0  cw32f003_atim.o(i.ATIM_ClearITPendingBit)
    i.ATIM_Cmd                               0x00000d80   Section        0  cw32f003_atim.o(i.ATIM_Cmd)
    i.ATIM_CtrlPWMOutputs                    0x00000d98   Section        0  cw32f003_atim.o(i.ATIM_CtrlPWMOutputs)
    i.ATIM_GetITStatus                       0x00000db8   Section        0  cw32f003_atim.o(i.ATIM_GetITStatus)
    i.ATIM_IRQHandler                        0x00000dd0   Section        0  interrupts_cw32f003.o(i.ATIM_IRQHandler)
    i.ATIM_Init                              0x00000de4   Section        0  cw32f003_atim.o(i.ATIM_Init)
    i.ATIM_OC2BInit                          0x00000e4c   Section        0  cw32f003_atim.o(i.ATIM_OC2BInit)
    i.ATIM_SetCompare2B                      0x00000ea0   Section        0  cw32f003_atim.o(i.ATIM_SetCompare2B)
    i.AWT_IRQHandler                         0x00000eac   Section        0  interrupts_cw32f003.o(i.AWT_IRQHandler)
    i.BTIM1_IRQHandler                       0x00000eae   Section        0  interrupts_cw32f003.o(i.BTIM1_IRQHandler)
    i.BTIM2_IRQHandler                       0x00000eb0   Section        0  interrupts_cw32f003.o(i.BTIM2_IRQHandler)
    i.BTIM3_IRQHandler                       0x00000eb2   Section        0  interrupts_cw32f003.o(i.BTIM3_IRQHandler)
    i.Display_Status                         0x00000eb4   Section        0  main.o(i.Display_Status)
    Display_Status                           0x00000eb5   Thumb Code    50  main.o(i.Display_Status)
    i.Error_Handler                          0x00000f20   Section        0  main.o(i.Error_Handler)
    Error_Handler                            0x00000f21   Thumb Code    10  main.o(i.Error_Handler)
    i.FLASHRAM_IRQHandler                    0x00000f60   Section        0  interrupts_cw32f003.o(i.FLASHRAM_IRQHandler)
    i.FLASH_SetLatency                       0x00000f64   Section        0  cw32f003_flash.o(i.FLASH_SetLatency)
    i.FirmwareDelay                          0x00000f88   Section        0  system_cw32f003.o(i.FirmwareDelay)
    i.GPIOA_IRQHandler                       0x00000f9a   Section        0  interrupts_cw32f003.o(i.GPIOA_IRQHandler)
    i.GPIOB_IRQHandler                       0x00000f9c   Section        0  interrupts_cw32f003.o(i.GPIOB_IRQHandler)
    i.GPIOC_IRQHandler                       0x00000f9e   Section        0  interrupts_cw32f003.o(i.GPIOC_IRQHandler)
    i.GPIO_Init                              0x00000fa0   Section        0  cw32f003_gpio.o(i.GPIO_Init)
    i.GTIM_IRQHandler                        0x00001082   Section        0  interrupts_cw32f003.o(i.GTIM_IRQHandler)
    i.HardFault_Handler                      0x00001084   Section        0  interrupts_cw32f003.o(i.HardFault_Handler)
    i.I2C_AcknowledgeConfig                  0x00001088   Section        0  cw32f003_i2c.o(i.I2C_AcknowledgeConfig)
    i.I2C_BaudGeneratorEnable                0x000010b0   Section        0  cw32f003_i2c.o(i.I2C_BaudGeneratorEnable)
    i.I2C_ClearIrq                           0x000010d8   Section        0  cw32f003_i2c.o(i.I2C_ClearIrq)
    i.I2C_Cmd                                0x000010ec   Section        0  cw32f003_i2c.o(i.I2C_Cmd)
    i.I2C_DeInit                             0x00001114   Section        0  cw32f003_i2c.o(i.I2C_DeInit)
    i.I2C_FilterConfig                       0x00001140   Section        0  cw32f003_i2c.o(i.I2C_FilterConfig)
    i.I2C_GenerateSTART                      0x00001168   Section        0  cw32f003_i2c.o(i.I2C_GenerateSTART)
    i.I2C_GenerateSTOP                       0x000011cc   Section        0  cw32f003_i2c.o(i.I2C_GenerateSTOP)
    i.I2C_GetIrq                             0x000011f4   Section        0  cw32f003_i2c.o(i.I2C_GetIrq)
    i.I2C_GetState                           0x00001204   Section        0  cw32f003_i2c.o(i.I2C_GetState)
    i.I2C_IRQHandler                         0x00001210   Section        0  interrupts_cw32f003.o(i.I2C_IRQHandler)
    i.I2C_Master_Init                        0x00001212   Section        0  cw32f003_i2c.o(i.I2C_Master_Init)
    i.I2C_Send7bitAddress                    0x0000123c   Section        0  cw32f003_i2c.o(i.I2C_Send7bitAddress)
    i.I2C_SendData                           0x00001254   Section        0  cw32f003_i2c.o(i.I2C_SendData)
    i.I2C_SetBaud                            0x00001260   Section        0  cw32f003_i2c.o(i.I2C_SetBaud)
    i.LVD_IRQHandler                         0x0000126c   Section        0  interrupts_cw32f003.o(i.LVD_IRQHandler)
    i.NMI_Handler                            0x0000126e   Section        0  interrupts_cw32f003.o(i.NMI_Handler)
    i.OLED_Clear                             0x00001270   Section        0  oled_driver.o(i.OLED_Clear)
    i.OLED_Init                              0x0000129c   Section        0  oled_driver.o(i.OLED_Init)
    i.OLED_SetCursor                         0x000013c0   Section        0  oled_driver.o(i.OLED_SetCursor)
    i.OLED_ShowChar                          0x000013ec   Section        0  oled_driver.o(i.OLED_ShowChar)
    i.OLED_ShowString                        0x00001484   Section        0  oled_driver.o(i.OLED_ShowString)
    i.OLED_WriteBytes                        0x000014f4   Section        0  oled_driver.o(i.OLED_WriteBytes)
    i.OLED_WriteCommand                      0x000015dc   Section        0  oled_driver.o(i.OLED_WriteCommand)
    i.OLED_WriteData                         0x000015ea   Section        0  oled_driver.o(i.OLED_WriteData)
    i.PWM_Driver_Init                        0x000015f8   Section        0  pwm_driver.o(i.PWM_Driver_Init)
    i.PWM_Get_DutyCycle                      0x00001778   Section        0  pwm_driver.o(i.PWM_Get_DutyCycle)
    i.PWM_Get_Frequency                      0x00001784   Section        0  pwm_driver.o(i.PWM_Get_Frequency)
    i.PendSV_Handler                         0x00001790   Section        0  interrupts_cw32f003.o(i.PendSV_Handler)
    i.RCC_AHBPeriphClk_Enable                0x00001794   Section        0  cw32f003_rcc.o(i.RCC_AHBPeriphClk_Enable)
    i.RCC_APBPeriphClk_Enable2               0x000017b4   Section        0  cw32f003_rcc.o(i.RCC_APBPeriphClk_Enable2)
    i.RCC_GetStableFlag                      0x000017d4   Section        0  cw32f003_rcc.o(i.RCC_GetStableFlag)
    i.RCC_HSI_Enable                         0x000017ec   Section        0  cw32f003_rcc.o(i.RCC_HSI_Enable)
    i.RCC_SysClk_Switch                      0x00001824   Section        0  cw32f003_rcc.o(i.RCC_SysClk_Switch)
    i.RCC_Sysctrl_GetHClkFreq                0x00001864   Section        0  cw32f003_rcc.o(i.RCC_Sysctrl_GetHClkFreq)
    i.RCC_Sysctrl_GetPClkFreq                0x000018dc   Section        0  cw32f003_rcc.o(i.RCC_Sysctrl_GetPClkFreq)
    i.RCC_SystemCoreClockUpdate              0x000018fc   Section        0  cw32f003_rcc.o(i.RCC_SystemCoreClockUpdate)
    i.RingBuffer_Get                         0x00001908   Section        0  uart_driver.o(i.RingBuffer_Get)
    RingBuffer_Get                           0x00001909   Thumb Code    72  uart_driver.o(i.RingBuffer_Get)
    i.RingBuffer_Init                        0x00001950   Section        0  uart_driver.o(i.RingBuffer_Init)
    RingBuffer_Init                          0x00001951   Thumb Code    16  uart_driver.o(i.RingBuffer_Init)
    i.RingBuffer_IsEmpty                     0x00001960   Section        0  uart_driver.o(i.RingBuffer_IsEmpty)
    RingBuffer_IsEmpty                       0x00001961   Thumb Code    18  uart_driver.o(i.RingBuffer_IsEmpty)
    i.RingBuffer_IsFull                      0x00001972   Section        0  uart_driver.o(i.RingBuffer_IsFull)
    RingBuffer_IsFull                        0x00001973   Thumb Code    18  uart_driver.o(i.RingBuffer_IsFull)
    i.RingBuffer_Put                         0x00001984   Section        0  uart_driver.o(i.RingBuffer_Put)
    RingBuffer_Put                           0x00001985   Thumb Code    70  uart_driver.o(i.RingBuffer_Put)
    i.SPI_IRQHandler                         0x000019ca   Section        0  interrupts_cw32f003.o(i.SPI_IRQHandler)
    i.SVC_Handler                            0x000019cc   Section        0  interrupts_cw32f003.o(i.SVC_Handler)
    i.SYSCTRL_IRQHandler                     0x000019ce   Section        0  interrupts_cw32f003.o(i.SYSCTRL_IRQHandler)
    i.SysTick_Handler                        0x000019d0   Section        0  interrupts_cw32f003.o(i.SysTick_Handler)
    i.SystemCoreClockUpdate                  0x000019d4   Section        0  system_cw32f003.o(i.SystemCoreClockUpdate)
    i.SystemInit                             0x00001a40   Section        0  system_cw32f003.o(i.SystemInit)
    i.System_Init                            0x00001a9c   Section        0  main.o(i.System_Init)
    System_Init                              0x00001a9d   Thumb Code   104  main.o(i.System_Init)
    i.UART1_IRQHandler                       0x00001b80   Section        0  interrupts_cw32f003.o(i.UART1_IRQHandler)
    i.UART2_IRQHandler                       0x00001ba8   Section        0  interrupts_cw32f003.o(i.UART2_IRQHandler)
    i.UART_Driver_Handle_RC                  0x00001bac   Section        0  uart_driver.o(i.UART_Driver_Handle_RC)
    i.UART_Driver_Handle_TXE                 0x00001be0   Section        0  uart_driver.o(i.UART_Driver_Handle_TXE)
    i.UART_Driver_Init                       0x00001c10   Section        0  uart_driver.o(i.UART_Driver_Init)
    i.USART_ClearITPendingBit                0x00001d08   Section        0  cw32f003_uart.o(i.USART_ClearITPendingBit)
    i.USART_GetFlagStatus                    0x00001d10   Section        0  cw32f003_uart.o(i.USART_GetFlagStatus)
    i.USART_GetITStatus                      0x00001d22   Section        0  cw32f003_uart.o(i.USART_GetITStatus)
    i.USART_ITConfig                         0x00001d34   Section        0  cw32f003_uart.o(i.USART_ITConfig)
    i.USART_Init                             0x00001d50   Section        0  cw32f003_uart.o(i.USART_Init)
    i.USART_ReceiveData_8bit                 0x00001ec4   Section        0  cw32f003_uart.o(i.USART_ReceiveData_8bit)
    i.USART_SendData_8bit                    0x00001ecc   Section        0  cw32f003_uart.o(i.USART_SendData_8bit)
    i.Update_OLED_Display                    0x00001ed0   Section        0  main.o(i.Update_OLED_Display)
    Update_OLED_Display                      0x00001ed1   Thumb Code    20  main.o(i.Update_OLED_Display)
    i.VC1_IRQHandler                         0x00001ee4   Section        0  interrupts_cw32f003.o(i.VC1_IRQHandler)
    i.VC2_IRQHandler                         0x00001ee6   Section        0  interrupts_cw32f003.o(i.VC2_IRQHandler)
    i.WDT_IRQHandler                         0x00001ee8   Section        0  interrupts_cw32f003.o(i.WDT_IRQHandler)
    i.__0printf                              0x00001eec   Section        0  printfa.o(i.__0printf)
    i.__0sprintf                             0x00001f0c   Section        0  printfa.o(i.__0sprintf)
    i.__ARM_clz                              0x00001f34   Section        0  depilogue.o(i.__ARM_clz)
    i.__NVIC_SetPriority                     0x00001f64   Section        0  uart_driver.o(i.__NVIC_SetPriority)
    __NVIC_SetPriority                       0x00001f65   Thumb Code   110  uart_driver.o(i.__NVIC_SetPriority)
    i.__scatterload_copy                     0x00001fdc   Section       14  handlers.o(i.__scatterload_copy)
    i.__scatterload_null                     0x00001fea   Section        2  handlers.o(i.__scatterload_null)
    i.__scatterload_zeroinit                 0x00001fec   Section       14  handlers.o(i.__scatterload_zeroinit)
    i._fp_digits                             0x00001ffc   Section        0  printfa.o(i._fp_digits)
    _fp_digits                               0x00001ffd   Thumb Code   344  printfa.o(i._fp_digits)
    i._printf_core                           0x00002170   Section        0  printfa.o(i._printf_core)
    _printf_core                             0x00002171   Thumb Code  1754  printfa.o(i._printf_core)
    i._printf_post_padding                   0x0000285c   Section        0  printfa.o(i._printf_post_padding)
    _printf_post_padding                     0x0000285d   Thumb Code    32  printfa.o(i._printf_post_padding)
    i._printf_pre_padding                    0x0000287c   Section        0  printfa.o(i._printf_pre_padding)
    _printf_pre_padding                      0x0000287d   Thumb Code    44  printfa.o(i._printf_pre_padding)
    i._sputc                                 0x000028a8   Section        0  printfa.o(i._sputc)
    _sputc                                   0x000028a9   Thumb Code    10  printfa.o(i._sputc)
    i.fputc                                  0x000028b4   Section        0  uart_driver.o(i.fputc)
    i.main                                   0x000028f8   Section        0  main.o(i.main)
    .constdata                               0x000029b8   Section     2072  oled_driver.o(.constdata)
    .constdata                               0x000031d0   Section       64  cw32f003_rcc.o(.constdata)
    .data                                    0x20000000   Section        5  pwm_driver.o(.data)
    pwm_frequency                            0x20000000   Data           4  pwm_driver.o(.data)
    pwm_duty_cycle                           0x20000004   Data           1  pwm_driver.o(.data)
    .data                                    0x20000008   Section        4  system_cw32f003.o(.data)
    .data                                    0x2000000c   Section        4  stdout.o(.data)
    .bss                                     0x20000010   Section      140  uart_driver.o(.bss)
    tx_buffer                                0x20000010   Data          70  uart_driver.o(.bss)
    rx_buffer                                0x20000056   Data          70  uart_driver.o(.bss)
    STACK                                    0x200000a0   Section      512  startup_cw32f003.o(STACK)

    Global Symbols

    Symbol Name                              Value     Ov Type        Size  Object(Section)

    BuildAttributes$$THM_ISAv3M$S$PE$A:L22$X:L11$S22$IEEE1$IW$USESV6$~STKCKD$USESV7$~SHL$OTIME$ROPI$EBA8$MICROLIB$REQ8$PRES8$EABIv2 0x00000000   Number         0  anon$$obj.o ABSOLUTE
    __ARM_use_no_argv                        0x00000000   Number         0  main.o ABSOLUTE
    __Vectors                                0x00000000   Data           0  startup_cw32f003.o(RESET)
    _printf_a                                0x00000000   Number         0  stubs.o ABSOLUTE
    _printf_c                                0x00000000   Number         0  stubs.o ABSOLUTE
    _printf_charcount                        0x00000000   Number         0  stubs.o ABSOLUTE
    _printf_d                                0x00000000   Number         0  stubs.o ABSOLUTE
    _printf_e                                0x00000000   Number         0  stubs.o ABSOLUTE
    _printf_f                                0x00000000   Number         0  stubs.o ABSOLUTE
    _printf_flags                            0x00000000   Number         0  stubs.o ABSOLUTE
    _printf_fp_dec                           0x00000000   Number         0  stubs.o ABSOLUTE
    _printf_fp_hex                           0x00000000   Number         0  stubs.o ABSOLUTE
    _printf_g                                0x00000000   Number         0  stubs.o ABSOLUTE
    _printf_i                                0x00000000   Number         0  stubs.o ABSOLUTE
    _printf_int_dec                          0x00000000   Number         0  stubs.o ABSOLUTE
    _printf_l                                0x00000000   Number         0  stubs.o ABSOLUTE
    _printf_lc                               0x00000000   Number         0  stubs.o ABSOLUTE
    _printf_ll                               0x00000000   Number         0  stubs.o ABSOLUTE
    _printf_lld                              0x00000000   Number         0  stubs.o ABSOLUTE
    _printf_lli                              0x00000000   Number         0  stubs.o ABSOLUTE
    _printf_llo                              0x00000000   Number         0  stubs.o ABSOLUTE
    _printf_llu                              0x00000000   Number         0  stubs.o ABSOLUTE
    _printf_llx                              0x00000000   Number         0  stubs.o ABSOLUTE
    _printf_longlong_dec                     0x00000000   Number         0  stubs.o ABSOLUTE
    _printf_longlong_hex                     0x00000000   Number         0  stubs.o ABSOLUTE
    _printf_longlong_oct                     0x00000000   Number         0  stubs.o ABSOLUTE
    _printf_ls                               0x00000000   Number         0  stubs.o ABSOLUTE
    _printf_mbtowc                           0x00000000   Number         0  stubs.o ABSOLUTE
    _printf_n                                0x00000000   Number         0  stubs.o ABSOLUTE
    _printf_o                                0x00000000   Number         0  stubs.o ABSOLUTE
    _printf_p                                0x00000000   Number         0  stubs.o ABSOLUTE
    _printf_percent                          0x00000000   Number         0  stubs.o ABSOLUTE
    _printf_pre_padding                      0x00000000   Number         0  stubs.o ABSOLUTE
    _printf_return_value                     0x00000000   Number         0  stubs.o ABSOLUTE
    _printf_s                                0x00000000   Number         0  stubs.o ABSOLUTE
    _printf_sizespec                         0x00000000   Number         0  stubs.o ABSOLUTE
    _printf_str                              0x00000000   Number         0  stubs.o ABSOLUTE
    _printf_truncate_signed                  0x00000000   Number         0  stubs.o ABSOLUTE
    _printf_truncate_unsigned                0x00000000   Number         0  stubs.o ABSOLUTE
    _printf_u                                0x00000000   Number         0  stubs.o ABSOLUTE
    _printf_wc                               0x00000000   Number         0  stubs.o ABSOLUTE
    _printf_wctomb                           0x00000000   Number         0  stubs.o ABSOLUTE
    _printf_widthprec                        0x00000000   Number         0  stubs.o ABSOLUTE
    _printf_x                                0x00000000   Number         0  stubs.o ABSOLUTE
    __cpp_initialize__aeabi_                  - Undefined Weak Reference
    __cxa_finalize                            - Undefined Weak Reference
    __decompress                              - Undefined Weak Reference
    _clock_init                               - Undefined Weak Reference
    _microlib_exit                            - Undefined Weak Reference
    __Vectors_End                            0x000000c0   Data           0  startup_cw32f003.o(RESET)
    __Vectors_Size                           0x000000c0   Number         0  startup_cw32f003.o ABSOLUTE
    __main                                   0x000000c1   Thumb Code     0  entry.o(.ARM.Collect$$$$00000000)
    _main_stk                                0x000000c1   Thumb Code     0  entry2.o(.ARM.Collect$$$$00000001)
    _main_scatterload                        0x000000c5   Thumb Code     0  entry5.o(.ARM.Collect$$$$00000004)
    __main_after_scatterload                 0x000000c9   Thumb Code     0  entry5.o(.ARM.Collect$$$$00000004)
    _main_clock                              0x000000c9   Thumb Code     0  entry7b.o(.ARM.Collect$$$$00000008)
    _main_cpp_init                           0x000000c9   Thumb Code     0  entry8b.o(.ARM.Collect$$$$0000000A)
    _main_init                               0x000000c9   Thumb Code     0  entry9a.o(.ARM.Collect$$$$0000000B)
    __rt_final_cpp                           0x000000d1   Thumb Code     0  entry10a.o(.ARM.Collect$$$$0000000D)
    __rt_final_exit                          0x000000d1   Thumb Code     0  entry11a.o(.ARM.Collect$$$$0000000F)
    Reset_Handler                            0x000000d5   Thumb Code    26  startup_cw32f003.o(.text)
    __aeabi_uidiv                            0x00000111   Thumb Code     0  uidiv.o(.text)
    __aeabi_uidivmod                         0x00000111   Thumb Code    44  uidiv.o(.text)
    __aeabi_idiv                             0x0000013d   Thumb Code     0  idiv.o(.text)
    __aeabi_idivmod                          0x0000013d   Thumb Code    40  idiv.o(.text)
    __aeabi_fadd                             0x00000165   Thumb Code   162  fadd.o(.text)
    __aeabi_fsub                             0x00000207   Thumb Code     8  fadd.o(.text)
    __aeabi_frsub                            0x0000020f   Thumb Code     8  fadd.o(.text)
    __aeabi_fmul                             0x00000217   Thumb Code   122  fmul.o(.text)
    __aeabi_fdiv                             0x00000291   Thumb Code   124  fdiv.o(.text)
    __aeabi_dadd                             0x0000030d   Thumb Code   328  dadd.o(.text)
    __aeabi_dsub                             0x00000455   Thumb Code    12  dadd.o(.text)
    __aeabi_drsub                            0x00000461   Thumb Code    12  dadd.o(.text)
    __aeabi_ui2f                             0x00000471   Thumb Code    14  ffltui.o(.text)
    __aeabi_f2uiz                            0x0000047f   Thumb Code    40  ffixui.o(.text)
    __aeabi_d2uiz                            0x000004a9   Thumb Code    50  dfixui.o(.text)
    __aeabi_f2d                              0x000004e5   Thumb Code    40  f2d.o(.text)
    __aeabi_uldivmod                         0x0000050d   Thumb Code    96  uldiv.o(.text)
    __aeabi_llsl                             0x0000056d   Thumb Code    32  llshl.o(.text)
    _ll_shift_l                              0x0000056d   Thumb Code     0  llshl.o(.text)
    __aeabi_llsr                             0x0000058d   Thumb Code    34  llushr.o(.text)
    _ll_ushift_r                             0x0000058d   Thumb Code     0  llushr.o(.text)
    __aeabi_lasr                             0x000005af   Thumb Code    38  llsshr.o(.text)
    _ll_sshift_r                             0x000005af   Thumb Code     0  llsshr.o(.text)
    __I$use$fp                               0x000005d5   Thumb Code     0  iusefp.o(.text)
    _float_round                             0x000005d5   Thumb Code    16  fepilogue.o(.text)
    _float_epilogue                          0x000005e5   Thumb Code   114  fepilogue.o(.text)
    _double_round                            0x00000657   Thumb Code    26  depilogue.o(.text)
    _double_epilogue                         0x00000671   Thumb Code   164  depilogue.o(.text)
    __aeabi_dmul                             0x00000715   Thumb Code   202  dmul.o(.text)
    __aeabi_ddiv                             0x000007e5   Thumb Code   234  ddiv.o(.text)
    __aeabi_d2ulz                            0x000008d5   Thumb Code    54  dfixul.o(.text)
    __aeabi_cdrcmple                         0x00000915   Thumb Code    38  cdrcmple.o(.text)
    __scatterload                            0x0000093d   Thumb Code    28  init.o(.text)
    __scatterload_rt2                        0x0000093d   Thumb Code     0  init.o(.text)
    ADC_BufEnSingleCh                        0x00000961   Thumb Code    62  cw32f003_adc.o(i.ADC_BufEnSingleCh)
    ADC_ClearITPendingBit                    0x000009a5   Thumb Code    12  cw32f003_adc.o(i.ADC_ClearITPendingBit)
    ADC_DeInit                               0x000009b5   Thumb Code    26  cw32f003_adc.o(i.ADC_DeInit)
    ADC_Driver_Init                          0x000009d5   Thumb Code   104  adc_driver.o(i.ADC_Driver_Init)
    ADC_Enable                               0x00000a61   Thumb Code    28  cw32f003_adc.o(i.ADC_Enable)
    ADC_GetConversionValue                   0x00000a81   Thumb Code     8  cw32f003_adc.o(i.ADC_GetConversionValue)
    ADC_GetITStatus                          0x00000a8d   Thumb Code    20  cw32f003_adc.o(i.ADC_GetITStatus)
    ADC_IRQHandler                           0x00000aa5   Thumb Code     2  interrupts_cw32f003.o(i.ADC_IRQHandler)
    ADC_Init                                 0x00000aa9   Thumb Code   116  cw32f003_adc.o(i.ADC_Init)
    ADC_Read_Internal_Temperature            0x00000b2d   Thumb Code   186  adc_driver.o(i.ADC_Read_Internal_Temperature)
    ADC_Read_RawValue                        0x00000bf1   Thumb Code    32  adc_driver.o(i.ADC_Read_RawValue)
    ADC_Read_Voltage_mV                      0x00000c11   Thumb Code   106  adc_driver.o(i.ADC_Read_Voltage_mV)
    ADC_SingleChCommon                       0x00000c85   Thumb Code    58  cw32f003_adc.o(i.ADC_SingleChCommon)
    ADC_SingleChOneModeCfg                   0x00000cc5   Thumb Code    24  cw32f003_adc.o(i.ADC_SingleChOneModeCfg)
    ADC_SoftwareStartConvCmd                 0x00000ce1   Thumb Code    32  cw32f003_adc.o(i.ADC_SoftwareStartConvCmd)
    ADC_WdtConfig                            0x00000d05   Thumb Code    78  cw32f003_adc.o(i.ADC_WdtConfig)
    ADC_WdtInit                              0x00000d59   Thumb Code    22  cw32f003_adc.o(i.ADC_WdtInit)
    ATIM_ClearITPendingBit                   0x00000d75   Thumb Code     8  cw32f003_atim.o(i.ATIM_ClearITPendingBit)
    ATIM_Cmd                                 0x00000d81   Thumb Code    20  cw32f003_atim.o(i.ATIM_Cmd)
    ATIM_CtrlPWMOutputs                      0x00000d99   Thumb Code    26  cw32f003_atim.o(i.ATIM_CtrlPWMOutputs)
    ATIM_GetITStatus                         0x00000db9   Thumb Code    20  cw32f003_atim.o(i.ATIM_GetITStatus)
    ATIM_IRQHandler                          0x00000dd1   Thumb Code    20  interrupts_cw32f003.o(i.ATIM_IRQHandler)
    ATIM_Init                                0x00000de5   Thumb Code    94  cw32f003_atim.o(i.ATIM_Init)
    ATIM_OC2BInit                            0x00000e4d   Thumb Code    78  cw32f003_atim.o(i.ATIM_OC2BInit)
    ATIM_SetCompare2B                        0x00000ea1   Thumb Code     6  cw32f003_atim.o(i.ATIM_SetCompare2B)
    AWT_IRQHandler                           0x00000ead   Thumb Code     2  interrupts_cw32f003.o(i.AWT_IRQHandler)
    BTIM1_IRQHandler                         0x00000eaf   Thumb Code     2  interrupts_cw32f003.o(i.BTIM1_IRQHandler)
    BTIM2_IRQHandler                         0x00000eb1   Thumb Code     2  interrupts_cw32f003.o(i.BTIM2_IRQHandler)
    BTIM3_IRQHandler                         0x00000eb3   Thumb Code     2  interrupts_cw32f003.o(i.BTIM3_IRQHandler)
    FLASHRAM_IRQHandler                      0x00000f61   Thumb Code     2  interrupts_cw32f003.o(i.FLASHRAM_IRQHandler)
    FLASH_SetLatency                         0x00000f65   Thumb Code    24  cw32f003_flash.o(i.FLASH_SetLatency)
    FirmwareDelay                            0x00000f89   Thumb Code    18  system_cw32f003.o(i.FirmwareDelay)
    GPIOA_IRQHandler                         0x00000f9b   Thumb Code     2  interrupts_cw32f003.o(i.GPIOA_IRQHandler)
    GPIOB_IRQHandler                         0x00000f9d   Thumb Code     2  interrupts_cw32f003.o(i.GPIOB_IRQHandler)
    GPIOC_IRQHandler                         0x00000f9f   Thumb Code     2  interrupts_cw32f003.o(i.GPIOC_IRQHandler)
    GPIO_Init                                0x00000fa1   Thumb Code   226  cw32f003_gpio.o(i.GPIO_Init)
    GTIM_IRQHandler                          0x00001083   Thumb Code     2  interrupts_cw32f003.o(i.GTIM_IRQHandler)
    HardFault_Handler                        0x00001085   Thumb Code     4  interrupts_cw32f003.o(i.HardFault_Handler)
    I2C_AcknowledgeConfig                    0x00001089   Thumb Code    34  cw32f003_i2c.o(i.I2C_AcknowledgeConfig)
    I2C_BaudGeneratorEnable                  0x000010b1   Thumb Code    34  cw32f003_i2c.o(i.I2C_BaudGeneratorEnable)
    I2C_ClearIrq                             0x000010d9   Thumb Code    14  cw32f003_i2c.o(i.I2C_ClearIrq)
    I2C_Cmd                                  0x000010ed   Thumb Code    34  cw32f003_i2c.o(i.I2C_Cmd)
    I2C_DeInit                               0x00001115   Thumb Code    36  cw32f003_i2c.o(i.I2C_DeInit)
    I2C_FilterConfig                         0x00001141   Thumb Code    34  cw32f003_i2c.o(i.I2C_FilterConfig)
    I2C_GenerateSTART                        0x00001169   Thumb Code    96  cw32f003_i2c.o(i.I2C_GenerateSTART)
    I2C_GenerateSTOP                         0x000011cd   Thumb Code    34  cw32f003_i2c.o(i.I2C_GenerateSTOP)
    I2C_GetIrq                               0x000011f5   Thumb Code    12  cw32f003_i2c.o(i.I2C_GetIrq)
    I2C_GetState                             0x00001205   Thumb Code     8  cw32f003_i2c.o(i.I2C_GetState)
    I2C_IRQHandler                           0x00001211   Thumb Code     2  interrupts_cw32f003.o(i.I2C_IRQHandler)
    I2C_Master_Init                          0x00001213   Thumb Code    42  cw32f003_i2c.o(i.I2C_Master_Init)
    I2C_Send7bitAddress                      0x0000123d   Thumb Code    20  cw32f003_i2c.o(i.I2C_Send7bitAddress)
    I2C_SendData                             0x00001255   Thumb Code     6  cw32f003_i2c.o(i.I2C_SendData)
    I2C_SetBaud                              0x00001261   Thumb Code     6  cw32f003_i2c.o(i.I2C_SetBaud)
    LVD_IRQHandler                           0x0000126d   Thumb Code     2  interrupts_cw32f003.o(i.LVD_IRQHandler)
    NMI_Handler                              0x0000126f   Thumb Code     2  interrupts_cw32f003.o(i.NMI_Handler)
    OLED_Clear                               0x00001271   Thumb Code    42  oled_driver.o(i.OLED_Clear)
    OLED_Init                                0x0000129d   Thumb Code   280  oled_driver.o(i.OLED_Init)
    OLED_SetCursor                           0x000013c1   Thumb Code    44  oled_driver.o(i.OLED_SetCursor)
    OLED_ShowChar                            0x000013ed   Thumb Code   142  oled_driver.o(i.OLED_ShowChar)
    OLED_ShowString                          0x00001485   Thumb Code   110  oled_driver.o(i.OLED_ShowString)
    OLED_WriteBytes                          0x000014f5   Thumb Code   228  oled_driver.o(i.OLED_WriteBytes)
    OLED_WriteCommand                        0x000015dd   Thumb Code    14  oled_driver.o(i.OLED_WriteCommand)
    OLED_WriteData                           0x000015eb   Thumb Code    14  oled_driver.o(i.OLED_WriteData)
    PWM_Driver_Init                          0x000015f9   Thumb Code   366  pwm_driver.o(i.PWM_Driver_Init)
    PWM_Get_DutyCycle                        0x00001779   Thumb Code     6  pwm_driver.o(i.PWM_Get_DutyCycle)
    PWM_Get_Frequency                        0x00001785   Thumb Code     6  pwm_driver.o(i.PWM_Get_Frequency)
    PendSV_Handler                           0x00001791   Thumb Code     2  interrupts_cw32f003.o(i.PendSV_Handler)
    RCC_AHBPeriphClk_Enable                  0x00001795   Thumb Code    28  cw32f003_rcc.o(i.RCC_AHBPeriphClk_Enable)
    RCC_APBPeriphClk_Enable2                 0x000017b5   Thumb Code    28  cw32f003_rcc.o(i.RCC_APBPeriphClk_Enable2)
    RCC_GetStableFlag                        0x000017d5   Thumb Code    20  cw32f003_rcc.o(i.RCC_GetStableFlag)
    RCC_HSI_Enable                           0x000017ed   Thumb Code    42  cw32f003_rcc.o(i.RCC_HSI_Enable)
    RCC_SysClk_Switch                        0x00001825   Thumb Code    54  cw32f003_rcc.o(i.RCC_SysClk_Switch)
    RCC_Sysctrl_GetHClkFreq                  0x00001865   Thumb Code    98  cw32f003_rcc.o(i.RCC_Sysctrl_GetHClkFreq)
    RCC_Sysctrl_GetPClkFreq                  0x000018dd   Thumb Code    28  cw32f003_rcc.o(i.RCC_Sysctrl_GetPClkFreq)
    RCC_SystemCoreClockUpdate                0x000018fd   Thumb Code     6  cw32f003_rcc.o(i.RCC_SystemCoreClockUpdate)
    SPI_IRQHandler                           0x000019cb   Thumb Code     2  interrupts_cw32f003.o(i.SPI_IRQHandler)
    SVC_Handler                              0x000019cd   Thumb Code     2  interrupts_cw32f003.o(i.SVC_Handler)
    SYSCTRL_IRQHandler                       0x000019cf   Thumb Code     2  interrupts_cw32f003.o(i.SYSCTRL_IRQHandler)
    SysTick_Handler                          0x000019d1   Thumb Code     2  interrupts_cw32f003.o(i.SysTick_Handler)
    SystemCoreClockUpdate                    0x000019d5   Thumb Code    86  system_cw32f003.o(i.SystemCoreClockUpdate)
    SystemInit                               0x00001a41   Thumb Code    82  system_cw32f003.o(i.SystemInit)
    UART1_IRQHandler                         0x00001b81   Thumb Code    36  interrupts_cw32f003.o(i.UART1_IRQHandler)
    UART2_IRQHandler                         0x00001ba9   Thumb Code     2  interrupts_cw32f003.o(i.UART2_IRQHandler)
    UART_Driver_Handle_RC                    0x00001bad   Thumb Code    42  uart_driver.o(i.UART_Driver_Handle_RC)
    UART_Driver_Handle_TXE                   0x00001be1   Thumb Code    38  uart_driver.o(i.UART_Driver_Handle_TXE)
    UART_Driver_Init                         0x00001c11   Thumb Code   224  uart_driver.o(i.UART_Driver_Init)
    USART_ClearITPendingBit                  0x00001d09   Thumb Code     8  cw32f003_uart.o(i.USART_ClearITPendingBit)
    USART_GetFlagStatus                      0x00001d11   Thumb Code    18  cw32f003_uart.o(i.USART_GetFlagStatus)
    USART_GetITStatus                        0x00001d23   Thumb Code    18  cw32f003_uart.o(i.USART_GetITStatus)
    USART_ITConfig                           0x00001d35   Thumb Code    26  cw32f003_uart.o(i.USART_ITConfig)
    USART_Init                               0x00001d51   Thumb Code   362  cw32f003_uart.o(i.USART_Init)
    USART_ReceiveData_8bit                   0x00001ec5   Thumb Code     8  cw32f003_uart.o(i.USART_ReceiveData_8bit)
    USART_SendData_8bit                      0x00001ecd   Thumb Code     4  cw32f003_uart.o(i.USART_SendData_8bit)
    VC1_IRQHandler                           0x00001ee5   Thumb Code     2  interrupts_cw32f003.o(i.VC1_IRQHandler)
    VC2_IRQHandler                           0x00001ee7   Thumb Code     2  interrupts_cw32f003.o(i.VC2_IRQHandler)
    WDT_IRQHandler                           0x00001ee9   Thumb Code     2  interrupts_cw32f003.o(i.WDT_IRQHandler)
    __0printf                                0x00001eed   Thumb Code    24  printfa.o(i.__0printf)
    __1printf                                0x00001eed   Thumb Code     0  printfa.o(i.__0printf)
    __2printf                                0x00001eed   Thumb Code     0  printfa.o(i.__0printf)
    __c89printf                              0x00001eed   Thumb Code     0  printfa.o(i.__0printf)
    printf                                   0x00001eed   Thumb Code     0  printfa.o(i.__0printf)
    __0sprintf                               0x00001f0d   Thumb Code    36  printfa.o(i.__0sprintf)
    __1sprintf                               0x00001f0d   Thumb Code     0  printfa.o(i.__0sprintf)
    __2sprintf                               0x00001f0d   Thumb Code     0  printfa.o(i.__0sprintf)
    __c89sprintf                             0x00001f0d   Thumb Code     0  printfa.o(i.__0sprintf)
    sprintf                                  0x00001f0d   Thumb Code     0  printfa.o(i.__0sprintf)
    __ARM_clz                                0x00001f35   Thumb Code    46  depilogue.o(i.__ARM_clz)
    __scatterload_copy                       0x00001fdd   Thumb Code    14  handlers.o(i.__scatterload_copy)
    __scatterload_null                       0x00001feb   Thumb Code     2  handlers.o(i.__scatterload_null)
    __scatterload_zeroinit                   0x00001fed   Thumb Code    14  handlers.o(i.__scatterload_zeroinit)
    fputc                                    0x000028b5   Thumb Code    58  uart_driver.o(i.fputc)
    main                                     0x000028f9   Thumb Code   144  main.o(i.main)
    F6x8                                     0x000029b8   Data         552  oled_driver.o(.constdata)
    F8X16                                    0x00002be0   Data        1520  oled_driver.o(.constdata)
    hsiprs_tbl                               0x000031d0   Data          64  cw32f003_rcc.o(.constdata)
    Region$$Table$$Base                      0x00003210   Number         0  anon$$obj.o(Region$$Table)
    Region$$Table$$Limit                     0x00003230   Number         0  anon$$obj.o(Region$$Table)
    SystemCoreClock                          0x20000008   Data           4  system_cw32f003.o(.data)
    __stdout                                 0x2000000c   Data           4  stdout.o(.data)
    __initial_sp                             0x200002a0   Data           0  startup_cw32f003.o(STACK)



==============================================================================

Memory Map of the image

  Image Entry point : 0x000000c1

  Load Region LR_IROM1 (Base: 0x00000000, Size: 0x00003240, Max: 0x00005000, ABSOLUTE)

    Execution Region ER_IROM1 (Exec base: 0x00000000, Load base: 0x00000000, Size: 0x00003230, Max: 0x00005000, ABSOLUTE)

    Exec Addr    Load Addr    Size         Type   Attr      Idx    E Section Name        Object

    0x00000000   0x00000000   0x000000c0   Data   RO            3    RESET               startup_cw32f003.o
    0x000000c0   0x000000c0   0x00000000   Code   RO         3285  * .ARM.Collect$$$$00000000  mc_p.l(entry.o)
    0x000000c0   0x000000c0   0x00000004   Code   RO         3571    .ARM.Collect$$$$00000001  mc_p.l(entry2.o)
    0x000000c4   0x000000c4   0x00000004   Code   RO         3574    .ARM.Collect$$$$00000004  mc_p.l(entry5.o)
    0x000000c8   0x000000c8   0x00000000   Code   RO         3576    .ARM.Collect$$$$00000008  mc_p.l(entry7b.o)
    0x000000c8   0x000000c8   0x00000000   Code   RO         3578    .ARM.Collect$$$$0000000A  mc_p.l(entry8b.o)
    0x000000c8   0x000000c8   0x00000008   Code   RO         3579    .ARM.Collect$$$$0000000B  mc_p.l(entry9a.o)
    0x000000d0   0x000000d0   0x00000000   Code   RO         3581    .ARM.Collect$$$$0000000D  mc_p.l(entry10a.o)
    0x000000d0   0x000000d0   0x00000000   Code   RO         3583    .ARM.Collect$$$$0000000F  mc_p.l(entry11a.o)
    0x000000d0   0x000000d0   0x00000004   Code   RO         3572    .ARM.Collect$$$$00002712  mc_p.l(entry2.o)
    0x000000d4   0x000000d4   0x0000003c   Code   RO            4    .text               startup_cw32f003.o
    0x00000110   0x00000110   0x0000002c   Code   RO         3288    .text               mc_p.l(uidiv.o)
    0x0000013c   0x0000013c   0x00000028   Code   RO         3290    .text               mc_p.l(idiv.o)
    0x00000164   0x00000164   0x000000b2   Code   RO         3553    .text               mf_p.l(fadd.o)
    0x00000216   0x00000216   0x0000007a   Code   RO         3555    .text               mf_p.l(fmul.o)
    0x00000290   0x00000290   0x0000007c   Code   RO         3557    .text               mf_p.l(fdiv.o)
    0x0000030c   0x0000030c   0x00000164   Code   RO         3559    .text               mf_p.l(dadd.o)
    0x00000470   0x00000470   0x0000000e   Code   RO         3563    .text               mf_p.l(ffltui.o)
    0x0000047e   0x0000047e   0x00000028   Code   RO         3565    .text               mf_p.l(ffixui.o)
    0x000004a6   0x000004a6   0x00000002   PAD
    0x000004a8   0x000004a8   0x0000003c   Code   RO         3567    .text               mf_p.l(dfixui.o)
    0x000004e4   0x000004e4   0x00000028   Code   RO         3569    .text               mf_p.l(f2d.o)
    0x0000050c   0x0000050c   0x00000060   Code   RO         3586    .text               mc_p.l(uldiv.o)
    0x0000056c   0x0000056c   0x00000020   Code   RO         3588    .text               mc_p.l(llshl.o)
    0x0000058c   0x0000058c   0x00000022   Code   RO         3590    .text               mc_p.l(llushr.o)
    0x000005ae   0x000005ae   0x00000026   Code   RO         3592    .text               mc_p.l(llsshr.o)
    0x000005d4   0x000005d4   0x00000000   Code   RO         3594    .text               mc_p.l(iusefp.o)
    0x000005d4   0x000005d4   0x00000082   Code   RO         3595    .text               mf_p.l(fepilogue.o)
    0x00000656   0x00000656   0x000000be   Code   RO         3597    .text               mf_p.l(depilogue.o)
    0x00000714   0x00000714   0x000000d0   Code   RO         3601    .text               mf_p.l(dmul.o)
    0x000007e4   0x000007e4   0x000000f0   Code   RO         3603    .text               mf_p.l(ddiv.o)
    0x000008d4   0x000008d4   0x00000040   Code   RO         3605    .text               mf_p.l(dfixul.o)
    0x00000914   0x00000914   0x00000028   Code   RO         3607    .text               mf_p.l(cdrcmple.o)
    0x0000093c   0x0000093c   0x00000024   Code   RO         3609    .text               mc_p.l(init.o)
    0x00000960   0x00000960   0x00000044   Code   RO          586    i.ADC_BufEnSingleCh  cw32f003_adc.o
    0x000009a4   0x000009a4   0x00000010   Code   RO          588    i.ADC_ClearITPendingBit  cw32f003_adc.o
    0x000009b4   0x000009b4   0x00000020   Code   RO          590    i.ADC_DeInit        cw32f003_adc.o
    0x000009d4   0x000009d4   0x0000008c   Code   RO          542    i.ADC_Driver_Init   adc_driver.o
    0x00000a60   0x00000a60   0x00000020   Code   RO          594    i.ADC_Enable        cw32f003_adc.o
    0x00000a80   0x00000a80   0x0000000c   Code   RO          599    i.ADC_GetConversionValue  cw32f003_adc.o
    0x00000a8c   0x00000a8c   0x00000018   Code   RO          600    i.ADC_GetITStatus   cw32f003_adc.o
    0x00000aa4   0x00000aa4   0x00000002   Code   RO          124    i.ADC_IRQHandler    interrupts_cw32f003.o
    0x00000aa6   0x00000aa6   0x00000002   PAD
    0x00000aa8   0x00000aa8   0x00000084   Code   RO          609    i.ADC_Init          cw32f003_adc.o
    0x00000b2c   0x00000b2c   0x000000c4   Code   RO          543    i.ADC_Read_Internal_Temperature  adc_driver.o
    0x00000bf0   0x00000bf0   0x00000020   Code   RO          544    i.ADC_Read_RawValue  adc_driver.o
    0x00000c10   0x00000c10   0x00000074   Code   RO          545    i.ADC_Read_Voltage_mV  adc_driver.o
    0x00000c84   0x00000c84   0x00000040   Code   RO          619    i.ADC_SingleChCommon  cw32f003_adc.o
    0x00000cc4   0x00000cc4   0x0000001c   Code   RO          622    i.ADC_SingleChOneModeCfg  cw32f003_adc.o
    0x00000ce0   0x00000ce0   0x00000024   Code   RO          623    i.ADC_SoftwareStartConvCmd  cw32f003_adc.o
    0x00000d04   0x00000d04   0x00000054   Code   RO          629    i.ADC_WdtConfig     cw32f003_adc.o
    0x00000d58   0x00000d58   0x0000001c   Code   RO          630    i.ADC_WdtInit       cw32f003_adc.o
    0x00000d74   0x00000d74   0x0000000c   Code   RO          899    i.ATIM_ClearITPendingBit  cw32f003_atim.o
    0x00000d80   0x00000d80   0x00000018   Code   RO          900    i.ATIM_Cmd          cw32f003_atim.o
    0x00000d98   0x00000d98   0x00000020   Code   RO          901    i.ATIM_CtrlPWMOutputs  cw32f003_atim.o
    0x00000db8   0x00000db8   0x00000018   Code   RO          911    i.ATIM_GetITStatus  cw32f003_atim.o
    0x00000dd0   0x00000dd0   0x00000014   Code   RO          125    i.ATIM_IRQHandler   interrupts_cw32f003.o
    0x00000de4   0x00000de4   0x00000068   Code   RO          920    i.ATIM_Init         cw32f003_atim.o
    0x00000e4c   0x00000e4c   0x00000054   Code   RO          925    i.ATIM_OC2BInit     cw32f003_atim.o
    0x00000ea0   0x00000ea0   0x0000000c   Code   RO          933    i.ATIM_SetCompare2B  cw32f003_atim.o
    0x00000eac   0x00000eac   0x00000002   Code   RO          126    i.AWT_IRQHandler    interrupts_cw32f003.o
    0x00000eae   0x00000eae   0x00000002   Code   RO          127    i.BTIM1_IRQHandler  interrupts_cw32f003.o
    0x00000eb0   0x00000eb0   0x00000002   Code   RO          128    i.BTIM2_IRQHandler  interrupts_cw32f003.o
    0x00000eb2   0x00000eb2   0x00000002   Code   RO          129    i.BTIM3_IRQHandler  interrupts_cw32f003.o
    0x00000eb4   0x00000eb4   0x0000006c   Code   RO           12    i.Display_Status    main.o
    0x00000f20   0x00000f20   0x00000040   Code   RO           13    i.Error_Handler     main.o
    0x00000f60   0x00000f60   0x00000002   Code   RO          130    i.FLASHRAM_IRQHandler  interrupts_cw32f003.o
    0x00000f62   0x00000f62   0x00000002   PAD
    0x00000f64   0x00000f64   0x00000024   Code   RO         1524    i.FLASH_SetLatency  cw32f003_flash.o
    0x00000f88   0x00000f88   0x00000012   Code   RO         3243    i.FirmwareDelay     system_cw32f003.o
    0x00000f9a   0x00000f9a   0x00000002   Code   RO          131    i.GPIOA_IRQHandler  interrupts_cw32f003.o
    0x00000f9c   0x00000f9c   0x00000002   Code   RO          132    i.GPIOB_IRQHandler  interrupts_cw32f003.o
    0x00000f9e   0x00000f9e   0x00000002   Code   RO          133    i.GPIOC_IRQHandler  interrupts_cw32f003.o
    0x00000fa0   0x00000fa0   0x000000e2   Code   RO         1631    i.GPIO_Init         cw32f003_gpio.o
    0x00001082   0x00001082   0x00000002   Code   RO          134    i.GTIM_IRQHandler   interrupts_cw32f003.o
    0x00001084   0x00001084   0x00000004   Code   RO          135    i.HardFault_Handler  interrupts_cw32f003.o
    0x00001088   0x00001088   0x00000028   Code   RO         1856    i.I2C_AcknowledgeConfig  cw32f003_i2c.o
    0x000010b0   0x000010b0   0x00000028   Code   RO         1857    i.I2C_BaudGeneratorEnable  cw32f003_i2c.o
    0x000010d8   0x000010d8   0x00000014   Code   RO         1858    i.I2C_ClearIrq      cw32f003_i2c.o
    0x000010ec   0x000010ec   0x00000028   Code   RO         1859    i.I2C_Cmd           cw32f003_i2c.o
    0x00001114   0x00001114   0x0000002c   Code   RO         1860    i.I2C_DeInit        cw32f003_i2c.o
    0x00001140   0x00001140   0x00000028   Code   RO         1861    i.I2C_FilterConfig  cw32f003_i2c.o
    0x00001168   0x00001168   0x00000064   Code   RO         1863    i.I2C_GenerateSTART  cw32f003_i2c.o
    0x000011cc   0x000011cc   0x00000028   Code   RO         1864    i.I2C_GenerateSTOP  cw32f003_i2c.o
    0x000011f4   0x000011f4   0x00000010   Code   RO         1865    i.I2C_GetIrq        cw32f003_i2c.o
    0x00001204   0x00001204   0x0000000c   Code   RO         1866    i.I2C_GetState      cw32f003_i2c.o
    0x00001210   0x00001210   0x00000002   Code   RO          136    i.I2C_IRQHandler    interrupts_cw32f003.o
    0x00001212   0x00001212   0x0000002a   Code   RO         1871    i.I2C_Master_Init   cw32f003_i2c.o
    0x0000123c   0x0000123c   0x00000018   Code   RO         1873    i.I2C_Send7bitAddress  cw32f003_i2c.o
    0x00001254   0x00001254   0x0000000c   Code   RO         1874    i.I2C_SendData      cw32f003_i2c.o
    0x00001260   0x00001260   0x0000000c   Code   RO         1875    i.I2C_SetBaud       cw32f003_i2c.o
    0x0000126c   0x0000126c   0x00000002   Code   RO          137    i.LVD_IRQHandler    interrupts_cw32f003.o
    0x0000126e   0x0000126e   0x00000002   Code   RO          138    i.NMI_Handler       interrupts_cw32f003.o
    0x00001270   0x00001270   0x0000002a   Code   RO          428    i.OLED_Clear        oled_driver.o
    0x0000129a   0x0000129a   0x00000002   PAD
    0x0000129c   0x0000129c   0x00000124   Code   RO          432    i.OLED_Init         oled_driver.o
    0x000013c0   0x000013c0   0x0000002c   Code   RO          433    i.OLED_SetCursor    oled_driver.o
    0x000013ec   0x000013ec   0x00000098   Code   RO          434    i.OLED_ShowChar     oled_driver.o
    0x00001484   0x00001484   0x0000006e   Code   RO          437    i.OLED_ShowString   oled_driver.o
    0x000014f2   0x000014f2   0x00000002   PAD
    0x000014f4   0x000014f4   0x000000e8   Code   RO          439    i.OLED_WriteBytes   oled_driver.o
    0x000015dc   0x000015dc   0x0000000e   Code   RO          440    i.OLED_WriteCommand  oled_driver.o
    0x000015ea   0x000015ea   0x0000000e   Code   RO          441    i.OLED_WriteData    oled_driver.o
    0x000015f8   0x000015f8   0x00000180   Code   RO          391    i.PWM_Driver_Init   pwm_driver.o
    0x00001778   0x00001778   0x0000000c   Code   RO          392    i.PWM_Get_DutyCycle  pwm_driver.o
    0x00001784   0x00001784   0x0000000c   Code   RO          393    i.PWM_Get_Frequency  pwm_driver.o
    0x00001790   0x00001790   0x00000002   Code   RO          139    i.PendSV_Handler    interrupts_cw32f003.o
    0x00001792   0x00001792   0x00000002   PAD
    0x00001794   0x00001794   0x00000020   Code   RO         2313    i.RCC_AHBPeriphClk_Enable  cw32f003_rcc.o
    0x000017b4   0x000017b4   0x00000020   Code   RO         2316    i.RCC_APBPeriphClk_Enable2  cw32f003_rcc.o
    0x000017d4   0x000017d4   0x00000018   Code   RO         2333    i.RCC_GetStableFlag  cw32f003_rcc.o
    0x000017ec   0x000017ec   0x00000038   Code   RO         2339    i.RCC_HSI_Enable    cw32f003_rcc.o
    0x00001824   0x00001824   0x00000040   Code   RO         2351    i.RCC_SysClk_Switch  cw32f003_rcc.o
    0x00001864   0x00001864   0x00000078   Code   RO         2352    i.RCC_Sysctrl_GetHClkFreq  cw32f003_rcc.o
    0x000018dc   0x000018dc   0x00000020   Code   RO         2353    i.RCC_Sysctrl_GetPClkFreq  cw32f003_rcc.o
    0x000018fc   0x000018fc   0x0000000c   Code   RO         2354    i.RCC_SystemCoreClockUpdate  cw32f003_rcc.o
    0x00001908   0x00001908   0x00000048   Code   RO          300    i.RingBuffer_Get    uart_driver.o
    0x00001950   0x00001950   0x00000010   Code   RO          301    i.RingBuffer_Init   uart_driver.o
    0x00001960   0x00001960   0x00000012   Code   RO          302    i.RingBuffer_IsEmpty  uart_driver.o
    0x00001972   0x00001972   0x00000012   Code   RO          303    i.RingBuffer_IsFull  uart_driver.o
    0x00001984   0x00001984   0x00000046   Code   RO          304    i.RingBuffer_Put    uart_driver.o
    0x000019ca   0x000019ca   0x00000002   Code   RO          140    i.SPI_IRQHandler    interrupts_cw32f003.o
    0x000019cc   0x000019cc   0x00000002   Code   RO          141    i.SVC_Handler       interrupts_cw32f003.o
    0x000019ce   0x000019ce   0x00000002   Code   RO          142    i.SYSCTRL_IRQHandler  interrupts_cw32f003.o
    0x000019d0   0x000019d0   0x00000002   Code   RO          143    i.SysTick_Handler   interrupts_cw32f003.o
    0x000019d2   0x000019d2   0x00000002   PAD
    0x000019d4   0x000019d4   0x0000006c   Code   RO         3245    i.SystemCoreClockUpdate  system_cw32f003.o
    0x00001a40   0x00001a40   0x0000005c   Code   RO         3246    i.SystemInit        system_cw32f003.o
    0x00001a9c   0x00001a9c   0x000000e4   Code   RO           14    i.System_Init       main.o
    0x00001b80   0x00001b80   0x00000028   Code   RO          144    i.UART1_IRQHandler  interrupts_cw32f003.o
    0x00001ba8   0x00001ba8   0x00000002   Code   RO          145    i.UART2_IRQHandler  interrupts_cw32f003.o
    0x00001baa   0x00001baa   0x00000002   PAD
    0x00001bac   0x00001bac   0x00000034   Code   RO          306    i.UART_Driver_Handle_RC  uart_driver.o
    0x00001be0   0x00001be0   0x00000030   Code   RO          307    i.UART_Driver_Handle_TXE  uart_driver.o
    0x00001c10   0x00001c10   0x000000f8   Code   RO          308    i.UART_Driver_Init  uart_driver.o
    0x00001d08   0x00001d08   0x00000008   Code   RO         2768    i.USART_ClearITPendingBit  cw32f003_uart.o
    0x00001d10   0x00001d10   0x00000012   Code   RO         2772    i.USART_GetFlagStatus  cw32f003_uart.o
    0x00001d22   0x00001d22   0x00000012   Code   RO         2773    i.USART_GetITStatus  cw32f003_uart.o
    0x00001d34   0x00001d34   0x0000001a   Code   RO         2775    i.USART_ITConfig    cw32f003_uart.o
    0x00001d4e   0x00001d4e   0x00000002   PAD
    0x00001d50   0x00001d50   0x00000174   Code   RO         2776    i.USART_Init        cw32f003_uart.o
    0x00001ec4   0x00001ec4   0x00000008   Code   RO         2779    i.USART_ReceiveData_8bit  cw32f003_uart.o
    0x00001ecc   0x00001ecc   0x00000004   Code   RO         2781    i.USART_SendData_8bit  cw32f003_uart.o
    0x00001ed0   0x00001ed0   0x00000014   Code   RO           15    i.Update_OLED_Display  main.o
    0x00001ee4   0x00001ee4   0x00000002   Code   RO          146    i.VC1_IRQHandler    interrupts_cw32f003.o
    0x00001ee6   0x00001ee6   0x00000002   Code   RO          147    i.VC2_IRQHandler    interrupts_cw32f003.o
    0x00001ee8   0x00001ee8   0x00000002   Code   RO          148    i.WDT_IRQHandler    interrupts_cw32f003.o
    0x00001eea   0x00001eea   0x00000002   PAD
    0x00001eec   0x00001eec   0x00000020   Code   RO         3525    i.__0printf         mc_p.l(printfa.o)
    0x00001f0c   0x00001f0c   0x00000028   Code   RO         3527    i.__0sprintf        mc_p.l(printfa.o)
    0x00001f34   0x00001f34   0x0000002e   Code   RO         3599    i.__ARM_clz         mf_p.l(depilogue.o)
    0x00001f62   0x00001f62   0x00000002   PAD
    0x00001f64   0x00001f64   0x00000078   Code   RO          311    i.__NVIC_SetPriority  uart_driver.o
    0x00001fdc   0x00001fdc   0x0000000e   Code   RO         3613    i.__scatterload_copy  mc_p.l(handlers.o)
    0x00001fea   0x00001fea   0x00000002   Code   RO         3614    i.__scatterload_null  mc_p.l(handlers.o)
    0x00001fec   0x00001fec   0x0000000e   Code   RO         3615    i.__scatterload_zeroinit  mc_p.l(handlers.o)
    0x00001ffa   0x00001ffa   0x00000002   PAD
    0x00001ffc   0x00001ffc   0x00000174   Code   RO         3532    i._fp_digits        mc_p.l(printfa.o)
    0x00002170   0x00002170   0x000006ec   Code   RO         3533    i._printf_core      mc_p.l(printfa.o)
    0x0000285c   0x0000285c   0x00000020   Code   RO         3534    i._printf_post_padding  mc_p.l(printfa.o)
    0x0000287c   0x0000287c   0x0000002c   Code   RO         3535    i._printf_pre_padding  mc_p.l(printfa.o)
    0x000028a8   0x000028a8   0x0000000a   Code   RO         3537    i._sputc            mc_p.l(printfa.o)
    0x000028b2   0x000028b2   0x00000002   PAD
    0x000028b4   0x000028b4   0x00000044   Code   RO          312    i.fputc             uart_driver.o
    0x000028f8   0x000028f8   0x000000c0   Code   RO           16    i.main              main.o
    0x000029b8   0x000029b8   0x00000818   Data   RO          443    .constdata          oled_driver.o
    0x000031d0   0x000031d0   0x00000040   Data   RO         2356    .constdata          cw32f003_rcc.o
    0x00003210   0x00003210   0x00000020   Data   RO         3611    Region$$Table       anon$$obj.o


    Execution Region RW_IRAM1 (Exec base: 0x20000000, Load base: 0x00003230, Size: 0x000002a0, Max: 0x00000c00, ABSOLUTE)

    Exec Addr    Load Addr    Size         Type   Attr      Idx    E Section Name        Object

    0x20000000   0x00003230   0x00000005   Data   RW          394    .data               pwm_driver.o
    0x20000005   0x00003235   0x00000003   PAD
    0x20000008   0x00003238   0x00000004   Data   RW         3247    .data               system_cw32f003.o
    0x2000000c   0x0000323c   0x00000004   Data   RW         3585    .data               mc_p.l(stdout.o)
    0x20000010        -       0x0000008c   Zero   RW          313    .bss                uart_driver.o
    0x2000009c   0x00003240   0x00000004   PAD
    0x200000a0        -       0x00000200   Zero   RW            1    STACK               startup_cw32f003.o


==============================================================================

Image component sizes


      Code (inc. data)   RO Data    RW Data    ZI Data      Debug   Object Name

       484         56          0          0          0       3060   adc_driver.o
       556         70          0          0          0       5991   cw32f003_adc.o
       292         40          0          0          0       3553   cw32f003_atim.o
        36         12          0          0          0        459   cw32f003_flash.o
       226          0          0          0          0        896   cw32f003_gpio.o
       482         72          0          0          0       6603   cw32f003_i2c.o
       372         68         64          0          0       4571   cw32f003_rcc.o
       454         10          0          0          0       4213   cw32f003_uart.o
       108          4          0          0          0      10186   interrupts_cw32f003.o
       612        284          0          0          0     128871   main.o
       900         26       2072          0          0       7372   oled_driver.o
       408         30          0          5          0      10162   pwm_driver.o
        60         22        192          0        512        608   startup_cw32f003.o
       218         32          0          4          0       2159   system_cw32f003.o
       730         64          0          0        140      13080   uart_driver.o

    ----------------------------------------------------------------------
      5956        790       2360         12        656     201784   Object Totals
         0          0         32          0          0          0   (incl. Generated)
        18          0          0          3          4          0   (incl. Padding)

    ----------------------------------------------------------------------

      Code (inc. data)   RO Data    RW Data    ZI Data      Debug   Library Member Name

         0          0          0          0          0          0   entry.o
         0          0          0          0          0          0   entry10a.o
         0          0          0          0          0          0   entry11a.o
         8          4          0          0          0          0   entry2.o
         4          0          0          0          0          0   entry5.o
         0          0          0          0          0          0   entry7b.o
         0          0          0          0          0          0   entry8b.o
         8          4          0          0          0          0   entry9a.o
        30          0          0          0          0          0   handlers.o
        40          0          0          0          0         72   idiv.o
        36          8          0          0          0         68   init.o
         0          0          0          0          0          0   iusefp.o
        32          0          0          0          0         68   llshl.o
        38          0          0          0          0         68   llsshr.o
        34          0          0          0          0         68   llushr.o
      2302        102          0          0          0        556   printfa.o
         0          0          0          4          0          0   stdout.o
        44          0          0          0          0         72   uidiv.o
        96          0          0          0          0         84   uldiv.o
        40          2          0          0          0         68   cdrcmple.o
       356          4          0          0          0        140   dadd.o
       240          6          0          0          0         84   ddiv.o
       236          0          0          0          0        216   depilogue.o
        60         10          0          0          0         68   dfixui.o
        64         10          0          0          0         68   dfixul.o
       208          6          0          0          0         88   dmul.o
        40          0          0          0          0         60   f2d.o
       178          0          0          0          0        108   fadd.o
       124          0          0          0          0         72   fdiv.o
       130          0          0          0          0        144   fepilogue.o
        40          0          0          0          0         60   ffixui.o
        14          0          0          0          0         68   ffltui.o
       122          0          0          0          0         72   fmul.o

    ----------------------------------------------------------------------
      4532        156          0          4          0       2372   Library Totals
         8          0          0          0          0          0   (incl. Padding)

    ----------------------------------------------------------------------

      Code (inc. data)   RO Data    RW Data    ZI Data      Debug   Library Name

      2672        118          0          4          0       1056   mc_p.l
      1852         38          0          0          0       1316   mf_p.l

    ----------------------------------------------------------------------
      4532        156          0          4          0       2372   Library Totals

    ----------------------------------------------------------------------

==============================================================================


      Code (inc. data)   RO Data    RW Data    ZI Data      Debug   

     10488        946       2360         16        656     198580   Grand Totals
     10488        946       2360         16        656     198580   ELF Image Totals
     10488        946       2360         16          0          0   ROM Totals

==============================================================================

    Total RO  Size (Code + RO Data)                12848 (  12.55kB)
    Total RW  Size (RW Data + ZI Data)               672 (   0.66kB)
    Total ROM Size (Code + RO Data + RW Data)      12864 (  12.56kB)

==============================================================================

