<html>
<body>
<pre>
<h1>µVision Build Log</h1>
<h2>Tool Versions:</h2>
IDE-Version: µVision V5.24.2.0
Copyright (C) 2017 ARM Ltd and ARM Germany GmbH. All rights reserved.
License Information: 1 Administrator, 1, LIC=8VRJ7-EFAQ6-VEQHA-1DTPR-V5YI2-JQTL8
 
Tool Versions:
Toolchain:       MDK-ARM Plus  Version: 5.24.1
Toolchain Path:  C:\Keil_v5\ARM\ARMCC\Bin
C Compiler:      Armcc.exe V5.06 update 5 (build 528)
Assembler:       Armasm.exe V5.06 update 5 (build 528)
Linker/Locator:  ArmLink.exe V5.06 update 5 (build 528)
Library Manager: ArmAr.exe V5.06 update 5 (build 528)
Hex Converter:   FromElf.exe V5.06 update 5 (build 528)
CPU DLL:         SARMCM3.DLL V5.24.1
Dialog DLL:      DARMCM1.DLL V1.18.0.0
Target DLL:      STLink\ST-LINKIII-KEIL_SWO.dll V3.0.1.0
Dialog DLL:      TARMCM1.DLL V1.13.0.0
 
<h2>Project:</h2>
D:\keil\charge\CHARGER\MDK\Project.uvprojx
Project File Date:  04/25/2025

<h2>Output:</h2>
*** Using Compiler 'V5.06 update 5 (build 528)', folder: 'C:\Keil_v5\ARM\ARMCC\Bin'
Rebuild target 'Template'
assembling startup_cw32f003.s...
compiling contactor_control.c...
compiling pp_signal.c...
compiling charging_sm.c...
compiling uart_driver.c...
compiling ac_measurement.c...
compiling interrupts_cw32f003.c...
compiling adc_driver.c...
compiling pwm_driver.c...
compiling cp_signal.c...
compiling main.c...
compiling ui_display.c...
compiling error_handler.c...
..\USER\src\error_handler.c(38): warning:  #111-D: statement is unreachable
              break; // Technically unreachable
..\USER\src\error_handler.c: 1 warning, 0 errors
compiling hlw_uart_driver.c...
compiling cw32f003_atim.c...
compiling cw32f003_awt.c...
compiling cw32f003_crc.c...
compiling cw32f003_btim.c...
compiling cw32f003_adc.c...
compiling cw32f003_digitalsign.c...
compiling cw32f003_flash.c...
compiling cw32f003_debug.c...
compiling spi_oled_driver.c...
compiling cw32f003_gpio.c...
compiling cw32f003_pwr.c...
compiling cw32f003_i2c.c...
compiling cw32f003_iwdt.c...
compiling cw32f003_gtim.c...
compiling cw32f003_ram.c...
compiling cw32f003_systick.c...
compiling cw32f003_spi.c...
compiling cw32f003_uart.c...
compiling cw32f003_lvd.c...
compiling cw32f003_rcc.c...
compiling system_cw32f003.c...
compiling cw32f003_vc.c...
compiling cw32f003_wwdt.c...
linking...
Program Size: Code=14376 RO-data=2484 RW-data=64 ZI-data=752  
FromELF: creating hex file...
".\output\exe\Template.axf" - 0 Error(s), 1 Warning(s).

<h2>Software Packages used:</h2>

Package Vendor: ARM
                http://www.keil.com/pack/ARM.CMSIS.5.0.1.pack
                ARM.CMSIS.5.0.1
                CMSIS (Cortex Microcontroller Software Interface Standard)
   * Component: CORE Version: 5.0.1

Package Vendor: PS
                http://semi.icbase.com/support/download/1/PS.CW32F003_DFP.1.0.0.pack
                PS.CW32F003_DFP.1.0.0
                CW32 ARM Cortex-M0+ Device Family Pack

<h2>Collection of Component include folders:</h2>
  .\RTE\_Template
  C:\Keil_v5\ARM\PACK\ARM\CMSIS\5.0.1\CMSIS\Include
  C:\Keil_v5\ARM\PACK\PS\CW32F003_DFP\1.0.0\Device\Include

<h2>Collection of Component Files used:</h2>

   * Component: ARM::CMSIS:CORE:5.0.1
Build Time Elapsed:  00:00:03
</pre>
</body>
</html>
